=== BUDGET-LIMITED RUN: time_limit=1800s ===
start=1786061105
loaded 188 templates
prepared 200000 operation sequences
split into 10000 chunks of up to 20 items each
progress: 20/200000 (0.0%)  ok=20 fail=0  elapsed=18s  eta=183531s
progress: 40/200000 (0.0%)  ok=40 fail=0  elapsed=34s  eta=168070s
progress: 60/200000 (0.0%)  ok=60 fail=0  elapsed=50s  eta=166112s
progress: 80/200000 (0.0%)  ok=80 fail=0  elapsed=66s  eta=166003s
progress: 100/200000 (0.1%)  ok=100 fail=0  elapsed=84s  eta=167214s
progress: 120/200000 (0.1%)  ok=120 fail=0  elapsed=100s  eta=166645s
progress: 140/200000 (0.1%)  ok=140 fail=0  elapsed=116s  eta=165346s
progress: 160/200000 (0.1%)  ok=160 fail=0  elapsed=131s  eta=164132s
progress: 180/200000 (0.1%)  ok=180 fail=0  elapsed=147s  eta=163473s
progress: 200/200000 (0.1%)  ok=200 fail=0  elapsed=163s  eta=162611s
progress: 220/200000 (0.1%)  ok=220 fail=0  elapsed=179s  eta=162449s
progress: 240/200000 (0.1%)  ok=240 fail=0  elapsed=195s  eta=162386s
progress: 260/200000 (0.1%)  ok=260 fail=0  elapsed=211s  eta=162432s
progress: 280/200000 (0.1%)  ok=280 fail=0  elapsed=228s  eta=162401s
progress: 300/200000 (0.1%)  ok=300 fail=0  elapsed=243s  eta=161827s
progress: 320/200000 (0.2%)  ok=320 fail=0  elapsed=259s  eta=161619s
progress: 340/200000 (0.2%)  ok=340 fail=0  elapsed=275s  eta=161434s
progress: 360/200000 (0.2%)  ok=360 fail=0  elapsed=291s  eta=161126s
progress: 380/200000 (0.2%)  ok=380 fail=0  elapsed=306s  eta=160777s
progress: 400/200000 (0.2%)  ok=400 fail=0  elapsed=321s  eta=160373s
progress: 420/200000 (0.2%)  ok=420 fail=0  elapsed=337s  eta=160332s
progress: 440/200000 (0.2%)  ok=440 fail=0  elapsed=354s  eta=160343s
progress: 460/200000 (0.2%)  ok=460 fail=0  elapsed=369s  eta=160237s
progress: 480/200000 (0.2%)  ok=480 fail=0  elapsed=385s  eta=160099s
progress: 500/200000 (0.2%)  ok=500 fail=0  elapsed=400s  eta=159706s
progress: 520/200000 (0.3%)  ok=520 fail=0  elapsed=416s  eta=159758s
progress: 540/200000 (0.3%)  ok=540 fail=0  elapsed=431s  eta=159351s
progress: 560/200000 (0.3%)  ok=560 fail=0  elapsed=448s  eta=159458s
progress: 580/200000 (0.3%)  ok=580 fail=0  elapsed=463s  eta=159182s
progress: 600/200000 (0.3%)  ok=600 fail=0  elapsed=479s  eta=159299s
progress: 620/200000 (0.3%)  ok=620 fail=0  elapsed=496s  eta=159424s
progress: 640/200000 (0.3%)  ok=640 fail=0  elapsed=511s  eta=159153s
progress: 660/200000 (0.3%)  ok=660 fail=0  elapsed=527s  eta=159058s
progress: 680/200000 (0.3%)  ok=680 fail=0  elapsed=543s  eta=159122s
progress: 700/200000 (0.4%)  ok=700 fail=0  elapsed=558s  eta=158976s
progress: 720/200000 (0.4%)  ok=720 fail=0  elapsed=573s  eta=158672s
progress: 740/200000 (0.4%)  ok=740 fail=0  elapsed=589s  eta=158502s
progress: 760/200000 (0.4%)  ok=760 fail=0  elapsed=604s  eta=158423s
progress: 780/200000 (0.4%)  ok=780 fail=0  elapsed=621s  eta=158595s
progress: 800/200000 (0.4%)  ok=800 fail=0  elapsed=637s  eta=158695s
progress: 820/200000 (0.4%)  ok=820 fail=0  elapsed=653s  eta=158629s
progress: 840/200000 (0.4%)  ok=840 fail=0  elapsed=670s  eta=158826s
progress: 860/200000 (0.4%)  ok=860 fail=0  elapsed=686s  eta=158872s
progress: 880/200000 (0.4%)  ok=880 fail=0  elapsed=702s  eta=158777s
progress: 900/200000 (0.4%)  ok=900 fail=0  elapsed=717s  eta=158664s
progress: 920/200000 (0.5%)  ok=920 fail=0  elapsed=732s  eta=158466s
progress: 940/200000 (0.5%)  ok=940 fail=0  elapsed=748s  eta=158425s
progress: 960/200000 (0.5%)  ok=960 fail=0  elapsed=764s  eta=158455s
progress: 980/200000 (0.5%)  ok=980 fail=0  elapsed=780s  eta=158485s
progress: 1000/200000 (0.5%)  ok=1000 fail=0  elapsed=797s  eta=158507s
progress: 1020/200000 (0.5%)  ok=1020 fail=0  elapsed=814s  eta=158770s
progress: 1040/200000 (0.5%)  ok=1040 fail=0  elapsed=829s  eta=158663s
progress: 1060/200000 (0.5%)  ok=1060 fail=0  elapsed=845s  eta=158525s
progress: 1080/200000 (0.5%)  ok=1080 fail=0  elapsed=861s  eta=158542s
progress: 1100/200000 (0.5%)  ok=1100 fail=0  elapsed=877s  eta=158621s
progress: 1120/200000 (0.6%)  ok=1120 fail=0  elapsed=893s  eta=158624s
progress: 1140/200000 (0.6%)  ok=1140 fail=0  elapsed=909s  eta=158539s
progress: 1160/200000 (0.6%)  ok=1160 fail=0  elapsed=924s  eta=158402s
progress: 1180/200000 (0.6%)  ok=1180 fail=0  elapsed=939s  eta=158192s
progress: 1200/200000 (0.6%)  ok=1200 fail=0  elapsed=955s  eta=158246s
progress: 1220/200000 (0.6%)  ok=1220 fail=0  elapsed=971s  eta=158243s
progress: 1240/200000 (0.6%)  ok=1240 fail=0  elapsed=988s  eta=158351s
progress: 1260/200000 (0.6%)  ok=1260 fail=0  elapsed=1005s  eta=158444s
progress: 1280/200000 (0.6%)  ok=1280 fail=0  elapsed=1020s  eta=158340s
progress: 1300/200000 (0.7%)  ok=1300 fail=0  elapsed=1037s  eta=158480s
progress: 1320/200000 (0.7%)  ok=1320 fail=0  elapsed=1052s  eta=158323s
progress: 1340/200000 (0.7%)  ok=1340 fail=0  elapsed=1068s  eta=158342s
progress: 1360/200000 (0.7%)  ok=1360 fail=0  elapsed=1084s  eta=158335s
progress: 1380/200000 (0.7%)  ok=1380 fail=0  elapsed=1100s  eta=158360s
progress: 1400/200000 (0.7%)  ok=1400 fail=0  elapsed=1116s  eta=158346s
progress: 1420/200000 (0.7%)  ok=1420 fail=0  elapsed=1131s  eta=158219s
progress: 1440/200000 (0.7%)  ok=1440 fail=0  elapsed=1147s  eta=158221s
progress: 1460/200000 (0.7%)  ok=1460 fail=0  elapsed=1163s  eta=158133s
progress: 1480/200000 (0.7%)  ok=1480 fail=0  elapsed=1179s  eta=158097s
progress: 1500/200000 (0.8%)  ok=1500 fail=0  elapsed=1194s  eta=158037s
progress: 1520/200000 (0.8%)  ok=1520 fail=0  elapsed=1210s  eta=158060s
progress: 1540/200000 (0.8%)  ok=1540 fail=0  elapsed=1226s  eta=157987s
progress: 1560/200000 (0.8%)  ok=1560 fail=0  elapsed=1241s  eta=157854s
progress: 1580/200000 (0.8%)  ok=1580 fail=0  elapsed=1257s  eta=157906s
progress: 1600/200000 (0.8%)  ok=1600 fail=0  elapsed=1273s  eta=157840s
progress: 1620/200000 (0.8%)  ok=1620 fail=0  elapsed=1289s  eta=157829s
progress: 1640/200000 (0.8%)  ok=1640 fail=0  elapsed=1305s  eta=157796s
progress: 1660/200000 (0.8%)  ok=1660 fail=0  elapsed=1321s  eta=157877s
progress: 1680/200000 (0.8%)  ok=1680 fail=0  elapsed=1337s  eta=157782s
progress: 1700/200000 (0.9%)  ok=1700 fail=0  elapsed=1353s  eta=157781s
progress: 1720/200000 (0.9%)  ok=1720 fail=0  elapsed=1370s  eta=157881s
progress: 1740/200000 (0.9%)  ok=1740 fail=0  elapsed=1385s  eta=157851s
progress: 1760/200000 (0.9%)  ok=1760 fail=0  elapsed=1402s  eta=157925s
progress: 1780/200000 (0.9%)  ok=1780 fail=0  elapsed=1418s  eta=157908s
progress: 1800/200000 (0.9%)  ok=1800 fail=0  elapsed=1435s  eta=157991s
progress: 1820/200000 (0.9%)  ok=1820 fail=0  elapsed=1451s  eta=157989s
progress: 1840/200000 (0.9%)  ok=1840 fail=0  elapsed=1467s  eta=157970s
progress: 1860/200000 (0.9%)  ok=1860 fail=0  elapsed=1482s  eta=157906s
progress: 1880/200000 (0.9%)  ok=1880 fail=0  elapsed=1498s  eta=157832s
progress: 1900/200000 (0.9%)  ok=1900 fail=0  elapsed=1514s  eta=157822s
progress: 1920/200000 (1.0%)  ok=1920 fail=0  elapsed=1529s  eta=157792s
progress: 1940/200000 (1.0%)  ok=1940 fail=0  elapsed=1544s  eta=157659s
progress: 1960/200000 (1.0%)  ok=1960 fail=0  elapsed=1559s  eta=157521s
progress: 1980/200000 (1.0%)  ok=1980 fail=0  elapsed=1574s  eta=157429s
progress: 2000/200000 (1.0%)  ok=2000 fail=0  elapsed=1590s  eta=157457s
progress: 2020/200000 (1.0%)  ok=2020 fail=0  elapsed=1607s  eta=157502s
progress: 2040/200000 (1.0%)  ok=2040 fail=0  elapsed=1623s  eta=157483s
progress: 2060/200000 (1.0%)  ok=2060 fail=0  elapsed=1638s  eta=157435s
progress: 2080/200000 (1.0%)  ok=2080 fail=0  elapsed=1654s  eta=157429s
progress: 2100/200000 (1.1%)  ok=2100 fail=0  elapsed=1672s  eta=157535s
progress: 2120/200000 (1.1%)  ok=2120 fail=0  elapsed=1687s  eta=157428s
progress: 2140/200000 (1.1%)  ok=2140 fail=0  elapsed=1702s  eta=157361s
=== TIME LIMIT REACHED OR RUN COMPLETED ===
end=1786062905
completed_count=2147
