=== FIXED-COUNT RUN: 3000 samples, render_timeout=5400s ===
start=1786458313
loaded 188 templates
prepared 3000 operation sequences
split into 150 chunks of up to 20 items each
progress: 20/3000 (0.7%)  ok=20 fail=0  elapsed=16s  eta=2370s
progress: 40/3000 (1.3%)  ok=40 fail=0  elapsed=29s  eta=2176s
progress: 60/3000 (2.0%)  ok=60 fail=0  elapsed=43s  eta=2097s
progress: 80/3000 (2.7%)  ok=80 fail=0  elapsed=56s  eta=2061s
progress: 100/3000 (3.3%)  ok=100 fail=0  elapsed=71s  eta=2045s
progress: 120/3000 (4.0%)  ok=120 fail=0  elapsed=84s  eta=2014s
progress: 140/3000 (4.7%)  ok=140 fail=0  elapsed=98s  eta=1998s
progress: 160/3000 (5.3%)  ok=160 fail=0  elapsed=112s  eta=1989s
progress: 180/3000 (6.0%)  ok=180 fail=0  elapsed=125s  eta=1962s
progress: 200/3000 (6.7%)  ok=200 fail=0  elapsed=139s  eta=1952s
progress: 220/3000 (7.3%)  ok=220 fail=0  elapsed=153s  eta=1935s
progress: 240/3000 (8.0%)  ok=240 fail=0  elapsed=167s  eta=1925s
progress: 260/3000 (8.7%)  ok=260 fail=0  elapsed=181s  eta=1913s
progress: 280/3000 (9.3%)  ok=280 fail=0  elapsed=195s  eta=1898s
progress: 300/3000 (10.0%)  ok=300 fail=0  elapsed=209s  eta=1880s
progress: 320/3000 (10.7%)  ok=320 fail=0  elapsed=222s  eta=1860s
progress: 340/3000 (11.3%)  ok=340 fail=0  elapsed=236s  eta=1845s
progress: 360/3000 (12.0%)  ok=360 fail=0  elapsed=250s  eta=1833s
progress: 380/3000 (12.7%)  ok=380 fail=0  elapsed=264s  eta=1818s
progress: 400/3000 (13.3%)  ok=400 fail=0  elapsed=278s  eta=1804s
progress: 420/3000 (14.0%)  ok=420 fail=0  elapsed=291s  eta=1785s
progress: 440/3000 (14.7%)  ok=440 fail=0  elapsed=304s  eta=1766s
progress: 460/3000 (15.3%)  ok=460 fail=0  elapsed=318s  eta=1757s
progress: 480/3000 (16.0%)  ok=480 fail=0  elapsed=332s  eta=1742s
progress: 500/3000 (16.7%)  ok=500 fail=0  elapsed=345s  eta=1726s
progress: 520/3000 (17.3%)  ok=520 fail=0  elapsed=360s  eta=1716s
progress: 540/3000 (18.0%)  ok=540 fail=0  elapsed=374s  eta=1703s
progress: 560/3000 (18.7%)  ok=560 fail=0  elapsed=388s  eta=1690s
progress: 580/3000 (19.3%)  ok=580 fail=0  elapsed=403s  eta=1680s
progress: 600/3000 (20.0%)  ok=600 fail=0  elapsed=416s  eta=1663s
progress: 620/3000 (20.7%)  ok=620 fail=0  elapsed=430s  eta=1650s
progress: 640/3000 (21.3%)  ok=640 fail=0  elapsed=444s  eta=1636s
progress: 660/3000 (22.0%)  ok=660 fail=0  elapsed=457s  eta=1621s
progress: 680/3000 (22.7%)  ok=680 fail=0  elapsed=471s  eta=1608s
progress: 700/3000 (23.3%)  ok=700 fail=0  elapsed=485s  eta=1593s
progress: 720/3000 (24.0%)  ok=720 fail=0  elapsed=498s  eta=1577s
progress: 740/3000 (24.7%)  ok=740 fail=0  elapsed=512s  eta=1563s
progress: 760/3000 (25.3%)  ok=760 fail=0  elapsed=526s  eta=1550s
progress: 780/3000 (26.0%)  ok=780 fail=0  elapsed=539s  eta=1534s
progress: 800/3000 (26.7%)  ok=800 fail=0  elapsed=552s  eta=1519s
progress: 820/3000 (27.3%)  ok=820 fail=0  elapsed=567s  eta=1507s
progress: 840/3000 (28.0%)  ok=840 fail=0  elapsed=580s  eta=1492s
progress: 860/3000 (28.7%)  ok=860 fail=0  elapsed=595s  eta=1480s
progress: 880/3000 (29.3%)  ok=880 fail=0  elapsed=609s  eta=1467s
progress: 900/3000 (30.0%)  ok=900 fail=0  elapsed=623s  eta=1454s
progress: 920/3000 (30.7%)  ok=920 fail=0  elapsed=637s  eta=1440s
progress: 940/3000 (31.3%)  ok=940 fail=0  elapsed=651s  eta=1426s
progress: 960/3000 (32.0%)  ok=960 fail=0  elapsed=665s  eta=1413s
progress: 980/3000 (32.7%)  ok=980 fail=0  elapsed=679s  eta=1399s
progress: 1000/3000 (33.3%)  ok=1000 fail=0  elapsed=693s  eta=1386s
progress: 1020/3000 (34.0%)  ok=1020 fail=0  elapsed=707s  eta=1372s
progress: 1040/3000 (34.7%)  ok=1040 fail=0  elapsed=720s  eta=1358s
progress: 1060/3000 (35.3%)  ok=1060 fail=0  elapsed=734s  eta=1344s
progress: 1080/3000 (36.0%)  ok=1080 fail=0  elapsed=748s  eta=1330s
progress: 1100/3000 (36.7%)  ok=1100 fail=0  elapsed=762s  eta=1316s
progress: 1120/3000 (37.3%)  ok=1120 fail=0  elapsed=775s  eta=1301s
progress: 1140/3000 (38.0%)  ok=1140 fail=0  elapsed=791s  eta=1290s
progress: 1160/3000 (38.7%)  ok=1160 fail=0  elapsed=803s  eta=1274s
progress: 1180/3000 (39.3%)  ok=1180 fail=0  elapsed=817s  eta=1260s
progress: 1200/3000 (40.0%)  ok=1200 fail=0  elapsed=831s  eta=1247s
progress: 1220/3000 (40.7%)  ok=1220 fail=0  elapsed=846s  eta=1234s
progress: 1240/3000 (41.3%)  ok=1240 fail=0  elapsed=860s  eta=1220s
progress: 1260/3000 (42.0%)  ok=1260 fail=0  elapsed=874s  eta=1206s
progress: 1280/3000 (42.7%)  ok=1280 fail=0  elapsed=888s  eta=1193s
progress: 1300/3000 (43.3%)  ok=1300 fail=0  elapsed=902s  eta=1179s
progress: 1320/3000 (44.0%)  ok=1320 fail=0  elapsed=915s  eta=1165s
progress: 1340/3000 (44.7%)  ok=1340 fail=0  elapsed=929s  eta=1151s
progress: 1360/3000 (45.3%)  ok=1360 fail=0  elapsed=943s  eta=1137s
progress: 1380/3000 (46.0%)  ok=1380 fail=0  elapsed=957s  eta=1123s
progress: 1400/3000 (46.7%)  ok=1400 fail=0  elapsed=970s  eta=1109s
progress: 1420/3000 (47.3%)  ok=1420 fail=0  elapsed=983s  eta=1094s
progress: 1440/3000 (48.0%)  ok=1440 fail=0  elapsed=997s  eta=1080s
progress: 1460/3000 (48.7%)  ok=1460 fail=0  elapsed=1011s  eta=1066s
progress: 1480/3000 (49.3%)  ok=1480 fail=0  elapsed=1024s  eta=1052s
progress: 1500/3000 (50.0%)  ok=1500 fail=0  elapsed=1038s  eta=1038s
progress: 1520/3000 (50.7%)  ok=1520 fail=0  elapsed=1052s  eta=1025s
progress: 1540/3000 (51.3%)  ok=1540 fail=0  elapsed=1066s  eta=1010s
progress: 1560/3000 (52.0%)  ok=1560 fail=0  elapsed=1079s  eta=996s
progress: 1580/3000 (52.7%)  ok=1580 fail=0  elapsed=1093s  eta=982s
progress: 1600/3000 (53.3%)  ok=1600 fail=0  elapsed=1106s  eta=968s
progress: 1620/3000 (54.0%)  ok=1620 fail=0  elapsed=1120s  eta=954s
progress: 1640/3000 (54.7%)  ok=1640 fail=0  elapsed=1134s  eta=940s
progress: 1660/3000 (55.3%)  ok=1660 fail=0  elapsed=1148s  eta=927s
progress: 1680/3000 (56.0%)  ok=1680 fail=0  elapsed=1163s  eta=913s
progress: 1700/3000 (56.7%)  ok=1700 fail=0  elapsed=1176s  eta=900s
progress: 1720/3000 (57.3%)  ok=1720 fail=0  elapsed=1190s  eta=886s
progress: 1740/3000 (58.0%)  ok=1740 fail=0  elapsed=1204s  eta=872s
progress: 1760/3000 (58.7%)  ok=1760 fail=0  elapsed=1218s  eta=858s
progress: 1780/3000 (59.3%)  ok=1780 fail=0  elapsed=1231s  eta=844s
progress: 1800/3000 (60.0%)  ok=1800 fail=0  elapsed=1245s  eta=830s
progress: 1820/3000 (60.7%)  ok=1820 fail=0  elapsed=1259s  eta=816s
progress: 1840/3000 (61.3%)  ok=1840 fail=0  elapsed=1273s  eta=803s
progress: 1860/3000 (62.0%)  ok=1860 fail=0  elapsed=1287s  eta=789s
progress: 1880/3000 (62.7%)  ok=1880 fail=0  elapsed=1300s  eta=774s
progress: 1900/3000 (63.3%)  ok=1900 fail=0  elapsed=1314s  eta=761s
progress: 1920/3000 (64.0%)  ok=1920 fail=0  elapsed=1328s  eta=747s
progress: 1940/3000 (64.7%)  ok=1940 fail=0  elapsed=1341s  eta=733s
progress: 1960/3000 (65.3%)  ok=1960 fail=0  elapsed=1355s  eta=719s
progress: 1980/3000 (66.0%)  ok=1980 fail=0  elapsed=1368s  eta=705s
progress: 2000/3000 (66.7%)  ok=2000 fail=0  elapsed=1382s  eta=691s
progress: 2020/3000 (67.3%)  ok=2020 fail=0  elapsed=1397s  eta=678s
progress: 2040/3000 (68.0%)  ok=2040 fail=0  elapsed=1409s  eta=663s
progress: 2060/3000 (68.7%)  ok=2060 fail=0  elapsed=1423s  eta=649s
progress: 2080/3000 (69.3%)  ok=2080 fail=0  elapsed=1437s  eta=635s
progress: 2100/3000 (70.0%)  ok=2100 fail=0  elapsed=1450s  eta=621s
progress: 2120/3000 (70.7%)  ok=2120 fail=0  elapsed=1464s  eta=608s
progress: 2140/3000 (71.3%)  ok=2140 fail=0  elapsed=1478s  eta=594s
progress: 2160/3000 (72.0%)  ok=2160 fail=0  elapsed=1491s  eta=580s
progress: 2180/3000 (72.7%)  ok=2180 fail=0  elapsed=1505s  eta=566s
progress: 2200/3000 (73.3%)  ok=2200 fail=0  elapsed=1519s  eta=552s
progress: 2220/3000 (74.0%)  ok=2220 fail=0  elapsed=1532s  eta=538s
progress: 2240/3000 (74.7%)  ok=2240 fail=0  elapsed=1546s  eta=525s
progress: 2260/3000 (75.3%)  ok=2260 fail=0  elapsed=1560s  eta=511s
progress: 2280/3000 (76.0%)  ok=2280 fail=0  elapsed=1573s  eta=497s
progress: 2300/3000 (76.7%)  ok=2300 fail=0  elapsed=1587s  eta=483s
progress: 2320/3000 (77.3%)  ok=2320 fail=0  elapsed=1601s  eta=469s
progress: 2340/3000 (78.0%)  ok=2340 fail=0  elapsed=1614s  eta=455s
progress: 2360/3000 (78.7%)  ok=2360 fail=0  elapsed=1628s  eta=441s
progress: 2380/3000 (79.3%)  ok=2380 fail=0  elapsed=1641s  eta=427s
progress: 2400/3000 (80.0%)  ok=2400 fail=0  elapsed=1654s  eta=414s
progress: 2420/3000 (80.7%)  ok=2420 fail=0  elapsed=1668s  eta=400s
progress: 2440/3000 (81.3%)  ok=2440 fail=0  elapsed=1682s  eta=386s
progress: 2460/3000 (82.0%)  ok=2460 fail=0  elapsed=1695s  eta=372s
progress: 2480/3000 (82.7%)  ok=2480 fail=0  elapsed=1708s  eta=358s
progress: 2500/3000 (83.3%)  ok=2500 fail=0  elapsed=1721s  eta=344s
progress: 2520/3000 (84.0%)  ok=2520 fail=0  elapsed=1735s  eta=330s
progress: 2540/3000 (84.7%)  ok=2540 fail=0  elapsed=1748s  eta=317s
progress: 2560/3000 (85.3%)  ok=2560 fail=0  elapsed=1762s  eta=303s
progress: 2580/3000 (86.0%)  ok=2580 fail=0  elapsed=1775s  eta=289s
progress: 2600/3000 (86.7%)  ok=2600 fail=0  elapsed=1789s  eta=275s
progress: 2620/3000 (87.3%)  ok=2620 fail=0  elapsed=1802s  eta=261s
progress: 2640/3000 (88.0%)  ok=2640 fail=0  elapsed=1815s  eta=248s
progress: 2660/3000 (88.7%)  ok=2660 fail=0  elapsed=1830s  eta=234s
progress: 2680/3000 (89.3%)  ok=2680 fail=0  elapsed=1844s  eta=220s
progress: 2700/3000 (90.0%)  ok=2700 fail=0  elapsed=1858s  eta=206s
progress: 2720/3000 (90.7%)  ok=2720 fail=0  elapsed=1871s  eta=193s
progress: 2740/3000 (91.3%)  ok=2740 fail=0  elapsed=1884s  eta=179s
progress: 2760/3000 (92.0%)  ok=2760 fail=0  elapsed=1898s  eta=165s
progress: 2780/3000 (92.7%)  ok=2780 fail=0  elapsed=1911s  eta=151s
progress: 2800/3000 (93.3%)  ok=2800 fail=0  elapsed=1924s  eta=137s
progress: 2820/3000 (94.0%)  ok=2820 fail=0  elapsed=1938s  eta=124s
progress: 2840/3000 (94.7%)  ok=2840 fail=0  elapsed=1952s  eta=110s
progress: 2860/3000 (95.3%)  ok=2860 fail=0  elapsed=1965s  eta=96s
progress: 2880/3000 (96.0%)  ok=2880 fail=0  elapsed=1979s  eta=82s
progress: 2900/3000 (96.7%)  ok=2900 fail=0  elapsed=1992s  eta=69s
progress: 2920/3000 (97.3%)  ok=2920 fail=0  elapsed=2005s  eta=55s
progress: 2940/3000 (98.0%)  ok=2940 fail=0  elapsed=2019s  eta=41s
progress: 2960/3000 (98.7%)  ok=2960 fail=0  elapsed=2033s  eta=27s
progress: 2980/3000 (99.3%)  ok=2980 fail=0  elapsed=2047s  eta=14s
progress: 3000/3000 (100.0%)  ok=3000 fail=0  elapsed=2060s  eta=0s
DONE. ok=3000 fail=0 total=3000
=== TIME LIMIT REACHED OR RUN COMPLETED ===
end=1786460374
stagger_delay=59s
completed_count=3000
