=== FIXED-COUNT RUN: 3000 samples, render_timeout=5400s ===
start=1786455670
loaded 188 templates
prepared 3000 operation sequences
split into 150 chunks of up to 20 items each
progress: 20/3000 (0.7%)  ok=20 fail=0  elapsed=14s  eta=2124s
progress: 40/3000 (1.3%)  ok=40 fail=0  elapsed=27s  eta=1971s
progress: 60/3000 (2.0%)  ok=60 fail=0  elapsed=39s  eta=1923s
progress: 80/3000 (2.7%)  ok=80 fail=0  elapsed=52s  eta=1884s
progress: 100/3000 (3.3%)  ok=100 fail=0  elapsed=64s  eta=1866s
progress: 120/3000 (4.0%)  ok=120 fail=0  elapsed=77s  eta=1839s
progress: 140/3000 (4.7%)  ok=140 fail=0  elapsed=89s  eta=1816s
progress: 160/3000 (5.3%)  ok=160 fail=0  elapsed=101s  eta=1794s
progress: 180/3000 (6.0%)  ok=180 fail=0  elapsed=114s  eta=1779s
progress: 200/3000 (6.7%)  ok=200 fail=0  elapsed=126s  eta=1768s
progress: 220/3000 (7.3%)  ok=220 fail=0  elapsed=139s  eta=1758s
progress: 240/3000 (8.0%)  ok=240 fail=0  elapsed=152s  eta=1743s
progress: 260/3000 (8.7%)  ok=260 fail=0  elapsed=164s  eta=1727s
progress: 280/3000 (9.3%)  ok=280 fail=0  elapsed=177s  eta=1719s
progress: 300/3000 (10.0%)  ok=300 fail=0  elapsed=189s  eta=1705s
progress: 320/3000 (10.7%)  ok=320 fail=0  elapsed=202s  eta=1692s
progress: 340/3000 (11.3%)  ok=340 fail=0  elapsed=214s  eta=1678s
progress: 360/3000 (12.0%)  ok=360 fail=0  elapsed=227s  eta=1665s
progress: 380/3000 (12.7%)  ok=380 fail=0  elapsed=240s  eta=1656s
progress: 400/3000 (13.3%)  ok=400 fail=0  elapsed=252s  eta=1640s
progress: 420/3000 (14.0%)  ok=420 fail=0  elapsed=265s  eta=1628s
progress: 440/3000 (14.7%)  ok=440 fail=0  elapsed=277s  eta=1613s
progress: 460/3000 (15.3%)  ok=460 fail=0  elapsed=289s  eta=1598s
progress: 480/3000 (16.0%)  ok=480 fail=0  elapsed=302s  eta=1584s
progress: 500/3000 (16.7%)  ok=500 fail=0  elapsed=314s  eta=1572s
progress: 520/3000 (17.3%)  ok=520 fail=0  elapsed=327s  eta=1557s
progress: 540/3000 (18.0%)  ok=540 fail=0  elapsed=338s  eta=1542s
progress: 560/3000 (18.7%)  ok=560 fail=0  elapsed=351s  eta=1527s
progress: 580/3000 (19.3%)  ok=580 fail=0  elapsed=363s  eta=1513s
progress: 600/3000 (20.0%)  ok=600 fail=0  elapsed=375s  eta=1499s
progress: 620/3000 (20.7%)  ok=620 fail=0  elapsed=387s  eta=1484s
progress: 640/3000 (21.3%)  ok=640 fail=0  elapsed=400s  eta=1474s
progress: 660/3000 (22.0%)  ok=660 fail=0  elapsed=412s  eta=1462s
progress: 680/3000 (22.7%)  ok=680 fail=0  elapsed=424s  eta=1448s
progress: 700/3000 (23.3%)  ok=700 fail=0  elapsed=437s  eta=1435s
progress: 720/3000 (24.0%)  ok=720 fail=0  elapsed=449s  eta=1422s
progress: 740/3000 (24.7%)  ok=740 fail=0  elapsed=461s  eta=1409s
progress: 760/3000 (25.3%)  ok=760 fail=0  elapsed=474s  eta=1397s
progress: 780/3000 (26.0%)  ok=780 fail=0  elapsed=486s  eta=1384s
progress: 800/3000 (26.7%)  ok=800 fail=0  elapsed=499s  eta=1371s
progress: 820/3000 (27.3%)  ok=820 fail=0  elapsed=511s  eta=1359s
progress: 840/3000 (28.0%)  ok=840 fail=0  elapsed=523s  eta=1346s
progress: 860/3000 (28.7%)  ok=860 fail=0  elapsed=535s  eta=1332s
progress: 880/3000 (29.3%)  ok=880 fail=0  elapsed=547s  eta=1319s
progress: 900/3000 (30.0%)  ok=900 fail=0  elapsed=560s  eta=1307s
progress: 920/3000 (30.7%)  ok=920 fail=0  elapsed=573s  eta=1295s
progress: 940/3000 (31.3%)  ok=940 fail=0  elapsed=585s  eta=1282s
progress: 960/3000 (32.0%)  ok=960 fail=0  elapsed=598s  eta=1270s
progress: 980/3000 (32.7%)  ok=980 fail=0  elapsed=611s  eta=1259s
progress: 1000/3000 (33.3%)  ok=1000 fail=0  elapsed=623s  eta=1246s
progress: 1020/3000 (34.0%)  ok=1020 fail=0  elapsed=636s  eta=1234s
progress: 1040/3000 (34.7%)  ok=1040 fail=0  elapsed=648s  eta=1222s
progress: 1060/3000 (35.3%)  ok=1060 fail=0  elapsed=661s  eta=1210s
progress: 1080/3000 (36.0%)  ok=1080 fail=0  elapsed=673s  eta=1197s
progress: 1100/3000 (36.7%)  ok=1100 fail=0  elapsed=686s  eta=1185s
progress: 1120/3000 (37.3%)  ok=1120 fail=0  elapsed=698s  eta=1172s
progress: 1140/3000 (38.0%)  ok=1140 fail=0  elapsed=711s  eta=1161s
progress: 1160/3000 (38.7%)  ok=1160 fail=0  elapsed=724s  eta=1148s
progress: 1180/3000 (39.3%)  ok=1180 fail=0  elapsed=737s  eta=1136s
progress: 1200/3000 (40.0%)  ok=1200 fail=0  elapsed=749s  eta=1123s
progress: 1220/3000 (40.7%)  ok=1220 fail=0  elapsed=761s  eta=1110s
progress: 1240/3000 (41.3%)  ok=1240 fail=0  elapsed=773s  eta=1097s
progress: 1260/3000 (42.0%)  ok=1260 fail=0  elapsed=785s  eta=1084s
progress: 1280/3000 (42.7%)  ok=1280 fail=0  elapsed=798s  eta=1072s
progress: 1300/3000 (43.3%)  ok=1300 fail=0  elapsed=810s  eta=1060s
progress: 1320/3000 (44.0%)  ok=1320 fail=0  elapsed=823s  eta=1047s
progress: 1340/3000 (44.7%)  ok=1340 fail=0  elapsed=835s  eta=1035s
progress: 1360/3000 (45.3%)  ok=1360 fail=0  elapsed=848s  eta=1022s
progress: 1380/3000 (46.0%)  ok=1380 fail=0  elapsed=860s  eta=1010s
progress: 1400/3000 (46.7%)  ok=1400 fail=0  elapsed=872s  eta=997s
progress: 1420/3000 (47.3%)  ok=1420 fail=0  elapsed=885s  eta=985s
progress: 1440/3000 (48.0%)  ok=1440 fail=0  elapsed=897s  eta=972s
progress: 1460/3000 (48.7%)  ok=1460 fail=0  elapsed=910s  eta=960s
progress: 1480/3000 (49.3%)  ok=1480 fail=0  elapsed=923s  eta=948s
progress: 1500/3000 (50.0%)  ok=1500 fail=0  elapsed=935s  eta=935s
progress: 1520/3000 (50.7%)  ok=1520 fail=0  elapsed=947s  eta=922s
progress: 1540/3000 (51.3%)  ok=1540 fail=0  elapsed=960s  eta=910s
progress: 1560/3000 (52.0%)  ok=1560 fail=0  elapsed=972s  eta=897s
progress: 1580/3000 (52.7%)  ok=1580 fail=0  elapsed=984s  eta=885s
progress: 1600/3000 (53.3%)  ok=1600 fail=0  elapsed=997s  eta=872s
progress: 1620/3000 (54.0%)  ok=1620 fail=0  elapsed=1009s  eta=860s
progress: 1640/3000 (54.7%)  ok=1640 fail=0  elapsed=1022s  eta=847s
progress: 1660/3000 (55.3%)  ok=1660 fail=0  elapsed=1034s  eta=834s
progress: 1680/3000 (56.0%)  ok=1680 fail=0  elapsed=1046s  eta=822s
progress: 1700/3000 (56.7%)  ok=1700 fail=0  elapsed=1058s  eta=809s
progress: 1720/3000 (57.3%)  ok=1720 fail=0  elapsed=1070s  eta=797s
progress: 1740/3000 (58.0%)  ok=1740 fail=0  elapsed=1083s  eta=784s
progress: 1760/3000 (58.7%)  ok=1760 fail=0  elapsed=1096s  eta=772s
progress: 1780/3000 (59.3%)  ok=1780 fail=0  elapsed=1109s  eta=760s
progress: 1800/3000 (60.0%)  ok=1800 fail=0  elapsed=1121s  eta=747s
progress: 1820/3000 (60.7%)  ok=1820 fail=0  elapsed=1134s  eta=735s
progress: 1840/3000 (61.3%)  ok=1840 fail=0  elapsed=1147s  eta=723s
progress: 1860/3000 (62.0%)  ok=1860 fail=0  elapsed=1159s  eta=710s
progress: 1880/3000 (62.7%)  ok=1880 fail=0  elapsed=1171s  eta=698s
progress: 1900/3000 (63.3%)  ok=1900 fail=0  elapsed=1183s  eta=685s
progress: 1920/3000 (64.0%)  ok=1920 fail=0  elapsed=1195s  eta=672s
progress: 1940/3000 (64.7%)  ok=1940 fail=0  elapsed=1208s  eta=660s
progress: 1960/3000 (65.3%)  ok=1960 fail=0  elapsed=1220s  eta=647s
progress: 1980/3000 (66.0%)  ok=1980 fail=0  elapsed=1233s  eta=635s
progress: 2000/3000 (66.7%)  ok=2000 fail=0  elapsed=1245s  eta=622s
progress: 2020/3000 (67.3%)  ok=2020 fail=0  elapsed=1257s  eta=610s
progress: 2040/3000 (68.0%)  ok=2040 fail=0  elapsed=1269s  eta=597s
progress: 2060/3000 (68.7%)  ok=2060 fail=0  elapsed=1282s  eta=585s
progress: 2080/3000 (69.3%)  ok=2080 fail=0  elapsed=1295s  eta=573s
progress: 2100/3000 (70.0%)  ok=2100 fail=0  elapsed=1307s  eta=560s
progress: 2120/3000 (70.7%)  ok=2120 fail=0  elapsed=1320s  eta=548s
progress: 2140/3000 (71.3%)  ok=2140 fail=0  elapsed=1332s  eta=535s
progress: 2160/3000 (72.0%)  ok=2160 fail=0  elapsed=1345s  eta=523s
progress: 2180/3000 (72.7%)  ok=2180 fail=0  elapsed=1357s  eta=510s
progress: 2200/3000 (73.3%)  ok=2200 fail=0  elapsed=1369s  eta=498s
progress: 2220/3000 (74.0%)  ok=2220 fail=0  elapsed=1381s  eta=485s
progress: 2240/3000 (74.7%)  ok=2240 fail=0  elapsed=1394s  eta=473s
progress: 2260/3000 (75.3%)  ok=2260 fail=0  elapsed=1407s  eta=461s
progress: 2280/3000 (76.0%)  ok=2280 fail=0  elapsed=1419s  eta=448s
progress: 2300/3000 (76.7%)  ok=2300 fail=0  elapsed=1432s  eta=436s
progress: 2320/3000 (77.3%)  ok=2320 fail=0  elapsed=1445s  eta=423s
progress: 2340/3000 (78.0%)  ok=2340 fail=0  elapsed=1458s  eta=411s
progress: 2360/3000 (78.7%)  ok=2360 fail=0  elapsed=1470s  eta=399s
progress: 2380/3000 (79.3%)  ok=2380 fail=0  elapsed=1483s  eta=386s
progress: 2400/3000 (80.0%)  ok=2400 fail=0  elapsed=1496s  eta=374s
progress: 2420/3000 (80.7%)  ok=2420 fail=0  elapsed=1508s  eta=361s
progress: 2440/3000 (81.3%)  ok=2440 fail=0  elapsed=1520s  eta=349s
progress: 2460/3000 (82.0%)  ok=2460 fail=0  elapsed=1533s  eta=336s
progress: 2480/3000 (82.7%)  ok=2480 fail=0  elapsed=1545s  eta=324s
progress: 2500/3000 (83.3%)  ok=2500 fail=0  elapsed=1557s  eta=311s
progress: 2520/3000 (84.0%)  ok=2520 fail=0  elapsed=1570s  eta=299s
progress: 2540/3000 (84.7%)  ok=2540 fail=0  elapsed=1583s  eta=287s
progress: 2560/3000 (85.3%)  ok=2560 fail=0  elapsed=1595s  eta=274s
progress: 2580/3000 (86.0%)  ok=2580 fail=0  elapsed=1607s  eta=262s
progress: 2600/3000 (86.7%)  ok=2600 fail=0  elapsed=1620s  eta=249s
progress: 2620/3000 (87.3%)  ok=2620 fail=0  elapsed=1632s  eta=237s
progress: 2640/3000 (88.0%)  ok=2640 fail=0  elapsed=1645s  eta=224s
progress: 2660/3000 (88.7%)  ok=2660 fail=0  elapsed=1657s  eta=212s
progress: 2680/3000 (89.3%)  ok=2680 fail=0  elapsed=1669s  eta=199s
progress: 2700/3000 (90.0%)  ok=2700 fail=0  elapsed=1682s  eta=187s
progress: 2720/3000 (90.7%)  ok=2720 fail=0  elapsed=1693s  eta=174s
progress: 2740/3000 (91.3%)  ok=2740 fail=0  elapsed=1706s  eta=162s
progress: 2760/3000 (92.0%)  ok=2760 fail=0  elapsed=1719s  eta=149s
progress: 2780/3000 (92.7%)  ok=2780 fail=0  elapsed=1731s  eta=137s
progress: 2800/3000 (93.3%)  ok=2800 fail=0  elapsed=1743s  eta=125s
progress: 2820/3000 (94.0%)  ok=2820 fail=0  elapsed=1756s  eta=112s
progress: 2840/3000 (94.7%)  ok=2840 fail=0  elapsed=1768s  eta=100s
progress: 2860/3000 (95.3%)  ok=2860 fail=0  elapsed=1781s  eta=87s
progress: 2880/3000 (96.0%)  ok=2880 fail=0  elapsed=1794s  eta=75s
progress: 2900/3000 (96.7%)  ok=2900 fail=0  elapsed=1807s  eta=62s
progress: 2920/3000 (97.3%)  ok=2920 fail=0  elapsed=1818s  eta=50s
progress: 2940/3000 (98.0%)  ok=2940 fail=0  elapsed=1831s  eta=37s
progress: 2960/3000 (98.7%)  ok=2960 fail=0  elapsed=1843s  eta=25s
progress: 2980/3000 (99.3%)  ok=2980 fail=0  elapsed=1856s  eta=12s
progress: 3000/3000 (100.0%)  ok=3000 fail=0  elapsed=1868s  eta=0s
DONE. ok=3000 fail=0 total=3000
=== TIME LIMIT REACHED OR RUN COMPLETED ===
end=1786457539
stagger_delay=48s
completed_count=3000
