=== FIXED-COUNT RUN: 3000 samples, render_timeout=5400s ===
start=1786437330
loaded 188 templates
prepared 3000 operation sequences
split into 150 chunks of up to 20 items each
progress: 20/3000 (0.7%)  ok=20 fail=0  elapsed=16s  eta=2399s
progress: 40/3000 (1.3%)  ok=40 fail=0  elapsed=30s  eta=2198s
progress: 60/3000 (2.0%)  ok=60 fail=0  elapsed=44s  eta=2159s
progress: 80/3000 (2.7%)  ok=80 fail=0  elapsed=58s  eta=2107s
progress: 100/3000 (3.3%)  ok=100 fail=0  elapsed=71s  eta=2061s
progress: 120/3000 (4.0%)  ok=120 fail=0  elapsed=84s  eta=2021s
progress: 140/3000 (4.7%)  ok=140 fail=0  elapsed=98s  eta=2009s
progress: 160/3000 (5.3%)  ok=160 fail=0  elapsed=112s  eta=1982s
progress: 180/3000 (6.0%)  ok=180 fail=0  elapsed=125s  eta=1962s
progress: 200/3000 (6.7%)  ok=200 fail=0  elapsed=138s  eta=1933s
progress: 220/3000 (7.3%)  ok=220 fail=0  elapsed=151s  eta=1914s
progress: 240/3000 (8.0%)  ok=240 fail=0  elapsed=164s  eta=1884s
progress: 260/3000 (8.7%)  ok=260 fail=0  elapsed=178s  eta=1874s
progress: 280/3000 (9.3%)  ok=280 fail=0  elapsed=192s  eta=1862s
progress: 300/3000 (10.0%)  ok=300 fail=0  elapsed=206s  eta=1852s
progress: 320/3000 (10.7%)  ok=320 fail=0  elapsed=219s  eta=1836s
progress: 340/3000 (11.3%)  ok=340 fail=0  elapsed=233s  eta=1824s
progress: 360/3000 (12.0%)  ok=360 fail=0  elapsed=247s  eta=1813s
progress: 380/3000 (12.7%)  ok=380 fail=0  elapsed=260s  eta=1793s
progress: 400/3000 (13.3%)  ok=400 fail=0  elapsed=273s  eta=1776s
progress: 420/3000 (14.0%)  ok=420 fail=0  elapsed=287s  eta=1763s
progress: 440/3000 (14.7%)  ok=440 fail=0  elapsed=301s  eta=1749s
progress: 460/3000 (15.3%)  ok=460 fail=0  elapsed=314s  eta=1736s
progress: 480/3000 (16.0%)  ok=480 fail=0  elapsed=329s  eta=1727s
progress: 500/3000 (16.7%)  ok=500 fail=0  elapsed=342s  eta=1711s
progress: 520/3000 (17.3%)  ok=520 fail=0  elapsed=355s  eta=1694s
progress: 540/3000 (18.0%)  ok=540 fail=0  elapsed=368s  eta=1677s
progress: 560/3000 (18.7%)  ok=560 fail=0  elapsed=381s  eta=1660s
progress: 580/3000 (19.3%)  ok=580 fail=0  elapsed=394s  eta=1643s
progress: 600/3000 (20.0%)  ok=600 fail=0  elapsed=408s  eta=1630s
progress: 620/3000 (20.7%)  ok=620 fail=0  elapsed=420s  eta=1614s
progress: 640/3000 (21.3%)  ok=640 fail=0  elapsed=434s  eta=1599s
progress: 660/3000 (22.0%)  ok=660 fail=0  elapsed=448s  eta=1587s
progress: 680/3000 (22.7%)  ok=680 fail=0  elapsed=461s  eta=1574s
progress: 700/3000 (23.3%)  ok=700 fail=0  elapsed=474s  eta=1559s
progress: 720/3000 (24.0%)  ok=720 fail=0  elapsed=489s  eta=1549s
progress: 740/3000 (24.7%)  ok=740 fail=0  elapsed=503s  eta=1535s
progress: 760/3000 (25.3%)  ok=760 fail=0  elapsed=516s  eta=1520s
progress: 780/3000 (26.0%)  ok=780 fail=0  elapsed=529s  eta=1504s
progress: 800/3000 (26.7%)  ok=800 fail=0  elapsed=542s  eta=1489s
progress: 820/3000 (27.3%)  ok=820 fail=0  elapsed=555s  eta=1476s
progress: 840/3000 (28.0%)  ok=840 fail=0  elapsed=569s  eta=1462s
progress: 860/3000 (28.7%)  ok=860 fail=0  elapsed=583s  eta=1450s
progress: 880/3000 (29.3%)  ok=880 fail=0  elapsed=597s  eta=1438s
progress: 900/3000 (30.0%)  ok=900 fail=0  elapsed=610s  eta=1424s
progress: 920/3000 (30.7%)  ok=920 fail=0  elapsed=624s  eta=1410s
progress: 940/3000 (31.3%)  ok=940 fail=0  elapsed=637s  eta=1396s
progress: 960/3000 (32.0%)  ok=960 fail=0  elapsed=650s  eta=1382s
progress: 980/3000 (32.7%)  ok=980 fail=0  elapsed=664s  eta=1368s
progress: 1000/3000 (33.3%)  ok=1000 fail=0  elapsed=677s  eta=1353s
progress: 1020/3000 (34.0%)  ok=1020 fail=0  elapsed=690s  eta=1340s
progress: 1040/3000 (34.7%)  ok=1040 fail=0  elapsed=703s  eta=1326s
progress: 1060/3000 (35.3%)  ok=1060 fail=0  elapsed=717s  eta=1313s
progress: 1080/3000 (36.0%)  ok=1080 fail=0  elapsed=731s  eta=1300s
progress: 1100/3000 (36.7%)  ok=1100 fail=0  elapsed=744s  eta=1286s
progress: 1120/3000 (37.3%)  ok=1120 fail=0  elapsed=758s  eta=1272s
progress: 1140/3000 (38.0%)  ok=1140 fail=0  elapsed=771s  eta=1258s
progress: 1160/3000 (38.7%)  ok=1160 fail=0  elapsed=784s  eta=1244s
progress: 1180/3000 (39.3%)  ok=1180 fail=0  elapsed=798s  eta=1230s
progress: 1200/3000 (40.0%)  ok=1200 fail=0  elapsed=811s  eta=1217s
progress: 1220/3000 (40.7%)  ok=1220 fail=0  elapsed=825s  eta=1204s
progress: 1240/3000 (41.3%)  ok=1240 fail=0  elapsed=839s  eta=1190s
progress: 1260/3000 (42.0%)  ok=1260 fail=0  elapsed=851s  eta=1176s
progress: 1280/3000 (42.7%)  ok=1280 fail=0  elapsed=865s  eta=1162s
progress: 1300/3000 (43.3%)  ok=1300 fail=0  elapsed=878s  eta=1149s
progress: 1320/3000 (44.0%)  ok=1320 fail=0  elapsed=892s  eta=1135s
progress: 1340/3000 (44.7%)  ok=1340 fail=0  elapsed=906s  eta=1123s
progress: 1360/3000 (45.3%)  ok=1360 fail=0  elapsed=920s  eta=1109s
progress: 1380/3000 (46.0%)  ok=1380 fail=0  elapsed=933s  eta=1096s
progress: 1400/3000 (46.7%)  ok=1400 fail=0  elapsed=947s  eta=1082s
progress: 1420/3000 (47.3%)  ok=1420 fail=0  elapsed=960s  eta=1068s
progress: 1440/3000 (48.0%)  ok=1440 fail=0  elapsed=974s  eta=1055s
progress: 1460/3000 (48.7%)  ok=1460 fail=0  elapsed=987s  eta=1041s
progress: 1480/3000 (49.3%)  ok=1480 fail=0  elapsed=1001s  eta=1028s
progress: 1500/3000 (50.0%)  ok=1500 fail=0  elapsed=1015s  eta=1015s
progress: 1520/3000 (50.7%)  ok=1520 fail=0  elapsed=1028s  eta=1001s
progress: 1540/3000 (51.3%)  ok=1540 fail=0  elapsed=1042s  eta=988s
progress: 1560/3000 (52.0%)  ok=1560 fail=0  elapsed=1055s  eta=974s
progress: 1580/3000 (52.7%)  ok=1580 fail=0  elapsed=1070s  eta=962s
progress: 1600/3000 (53.3%)  ok=1600 fail=0  elapsed=1083s  eta=948s
progress: 1620/3000 (54.0%)  ok=1620 fail=0  elapsed=1098s  eta=935s
progress: 1640/3000 (54.7%)  ok=1640 fail=0  elapsed=1110s  eta=921s
progress: 1660/3000 (55.3%)  ok=1660 fail=0  elapsed=1124s  eta=907s
progress: 1680/3000 (56.0%)  ok=1680 fail=0  elapsed=1136s  eta=893s
progress: 1700/3000 (56.7%)  ok=1700 fail=0  elapsed=1150s  eta=880s
progress: 1720/3000 (57.3%)  ok=1720 fail=0  elapsed=1164s  eta=866s
progress: 1740/3000 (58.0%)  ok=1740 fail=0  elapsed=1177s  eta=852s
progress: 1760/3000 (58.7%)  ok=1760 fail=0  elapsed=1191s  eta=839s
progress: 1780/3000 (59.3%)  ok=1780 fail=0  elapsed=1205s  eta=826s
progress: 1800/3000 (60.0%)  ok=1800 fail=0  elapsed=1218s  eta=812s
progress: 1820/3000 (60.7%)  ok=1820 fail=0  elapsed=1232s  eta=799s
progress: 1840/3000 (61.3%)  ok=1840 fail=0  elapsed=1245s  eta=785s
progress: 1860/3000 (62.0%)  ok=1860 fail=0  elapsed=1258s  eta=771s
progress: 1880/3000 (62.7%)  ok=1880 fail=0  elapsed=1272s  eta=758s
progress: 1900/3000 (63.3%)  ok=1900 fail=0  elapsed=1286s  eta=744s
progress: 1920/3000 (64.0%)  ok=1920 fail=0  elapsed=1300s  eta=731s
progress: 1940/3000 (64.7%)  ok=1940 fail=0  elapsed=1312s  eta=717s
progress: 1960/3000 (65.3%)  ok=1960 fail=0  elapsed=1326s  eta=703s
progress: 1980/3000 (66.0%)  ok=1980 fail=0  elapsed=1339s  eta=690s
progress: 2000/3000 (66.7%)  ok=2000 fail=0  elapsed=1353s  eta=676s
progress: 2020/3000 (67.3%)  ok=2020 fail=0  elapsed=1367s  eta=663s
progress: 2040/3000 (68.0%)  ok=2040 fail=0  elapsed=1380s  eta=649s
progress: 2060/3000 (68.7%)  ok=2060 fail=0  elapsed=1393s  eta=636s
progress: 2080/3000 (69.3%)  ok=2080 fail=0  elapsed=1407s  eta=622s
progress: 2100/3000 (70.0%)  ok=2100 fail=0  elapsed=1419s  eta=608s
progress: 2120/3000 (70.7%)  ok=2120 fail=0  elapsed=1433s  eta=595s
progress: 2140/3000 (71.3%)  ok=2140 fail=0  elapsed=1447s  eta=581s
progress: 2160/3000 (72.0%)  ok=2160 fail=0  elapsed=1460s  eta=568s
progress: 2180/3000 (72.7%)  ok=2180 fail=0  elapsed=1474s  eta=554s
progress: 2200/3000 (73.3%)  ok=2200 fail=0  elapsed=1487s  eta=541s
progress: 2220/3000 (74.0%)  ok=2220 fail=0  elapsed=1501s  eta=527s
progress: 2240/3000 (74.7%)  ok=2240 fail=0  elapsed=1514s  eta=514s
progress: 2260/3000 (75.3%)  ok=2260 fail=0  elapsed=1528s  eta=500s
progress: 2280/3000 (76.0%)  ok=2280 fail=0  elapsed=1542s  eta=487s
progress: 2300/3000 (76.7%)  ok=2300 fail=0  elapsed=1555s  eta=473s
progress: 2320/3000 (77.3%)  ok=2320 fail=0  elapsed=1571s  eta=460s
progress: 2340/3000 (78.0%)  ok=2340 fail=0  elapsed=1584s  eta=447s
progress: 2360/3000 (78.7%)  ok=2360 fail=0  elapsed=1599s  eta=434s
progress: 2380/3000 (79.3%)  ok=2380 fail=0  elapsed=1612s  eta=420s
progress: 2400/3000 (80.0%)  ok=2400 fail=0  elapsed=1626s  eta=407s
progress: 2420/3000 (80.7%)  ok=2420 fail=0  elapsed=1639s  eta=393s
progress: 2440/3000 (81.3%)  ok=2440 fail=0  elapsed=1652s  eta=379s
progress: 2460/3000 (82.0%)  ok=2460 fail=0  elapsed=1666s  eta=366s
progress: 2480/3000 (82.7%)  ok=2480 fail=0  elapsed=1679s  eta=352s
progress: 2500/3000 (83.3%)  ok=2500 fail=0  elapsed=1693s  eta=339s
progress: 2520/3000 (84.0%)  ok=2520 fail=0  elapsed=1707s  eta=325s
progress: 2540/3000 (84.7%)  ok=2540 fail=0  elapsed=1721s  eta=312s
progress: 2560/3000 (85.3%)  ok=2560 fail=0  elapsed=1733s  eta=298s
progress: 2580/3000 (86.0%)  ok=2580 fail=0  elapsed=1746s  eta=284s
progress: 2600/3000 (86.7%)  ok=2600 fail=0  elapsed=1759s  eta=271s
progress: 2620/3000 (87.3%)  ok=2620 fail=0  elapsed=1773s  eta=257s
progress: 2640/3000 (88.0%)  ok=2640 fail=0  elapsed=1787s  eta=244s
progress: 2660/3000 (88.7%)  ok=2660 fail=0  elapsed=1801s  eta=230s
progress: 2680/3000 (89.3%)  ok=2680 fail=0  elapsed=1814s  eta=217s
progress: 2700/3000 (90.0%)  ok=2700 fail=0  elapsed=1827s  eta=203s
progress: 2720/3000 (90.7%)  ok=2720 fail=0  elapsed=1841s  eta=190s
progress: 2740/3000 (91.3%)  ok=2740 fail=0  elapsed=1855s  eta=176s
progress: 2760/3000 (92.0%)  ok=2760 fail=0  elapsed=1867s  eta=162s
progress: 2780/3000 (92.7%)  ok=2780 fail=0  elapsed=1880s  eta=149s
progress: 2800/3000 (93.3%)  ok=2800 fail=0  elapsed=1894s  eta=135s
progress: 2820/3000 (94.0%)  ok=2820 fail=0  elapsed=1907s  eta=122s
progress: 2840/3000 (94.7%)  ok=2840 fail=0  elapsed=1920s  eta=108s
progress: 2860/3000 (95.3%)  ok=2860 fail=0  elapsed=1933s  eta=95s
progress: 2880/3000 (96.0%)  ok=2880 fail=0  elapsed=1947s  eta=81s
progress: 2900/3000 (96.7%)  ok=2900 fail=0  elapsed=1960s  eta=68s
progress: 2920/3000 (97.3%)  ok=2920 fail=0  elapsed=1975s  eta=54s
progress: 2940/3000 (98.0%)  ok=2940 fail=0  elapsed=1988s  eta=41s
progress: 2960/3000 (98.7%)  ok=2960 fail=0  elapsed=2002s  eta=27s
progress: 2980/3000 (99.3%)  ok=2980 fail=0  elapsed=2015s  eta=14s
progress: 3000/3000 (100.0%)  ok=3000 fail=0  elapsed=2028s  eta=0s
DONE. ok=3000 fail=0 total=3000
=== TIME LIMIT REACHED OR RUN COMPLETED ===
end=1786439359
stagger_delay=22s
completed_count=3000
