=== FIXED-COUNT RUN: 3000 samples, render_timeout=5400s ===
start=1786432634
loaded 188 templates
prepared 3000 operation sequences
split into 150 chunks of up to 20 items each
progress: 20/3000 (0.7%)  ok=20 fail=0  elapsed=19s  eta=2860s
progress: 40/3000 (1.3%)  ok=40 fail=0  elapsed=36s  eta=2642s
progress: 60/3000 (2.0%)  ok=60 fail=0  elapsed=52s  eta=2547s
progress: 80/3000 (2.7%)  ok=80 fail=0  elapsed=69s  eta=2535s
progress: 100/3000 (3.3%)  ok=100 fail=0  elapsed=87s  eta=2516s
progress: 120/3000 (4.0%)  ok=120 fail=0  elapsed=104s  eta=2488s
progress: 140/3000 (4.7%)  ok=140 fail=0  elapsed=121s  eta=2471s
progress: 160/3000 (5.3%)  ok=160 fail=0  elapsed=139s  eta=2470s
progress: 180/3000 (6.0%)  ok=180 fail=0  elapsed=156s  eta=2441s
progress: 200/3000 (6.7%)  ok=200 fail=0  elapsed=172s  eta=2415s
progress: 220/3000 (7.3%)  ok=220 fail=0  elapsed=190s  eta=2395s
progress: 240/3000 (8.0%)  ok=240 fail=0  elapsed=207s  eta=2375s
progress: 260/3000 (8.7%)  ok=260 fail=0  elapsed=224s  eta=2362s
progress: 280/3000 (9.3%)  ok=280 fail=0  elapsed=241s  eta=2346s
progress: 300/3000 (10.0%)  ok=300 fail=0  elapsed=258s  eta=2326s
progress: 320/3000 (10.7%)  ok=320 fail=0  elapsed=276s  eta=2310s
progress: 340/3000 (11.3%)  ok=340 fail=0  elapsed=292s  eta=2288s
progress: 360/3000 (12.0%)  ok=360 fail=0  elapsed=309s  eta=2270s
progress: 380/3000 (12.7%)  ok=380 fail=0  elapsed=327s  eta=2252s
progress: 400/3000 (13.3%)  ok=400 fail=0  elapsed=342s  eta=2225s
progress: 420/3000 (14.0%)  ok=420 fail=0  elapsed=359s  eta=2208s
progress: 440/3000 (14.7%)  ok=440 fail=0  elapsed=376s  eta=2190s
progress: 460/3000 (15.3%)  ok=460 fail=0  elapsed=393s  eta=2172s
progress: 480/3000 (16.0%)  ok=480 fail=0  elapsed=410s  eta=2150s
progress: 500/3000 (16.7%)  ok=500 fail=0  elapsed=426s  eta=2132s
progress: 520/3000 (17.3%)  ok=520 fail=0  elapsed=443s  eta=2113s
progress: 540/3000 (18.0%)  ok=540 fail=0  elapsed=460s  eta=2095s
progress: 560/3000 (18.7%)  ok=560 fail=0  elapsed=477s  eta=2077s
progress: 580/3000 (19.3%)  ok=580 fail=0  elapsed=493s  eta=2059s
progress: 600/3000 (20.0%)  ok=600 fail=0  elapsed=510s  eta=2041s
progress: 620/3000 (20.7%)  ok=620 fail=0  elapsed=526s  eta=2020s
progress: 640/3000 (21.3%)  ok=640 fail=0  elapsed=543s  eta=2002s
progress: 660/3000 (22.0%)  ok=660 fail=0  elapsed=559s  eta=1983s
progress: 680/3000 (22.7%)  ok=680 fail=0  elapsed=576s  eta=1964s
progress: 700/3000 (23.3%)  ok=700 fail=0  elapsed=593s  eta=1950s
progress: 720/3000 (24.0%)  ok=720 fail=0  elapsed=610s  eta=1933s
progress: 740/3000 (24.7%)  ok=740 fail=0  elapsed=627s  eta=1916s
progress: 760/3000 (25.3%)  ok=760 fail=0  elapsed=645s  eta=1902s
progress: 780/3000 (26.0%)  ok=780 fail=0  elapsed=662s  eta=1885s
progress: 800/3000 (26.7%)  ok=800 fail=0  elapsed=680s  eta=1869s
progress: 820/3000 (27.3%)  ok=820 fail=0  elapsed=697s  eta=1852s
progress: 840/3000 (28.0%)  ok=840 fail=0  elapsed=713s  eta=1834s
progress: 860/3000 (28.7%)  ok=860 fail=0  elapsed=730s  eta=1816s
progress: 880/3000 (29.3%)  ok=880 fail=0  elapsed=746s  eta=1797s
progress: 900/3000 (30.0%)  ok=900 fail=0  elapsed=764s  eta=1783s
progress: 920/3000 (30.7%)  ok=920 fail=0  elapsed=780s  eta=1764s
progress: 940/3000 (31.3%)  ok=940 fail=0  elapsed=796s  eta=1745s
progress: 960/3000 (32.0%)  ok=960 fail=0  elapsed=812s  eta=1726s
progress: 980/3000 (32.7%)  ok=980 fail=0  elapsed=829s  eta=1708s
progress: 1000/3000 (33.3%)  ok=1000 fail=0  elapsed=846s  eta=1693s
progress: 1020/3000 (34.0%)  ok=1020 fail=0  elapsed=863s  eta=1675s
progress: 1040/3000 (34.7%)  ok=1040 fail=0  elapsed=880s  eta=1658s
progress: 1060/3000 (35.3%)  ok=1060 fail=0  elapsed=897s  eta=1642s
progress: 1080/3000 (36.0%)  ok=1080 fail=0  elapsed=915s  eta=1627s
progress: 1100/3000 (36.7%)  ok=1100 fail=0  elapsed=932s  eta=1609s
progress: 1120/3000 (37.3%)  ok=1120 fail=0  elapsed=949s  eta=1592s
progress: 1140/3000 (38.0%)  ok=1140 fail=0  elapsed=968s  eta=1579s
progress: 1160/3000 (38.7%)  ok=1160 fail=0  elapsed=985s  eta=1563s
progress: 1180/3000 (39.3%)  ok=1180 fail=0  elapsed=1002s  eta=1546s
progress: 1200/3000 (40.0%)  ok=1200 fail=0  elapsed=1019s  eta=1529s
progress: 1220/3000 (40.7%)  ok=1220 fail=0  elapsed=1037s  eta=1513s
progress: 1240/3000 (41.3%)  ok=1240 fail=0  elapsed=1054s  eta=1496s
progress: 1260/3000 (42.0%)  ok=1260 fail=0  elapsed=1072s  eta=1480s
progress: 1280/3000 (42.7%)  ok=1280 fail=0  elapsed=1089s  eta=1463s
progress: 1300/3000 (43.3%)  ok=1300 fail=0  elapsed=1106s  eta=1447s
progress: 1320/3000 (44.0%)  ok=1320 fail=0  elapsed=1122s  eta=1428s
progress: 1340/3000 (44.7%)  ok=1340 fail=0  elapsed=1139s  eta=1411s
progress: 1360/3000 (45.3%)  ok=1360 fail=0  elapsed=1156s  eta=1394s
progress: 1380/3000 (46.0%)  ok=1380 fail=0  elapsed=1173s  eta=1377s
progress: 1400/3000 (46.7%)  ok=1400 fail=0  elapsed=1190s  eta=1360s
progress: 1420/3000 (47.3%)  ok=1420 fail=0  elapsed=1206s  eta=1342s
progress: 1440/3000 (48.0%)  ok=1440 fail=0  elapsed=1223s  eta=1325s
progress: 1460/3000 (48.7%)  ok=1460 fail=0  elapsed=1241s  eta=1309s
progress: 1480/3000 (49.3%)  ok=1480 fail=0  elapsed=1258s  eta=1292s
progress: 1500/3000 (50.0%)  ok=1500 fail=0  elapsed=1275s  eta=1275s
progress: 1520/3000 (50.7%)  ok=1520 fail=0  elapsed=1292s  eta=1258s
progress: 1540/3000 (51.3%)  ok=1540 fail=0  elapsed=1309s  eta=1241s
progress: 1560/3000 (52.0%)  ok=1560 fail=0  elapsed=1325s  eta=1223s
progress: 1580/3000 (52.7%)  ok=1580 fail=0  elapsed=1341s  eta=1205s
progress: 1600/3000 (53.3%)  ok=1600 fail=0  elapsed=1358s  eta=1188s
progress: 1620/3000 (54.0%)  ok=1620 fail=0  elapsed=1373s  eta=1170s
progress: 1640/3000 (54.7%)  ok=1640 fail=0  elapsed=1390s  eta=1153s
progress: 1660/3000 (55.3%)  ok=1660 fail=0  elapsed=1408s  eta=1137s
progress: 1680/3000 (56.0%)  ok=1680 fail=0  elapsed=1425s  eta=1119s
progress: 1700/3000 (56.7%)  ok=1700 fail=0  elapsed=1441s  eta=1102s
progress: 1720/3000 (57.3%)  ok=1720 fail=0  elapsed=1458s  eta=1085s
progress: 1740/3000 (58.0%)  ok=1740 fail=0  elapsed=1477s  eta=1069s
progress: 1760/3000 (58.7%)  ok=1760 fail=0  elapsed=1493s  eta=1052s
progress: 1780/3000 (59.3%)  ok=1780 fail=0  elapsed=1511s  eta=1035s
progress: 1800/3000 (60.0%)  ok=1800 fail=0  elapsed=1528s  eta=1019s
progress: 1820/3000 (60.7%)  ok=1820 fail=0  elapsed=1546s  eta=1002s
progress: 1840/3000 (61.3%)  ok=1840 fail=0  elapsed=1563s  eta=985s
progress: 1860/3000 (62.0%)  ok=1860 fail=0  elapsed=1579s  eta=968s
progress: 1880/3000 (62.7%)  ok=1880 fail=0  elapsed=1597s  eta=951s
progress: 1900/3000 (63.3%)  ok=1900 fail=0  elapsed=1614s  eta=934s
progress: 1920/3000 (64.0%)  ok=1920 fail=0  elapsed=1631s  eta=917s
progress: 1940/3000 (64.7%)  ok=1940 fail=0  elapsed=1648s  eta=900s
progress: 1960/3000 (65.3%)  ok=1960 fail=0  elapsed=1665s  eta=883s
progress: 1980/3000 (66.0%)  ok=1980 fail=0  elapsed=1681s  eta=866s
progress: 2000/3000 (66.7%)  ok=2000 fail=0  elapsed=1698s  eta=849s
progress: 2020/3000 (67.3%)  ok=2020 fail=0  elapsed=1716s  eta=833s
progress: 2040/3000 (68.0%)  ok=2040 fail=0  elapsed=1734s  eta=816s
progress: 2060/3000 (68.7%)  ok=2060 fail=0  elapsed=1752s  eta=800s
progress: 2080/3000 (69.3%)  ok=2080 fail=0  elapsed=1770s  eta=783s
progress: 2100/3000 (70.0%)  ok=2100 fail=0  elapsed=1788s  eta=766s
progress: 2120/3000 (70.7%)  ok=2120 fail=0  elapsed=1804s  eta=749s
progress: 2140/3000 (71.3%)  ok=2140 fail=0  elapsed=1820s  eta=731s
progress: 2160/3000 (72.0%)  ok=2160 fail=0  elapsed=1838s  eta=715s
progress: 2180/3000 (72.7%)  ok=2180 fail=0  elapsed=1855s  eta=698s
progress: 2200/3000 (73.3%)  ok=2200 fail=0  elapsed=1874s  eta=681s
progress: 2220/3000 (74.0%)  ok=2220 fail=0  elapsed=1891s  eta=664s
progress: 2240/3000 (74.7%)  ok=2240 fail=0  elapsed=1906s  eta=647s
progress: 2260/3000 (75.3%)  ok=2260 fail=0  elapsed=1922s  eta=629s
progress: 2280/3000 (76.0%)  ok=2280 fail=0  elapsed=1939s  eta=612s
progress: 2300/3000 (76.7%)  ok=2300 fail=0  elapsed=1957s  eta=596s
progress: 2320/3000 (77.3%)  ok=2320 fail=0  elapsed=1974s  eta=579s
progress: 2340/3000 (78.0%)  ok=2340 fail=0  elapsed=1991s  eta=562s
progress: 2360/3000 (78.7%)  ok=2360 fail=0  elapsed=2008s  eta=544s
progress: 2380/3000 (79.3%)  ok=2380 fail=0  elapsed=2025s  eta=527s
progress: 2400/3000 (80.0%)  ok=2400 fail=0  elapsed=2042s  eta=511s
progress: 2420/3000 (80.7%)  ok=2420 fail=0  elapsed=2059s  eta=494s
progress: 2440/3000 (81.3%)  ok=2440 fail=0  elapsed=2076s  eta=477s
progress: 2460/3000 (82.0%)  ok=2460 fail=0  elapsed=2093s  eta=460s
progress: 2480/3000 (82.7%)  ok=2480 fail=0  elapsed=2111s  eta=443s
progress: 2500/3000 (83.3%)  ok=2500 fail=0  elapsed=2128s  eta=426s
progress: 2520/3000 (84.0%)  ok=2520 fail=0  elapsed=2145s  eta=409s
progress: 2540/3000 (84.7%)  ok=2540 fail=0  elapsed=2161s  eta=391s
progress: 2560/3000 (85.3%)  ok=2560 fail=0  elapsed=2178s  eta=374s
progress: 2580/3000 (86.0%)  ok=2580 fail=0  elapsed=2195s  eta=357s
progress: 2600/3000 (86.7%)  ok=2600 fail=0  elapsed=2212s  eta=340s
progress: 2620/3000 (87.3%)  ok=2620 fail=0  elapsed=2229s  eta=323s
progress: 2640/3000 (88.0%)  ok=2640 fail=0  elapsed=2246s  eta=306s
progress: 2660/3000 (88.7%)  ok=2660 fail=0  elapsed=2264s  eta=289s
progress: 2680/3000 (89.3%)  ok=2680 fail=0  elapsed=2282s  eta=272s
progress: 2700/3000 (90.0%)  ok=2700 fail=0  elapsed=2298s  eta=255s
progress: 2720/3000 (90.7%)  ok=2720 fail=0  elapsed=2315s  eta=238s
progress: 2740/3000 (91.3%)  ok=2740 fail=0  elapsed=2333s  eta=221s
progress: 2760/3000 (92.0%)  ok=2760 fail=0  elapsed=2351s  eta=204s
progress: 2780/3000 (92.7%)  ok=2780 fail=0  elapsed=2368s  eta=187s
progress: 2800/3000 (93.3%)  ok=2800 fail=0  elapsed=2385s  eta=170s
progress: 2820/3000 (94.0%)  ok=2820 fail=0  elapsed=2400s  eta=153s
progress: 2840/3000 (94.7%)  ok=2840 fail=0  elapsed=2418s  eta=136s
progress: 2860/3000 (95.3%)  ok=2860 fail=0  elapsed=2435s  eta=119s
progress: 2880/3000 (96.0%)  ok=2880 fail=0  elapsed=2451s  eta=102s
progress: 2900/3000 (96.7%)  ok=2900 fail=0  elapsed=2469s  eta=85s
progress: 2920/3000 (97.3%)  ok=2920 fail=0  elapsed=2485s  eta=68s
progress: 2940/3000 (98.0%)  ok=2940 fail=0  elapsed=2502s  eta=51s
progress: 2960/3000 (98.7%)  ok=2960 fail=0  elapsed=2518s  eta=34s
progress: 2980/3000 (99.3%)  ok=2980 fail=0  elapsed=2534s  eta=17s
progress: 3000/3000 (100.0%)  ok=3000 fail=0  elapsed=2552s  eta=0s
DONE. ok=3000 fail=0 total=3000
=== TIME LIMIT REACHED OR RUN COMPLETED ===
end=1786435187
completed_count=3000
