=== BUDGET-LIMITED RUN: time_limit=28800s ===
start=1786082276
loaded 188 templates
prepared 200000 operation sequences
split into 10000 chunks of up to 20 items each
progress: 20/200000 (0.0%)  ok=20 fail=0  elapsed=26s  eta=256186s
progress: 40/200000 (0.0%)  ok=40 fail=0  elapsed=49s  eta=244758s
progress: 60/200000 (0.0%)  ok=60 fail=0  elapsed=72s  eta=240854s
progress: 80/200000 (0.0%)  ok=80 fail=0  elapsed=96s  eta=238952s
progress: 100/200000 (0.1%)  ok=100 fail=0  elapsed=118s  eta=236231s
progress: 120/200000 (0.1%)  ok=120 fail=0  elapsed=141s  eta=235480s
progress: 140/200000 (0.1%)  ok=140 fail=0  elapsed=165s  eta=235808s
progress: 160/200000 (0.1%)  ok=160 fail=0  elapsed=188s  eta=235355s
progress: 180/200000 (0.1%)  ok=180 fail=0  elapsed=212s  eta=235516s
progress: 200/200000 (0.1%)  ok=200 fail=0  elapsed=235s  eta=235070s
progress: 220/200000 (0.1%)  ok=220 fail=0  elapsed=258s  eta=234496s
progress: 240/200000 (0.1%)  ok=240 fail=0  elapsed=282s  eta=234913s
progress: 260/200000 (0.1%)  ok=260 fail=0  elapsed=305s  eta=234363s
progress: 280/200000 (0.1%)  ok=280 fail=0  elapsed=328s  eta=234269s
progress: 300/200000 (0.1%)  ok=300 fail=0  elapsed=350s  eta=233049s
progress: 320/200000 (0.2%)  ok=320 fail=0  elapsed=372s  eta=232277s
progress: 340/200000 (0.2%)  ok=340 fail=0  elapsed=396s  eta=232600s
progress: 360/200000 (0.2%)  ok=360 fail=0  elapsed=418s  eta=231855s
progress: 380/200000 (0.2%)  ok=380 fail=0  elapsed=441s  eta=231784s
progress: 400/200000 (0.2%)  ok=400 fail=0  elapsed=463s  eta=231200s
progress: 420/200000 (0.2%)  ok=420 fail=0  elapsed=487s  eta=231291s
progress: 440/200000 (0.2%)  ok=440 fail=0  elapsed=511s  eta=231884s
progress: 460/200000 (0.2%)  ok=460 fail=0  elapsed=535s  eta=231892s
progress: 480/200000 (0.2%)  ok=480 fail=0  elapsed=556s  eta=231232s
progress: 500/200000 (0.2%)  ok=500 fail=0  elapsed=580s  eta=231478s
progress: 520/200000 (0.3%)  ok=520 fail=0  elapsed=604s  eta=231705s
progress: 540/200000 (0.3%)  ok=540 fail=0  elapsed=628s  eta=231791s
progress: 560/200000 (0.3%)  ok=560 fail=0  elapsed=651s  eta=231905s
progress: 580/200000 (0.3%)  ok=580 fail=0  elapsed=674s  eta=231831s
progress: 600/200000 (0.3%)  ok=600 fail=0  elapsed=697s  eta=231520s
progress: 620/200000 (0.3%)  ok=620 fail=0  elapsed=720s  eta=231594s
progress: 640/200000 (0.3%)  ok=640 fail=0  elapsed=744s  eta=231615s
progress: 660/200000 (0.3%)  ok=660 fail=0  elapsed=766s  eta=231421s
progress: 680/200000 (0.3%)  ok=680 fail=0  elapsed=788s  eta=230884s
progress: 700/200000 (0.4%)  ok=700 fail=0  elapsed=810s  eta=230689s
progress: 720/200000 (0.4%)  ok=720 fail=0  elapsed=832s  eta=230249s
progress: 740/200000 (0.4%)  ok=740 fail=0  elapsed=854s  eta=230066s
progress: 760/200000 (0.4%)  ok=760 fail=0  elapsed=878s  eta=230211s
progress: 780/200000 (0.4%)  ok=780 fail=0  elapsed=901s  eta=230051s
progress: 800/200000 (0.4%)  ok=800 fail=0  elapsed=925s  eta=230260s
progress: 820/200000 (0.4%)  ok=820 fail=0  elapsed=948s  eta=230342s
progress: 840/200000 (0.4%)  ok=840 fail=0  elapsed=973s  eta=230756s
progress: 860/200000 (0.4%)  ok=860 fail=0  elapsed=997s  eta=230923s
progress: 880/200000 (0.4%)  ok=880 fail=0  elapsed=1019s  eta=230644s
progress: 900/200000 (0.4%)  ok=900 fail=0  elapsed=1043s  eta=230647s
progress: 920/200000 (0.5%)  ok=920 fail=0  elapsed=1065s  eta=230521s
progress: 940/200000 (0.5%)  ok=940 fail=0  elapsed=1089s  eta=230711s
progress: 960/200000 (0.5%)  ok=960 fail=0  elapsed=1112s  eta=230638s
progress: 980/200000 (0.5%)  ok=980 fail=0  elapsed=1135s  eta=230557s
progress: 1000/200000 (0.5%)  ok=1000 fail=0  elapsed=1159s  eta=230660s
progress: 1020/200000 (0.5%)  ok=1020 fail=0  elapsed=1182s  eta=230636s
progress: 1040/200000 (0.5%)  ok=1040 fail=0  elapsed=1206s  eta=230667s
progress: 1060/200000 (0.5%)  ok=1060 fail=0  elapsed=1230s  eta=230834s
progress: 1080/200000 (0.5%)  ok=1080 fail=0  elapsed=1254s  eta=230974s
progress: 1100/200000 (0.5%)  ok=1100 fail=0  elapsed=1277s  eta=230908s
progress: 1120/200000 (0.6%)  ok=1120 fail=0  elapsed=1300s  eta=230763s
progress: 1140/200000 (0.6%)  ok=1140 fail=0  elapsed=1322s  eta=230621s
progress: 1160/200000 (0.6%)  ok=1160 fail=0  elapsed=1347s  eta=230923s
progress: 1180/200000 (0.6%)  ok=1180 fail=0  elapsed=1371s  eta=231035s
progress: 1200/200000 (0.6%)  ok=1200 fail=0  elapsed=1393s  eta=230785s
progress: 1220/200000 (0.6%)  ok=1220 fail=0  elapsed=1417s  eta=230863s
progress: 1240/200000 (0.6%)  ok=1240 fail=0  elapsed=1441s  eta=230922s
progress: 1260/200000 (0.6%)  ok=1260 fail=0  elapsed=1465s  eta=231105s
progress: 1280/200000 (0.6%)  ok=1280 fail=0  elapsed=1488s  eta=230959s
progress: 1300/200000 (0.7%)  ok=1300 fail=0  elapsed=1512s  eta=231133s
progress: 1320/200000 (0.7%)  ok=1320 fail=0  elapsed=1536s  eta=231181s
progress: 1340/200000 (0.7%)  ok=1340 fail=0  elapsed=1559s  eta=231094s
progress: 1360/200000 (0.7%)  ok=1360 fail=0  elapsed=1581s  eta=230966s
progress: 1380/200000 (0.7%)  ok=1380 fail=0  elapsed=1604s  eta=230869s
progress: 1400/200000 (0.7%)  ok=1400 fail=0  elapsed=1627s  eta=230798s
progress: 1420/200000 (0.7%)  ok=1420 fail=0  elapsed=1651s  eta=230856s
progress: 1440/200000 (0.7%)  ok=1440 fail=0  elapsed=1674s  eta=230881s
progress: 1460/200000 (0.7%)  ok=1460 fail=0  elapsed=1698s  eta=230841s
progress: 1480/200000 (0.7%)  ok=1480 fail=0  elapsed=1721s  eta=230784s
progress: 1500/200000 (0.8%)  ok=1500 fail=0  elapsed=1743s  eta=230709s
progress: 1520/200000 (0.8%)  ok=1520 fail=0  elapsed=1768s  eta=230862s
progress: 1540/200000 (0.8%)  ok=1540 fail=0  elapsed=1791s  eta=230837s
progress: 1560/200000 (0.8%)  ok=1560 fail=0  elapsed=1815s  eta=230831s
progress: 1580/200000 (0.8%)  ok=1580 fail=0  elapsed=1838s  eta=230835s
progress: 1600/200000 (0.8%)  ok=1600 fail=0  elapsed=1861s  eta=230738s
progress: 1620/200000 (0.8%)  ok=1620 fail=0  elapsed=1884s  eta=230655s
progress: 1640/200000 (0.8%)  ok=1640 fail=0  elapsed=1907s  eta=230627s
progress: 1660/200000 (0.8%)  ok=1660 fail=0  elapsed=1930s  eta=230602s
progress: 1680/200000 (0.8%)  ok=1680 fail=0  elapsed=1952s  eta=230443s
progress: 1700/200000 (0.9%)  ok=1700 fail=0  elapsed=1976s  eta=230468s
progress: 1720/200000 (0.9%)  ok=1720 fail=0  elapsed=1999s  eta=230444s
progress: 1740/200000 (0.9%)  ok=1740 fail=0  elapsed=2023s  eta=230467s
progress: 1760/200000 (0.9%)  ok=1760 fail=0  elapsed=2045s  eta=230318s
progress: 1780/200000 (0.9%)  ok=1780 fail=0  elapsed=2068s  eta=230258s
progress: 1800/200000 (0.9%)  ok=1800 fail=0  elapsed=2090s  eta=230175s
progress: 1820/200000 (0.9%)  ok=1820 fail=0  elapsed=2112s  eta=229943s
progress: 1840/200000 (0.9%)  ok=1840 fail=0  elapsed=2134s  eta=229821s
progress: 1860/200000 (0.9%)  ok=1860 fail=0  elapsed=2156s  eta=229635s
progress: 1880/200000 (0.9%)  ok=1880 fail=0  elapsed=2179s  eta=229661s
progress: 1900/200000 (0.9%)  ok=1900 fail=0  elapsed=2203s  eta=229664s
progress: 1920/200000 (1.0%)  ok=1920 fail=0  elapsed=2229s  eta=229990s
progress: 1940/200000 (1.0%)  ok=1940 fail=0  elapsed=2253s  eta=230034s
progress: 1960/200000 (1.0%)  ok=1960 fail=0  elapsed=2276s  eta=229936s
progress: 1980/200000 (1.0%)  ok=1980 fail=0  elapsed=2298s  eta=229867s
progress: 2000/200000 (1.0%)  ok=2000 fail=0  elapsed=2323s  eta=229942s
progress: 2020/200000 (1.0%)  ok=2020 fail=0  elapsed=2345s  eta=229817s
progress: 2040/200000 (1.0%)  ok=2040 fail=0  elapsed=2368s  eta=229767s
progress: 2060/200000 (1.0%)  ok=2060 fail=0  elapsed=2390s  eta=229652s
progress: 2080/200000 (1.0%)  ok=2080 fail=0  elapsed=2414s  eta=229711s
progress: 2100/200000 (1.1%)  ok=2100 fail=0  elapsed=2440s  eta=229911s
progress: 2120/200000 (1.1%)  ok=2120 fail=0  elapsed=2462s  eta=229794s
progress: 2140/200000 (1.1%)  ok=2140 fail=0  elapsed=2484s  eta=229693s
progress: 2160/200000 (1.1%)  ok=2160 fail=0  elapsed=2508s  eta=229673s
progress: 2180/200000 (1.1%)  ok=2180 fail=0  elapsed=2531s  eta=229648s
progress: 2200/200000 (1.1%)  ok=2200 fail=0  elapsed=2554s  eta=229644s
progress: 2220/200000 (1.1%)  ok=2220 fail=0  elapsed=2577s  eta=229553s
progress: 2240/200000 (1.1%)  ok=2240 fail=0  elapsed=2601s  eta=229628s
progress: 2260/200000 (1.1%)  ok=2260 fail=0  elapsed=2625s  eta=229673s
progress: 2280/200000 (1.1%)  ok=2280 fail=0  elapsed=2648s  eta=229595s
progress: 2300/200000 (1.1%)  ok=2300 fail=0  elapsed=2671s  eta=229561s
progress: 2320/200000 (1.2%)  ok=2320 fail=0  elapsed=2694s  eta=229537s
progress: 2340/200000 (1.2%)  ok=2340 fail=0  elapsed=2717s  eta=229503s
progress: 2360/200000 (1.2%)  ok=2360 fail=0  elapsed=2739s  eta=229393s
progress: 2380/200000 (1.2%)  ok=2380 fail=0  elapsed=2763s  eta=229423s
progress: 2400/200000 (1.2%)  ok=2400 fail=0  elapsed=2785s  eta=229294s
progress: 2420/200000 (1.2%)  ok=2420 fail=0  elapsed=2808s  eta=229256s
progress: 2440/200000 (1.2%)  ok=2440 fail=0  elapsed=2830s  eta=229129s
progress: 2460/200000 (1.2%)  ok=2460 fail=0  elapsed=2853s  eta=229112s
progress: 2480/200000 (1.2%)  ok=2480 fail=0  elapsed=2876s  eta=229062s
progress: 2500/200000 (1.2%)  ok=2500 fail=0  elapsed=2899s  eta=229046s
progress: 2520/200000 (1.3%)  ok=2520 fail=0  elapsed=2923s  eta=229025s
progress: 2540/200000 (1.3%)  ok=2540 fail=0  elapsed=2945s  eta=228928s
progress: 2560/200000 (1.3%)  ok=2560 fail=0  elapsed=2968s  eta=228943s
progress: 2580/200000 (1.3%)  ok=2580 fail=0  elapsed=2991s  eta=228838s
progress: 2600/200000 (1.3%)  ok=2600 fail=0  elapsed=3013s  eta=228790s
progress: 2620/200000 (1.3%)  ok=2620 fail=0  elapsed=3037s  eta=228804s
progress: 2640/200000 (1.3%)  ok=2640 fail=0  elapsed=3059s  eta=228681s
progress: 2660/200000 (1.3%)  ok=2660 fail=0  elapsed=3082s  eta=228684s
progress: 2680/200000 (1.3%)  ok=2680 fail=0  elapsed=3106s  eta=228713s
progress: 2700/200000 (1.4%)  ok=2700 fail=0  elapsed=3129s  eta=228670s
progress: 2720/200000 (1.4%)  ok=2720 fail=0  elapsed=3152s  eta=228620s
progress: 2740/200000 (1.4%)  ok=2740 fail=0  elapsed=3175s  eta=228543s
progress: 2760/200000 (1.4%)  ok=2760 fail=0  elapsed=3197s  eta=228435s
progress: 2780/200000 (1.4%)  ok=2780 fail=0  elapsed=3221s  eta=228500s
progress: 2800/200000 (1.4%)  ok=2800 fail=0  elapsed=3243s  eta=228414s
progress: 2820/200000 (1.4%)  ok=2820 fail=0  elapsed=3266s  eta=228365s
progress: 2840/200000 (1.4%)  ok=2840 fail=0  elapsed=3289s  eta=228339s
progress: 2860/200000 (1.4%)  ok=2860 fail=0  elapsed=3314s  eta=228406s
progress: 2880/200000 (1.4%)  ok=2880 fail=0  elapsed=3338s  eta=228466s
progress: 2900/200000 (1.5%)  ok=2900 fail=0  elapsed=3362s  eta=228473s
progress: 2920/200000 (1.5%)  ok=2920 fail=0  elapsed=3385s  eta=228491s
progress: 2940/200000 (1.5%)  ok=2940 fail=0  elapsed=3408s  eta=228460s
progress: 2960/200000 (1.5%)  ok=2960 fail=0  elapsed=3432s  eta=228442s
progress: 2980/200000 (1.5%)  ok=2980 fail=0  elapsed=3455s  eta=228455s
progress: 3000/200000 (1.5%)  ok=3000 fail=0  elapsed=3479s  eta=228422s
progress: 3020/200000 (1.5%)  ok=3020 fail=0  elapsed=3502s  eta=228411s
progress: 3040/200000 (1.5%)  ok=3040 fail=0  elapsed=3527s  eta=228489s
progress: 3060/200000 (1.5%)  ok=3060 fail=0  elapsed=3551s  eta=228548s
progress: 3080/200000 (1.5%)  ok=3080 fail=0  elapsed=3575s  eta=228536s
progress: 3100/200000 (1.6%)  ok=3100 fail=0  elapsed=3598s  eta=228505s
progress: 3120/200000 (1.6%)  ok=3120 fail=0  elapsed=3620s  eta=228417s
progress: 3140/200000 (1.6%)  ok=3140 fail=0  elapsed=3644s  eta=228459s
progress: 3160/200000 (1.6%)  ok=3160 fail=0  elapsed=3668s  eta=228463s
progress: 3180/200000 (1.6%)  ok=3180 fail=0  elapsed=3692s  eta=228515s
progress: 3200/200000 (1.6%)  ok=3200 fail=0  elapsed=3714s  eta=228441s
progress: 3220/200000 (1.6%)  ok=3220 fail=0  elapsed=3738s  eta=228426s
progress: 3240/200000 (1.6%)  ok=3240 fail=0  elapsed=3761s  eta=228425s
progress: 3260/200000 (1.6%)  ok=3260 fail=0  elapsed=3784s  eta=228358s
progress: 3280/200000 (1.6%)  ok=3280 fail=0  elapsed=3807s  eta=228312s
progress: 3300/200000 (1.7%)  ok=3300 fail=0  elapsed=3830s  eta=228292s
progress: 3320/200000 (1.7%)  ok=3320 fail=0  elapsed=3854s  eta=228323s
progress: 3340/200000 (1.7%)  ok=3340 fail=0  elapsed=3877s  eta=228304s
progress: 3360/200000 (1.7%)  ok=3360 fail=0  elapsed=3902s  eta=228338s
progress: 3380/200000 (1.7%)  ok=3380 fail=0  elapsed=3924s  eta=228294s
progress: 3400/200000 (1.7%)  ok=3400 fail=0  elapsed=3947s  eta=228227s
progress: 3420/200000 (1.7%)  ok=3420 fail=0  elapsed=3970s  eta=228191s
progress: 3440/200000 (1.7%)  ok=3440 fail=0  elapsed=3993s  eta=228135s
progress: 3460/200000 (1.7%)  ok=3460 fail=0  elapsed=4015s  eta=228068s
progress: 3480/200000 (1.7%)  ok=3480 fail=0  elapsed=4038s  eta=228029s
progress: 3500/200000 (1.8%)  ok=3500 fail=0  elapsed=4060s  eta=227934s
progress: 3520/200000 (1.8%)  ok=3520 fail=0  elapsed=4083s  eta=227912s
progress: 3540/200000 (1.8%)  ok=3540 fail=0  elapsed=4106s  eta=227899s
progress: 3560/200000 (1.8%)  ok=3560 fail=0  elapsed=4129s  eta=227841s
progress: 3580/200000 (1.8%)  ok=3580 fail=0  elapsed=4152s  eta=227800s
progress: 3600/200000 (1.8%)  ok=3600 fail=0  elapsed=4175s  eta=227771s
progress: 3620/200000 (1.8%)  ok=3620 fail=0  elapsed=4199s  eta=227779s
progress: 3640/200000 (1.8%)  ok=3640 fail=0  elapsed=4221s  eta=227709s
progress: 3660/200000 (1.8%)  ok=3660 fail=0  elapsed=4246s  eta=227792s
progress: 3680/200000 (1.8%)  ok=3680 fail=0  elapsed=4270s  eta=227799s
progress: 3700/200000 (1.8%)  ok=3700 fail=0  elapsed=4293s  eta=227765s
progress: 3720/200000 (1.9%)  ok=3720 fail=0  elapsed=4316s  eta=227705s
progress: 3740/200000 (1.9%)  ok=3740 fail=0  elapsed=4338s  eta=227653s
progress: 3760/200000 (1.9%)  ok=3760 fail=0  elapsed=4361s  eta=227587s
progress: 3780/200000 (1.9%)  ok=3780 fail=0  elapsed=4385s  eta=227628s
progress: 3800/200000 (1.9%)  ok=3800 fail=0  elapsed=4408s  eta=227586s
progress: 3820/200000 (1.9%)  ok=3820 fail=0  elapsed=4432s  eta=227602s
progress: 3840/200000 (1.9%)  ok=3840 fail=0  elapsed=4456s  eta=227651s
progress: 3860/200000 (1.9%)  ok=3860 fail=0  elapsed=4480s  eta=227649s
progress: 3880/200000 (1.9%)  ok=3880 fail=0  elapsed=4503s  eta=227625s
progress: 3900/200000 (1.9%)  ok=3900 fail=0  elapsed=4526s  eta=227567s
progress: 3920/200000 (2.0%)  ok=3920 fail=0  elapsed=4550s  eta=227575s
progress: 3940/200000 (2.0%)  ok=3940 fail=0  elapsed=4573s  eta=227551s
progress: 3960/200000 (2.0%)  ok=3960 fail=0  elapsed=4596s  eta=227526s
progress: 3980/200000 (2.0%)  ok=3980 fail=0  elapsed=4619s  eta=227500s
progress: 4000/200000 (2.0%)  ok=4000 fail=0  elapsed=4642s  eta=227470s
progress: 4020/200000 (2.0%)  ok=4020 fail=0  elapsed=4665s  eta=227416s
progress: 4040/200000 (2.0%)  ok=4040 fail=0  elapsed=4687s  eta=227356s
progress: 4060/200000 (2.0%)  ok=4060 fail=0  elapsed=4710s  eta=227321s
progress: 4080/200000 (2.0%)  ok=4080 fail=0  elapsed=4733s  eta=227296s
progress: 4100/200000 (2.1%)  ok=4100 fail=0  elapsed=4756s  eta=227259s
progress: 4120/200000 (2.1%)  ok=4120 fail=0  elapsed=4780s  eta=227243s
progress: 4140/200000 (2.1%)  ok=4140 fail=0  elapsed=4802s  eta=227160s
progress: 4160/200000 (2.1%)  ok=4160 fail=0  elapsed=4824s  eta=227100s
progress: 4180/200000 (2.1%)  ok=4180 fail=0  elapsed=4849s  eta=227137s
progress: 4200/200000 (2.1%)  ok=4200 fail=0  elapsed=4872s  eta=227134s
progress: 4220/200000 (2.1%)  ok=4220 fail=0  elapsed=4895s  eta=227093s
progress: 4240/200000 (2.1%)  ok=4240 fail=0  elapsed=4918s  eta=227046s
progress: 4260/200000 (2.1%)  ok=4260 fail=0  elapsed=4939s  eta=226953s
progress: 4280/200000 (2.1%)  ok=4280 fail=0  elapsed=4962s  eta=226913s
progress: 4300/200000 (2.1%)  ok=4300 fail=0  elapsed=4985s  eta=226874s
progress: 4320/200000 (2.2%)  ok=4320 fail=0  elapsed=5009s  eta=226869s
progress: 4340/200000 (2.2%)  ok=4340 fail=0  elapsed=5033s  eta=226891s
progress: 4360/200000 (2.2%)  ok=4360 fail=0  elapsed=5055s  eta=226842s
progress: 4380/200000 (2.2%)  ok=4380 fail=0  elapsed=5079s  eta=226847s
progress: 4400/200000 (2.2%)  ok=4400 fail=0  elapsed=5103s  eta=226868s
progress: 4420/200000 (2.2%)  ok=4420 fail=0  elapsed=5127s  eta=226867s
progress: 4440/200000 (2.2%)  ok=4440 fail=0  elapsed=5150s  eta=226852s
progress: 4460/200000 (2.2%)  ok=4460 fail=0  elapsed=5174s  eta=226823s
progress: 4480/200000 (2.2%)  ok=4480 fail=0  elapsed=5198s  eta=226856s
progress: 4500/200000 (2.2%)  ok=4500 fail=0  elapsed=5222s  eta=226870s
progress: 4520/200000 (2.3%)  ok=4520 fail=0  elapsed=5245s  eta=226856s
progress: 4540/200000 (2.3%)  ok=4540 fail=0  elapsed=5268s  eta=226802s
progress: 4560/200000 (2.3%)  ok=4560 fail=0  elapsed=5291s  eta=226787s
progress: 4580/200000 (2.3%)  ok=4580 fail=0  elapsed=5314s  eta=226745s
progress: 4600/200000 (2.3%)  ok=4600 fail=0  elapsed=5338s  eta=226747s
progress: 4620/200000 (2.3%)  ok=4620 fail=0  elapsed=5361s  eta=226709s
progress: 4640/200000 (2.3%)  ok=4640 fail=0  elapsed=5383s  eta=226633s
progress: 4660/200000 (2.3%)  ok=4660 fail=0  elapsed=5405s  eta=226572s
progress: 4680/200000 (2.3%)  ok=4680 fail=0  elapsed=5430s  eta=226601s
progress: 4700/200000 (2.4%)  ok=4700 fail=0  elapsed=5454s  eta=226632s
progress: 4720/200000 (2.4%)  ok=4720 fail=0  elapsed=5477s  eta=226604s
progress: 4740/200000 (2.4%)  ok=4740 fail=0  elapsed=5500s  eta=226561s
progress: 4760/200000 (2.4%)  ok=4760 fail=0  elapsed=5522s  eta=226495s
progress: 4780/200000 (2.4%)  ok=4780 fail=0  elapsed=5546s  eta=226506s
progress: 4800/200000 (2.4%)  ok=4800 fail=0  elapsed=5568s  eta=226443s
progress: 4820/200000 (2.4%)  ok=4820 fail=0  elapsed=5591s  eta=226405s
progress: 4840/200000 (2.4%)  ok=4840 fail=0  elapsed=5615s  eta=226397s
progress: 4860/200000 (2.4%)  ok=4860 fail=0  elapsed=5639s  eta=226407s
progress: 4880/200000 (2.4%)  ok=4880 fail=0  elapsed=5662s  eta=226395s
progress: 4900/200000 (2.5%)  ok=4900 fail=0  elapsed=5685s  eta=226346s
progress: 4920/200000 (2.5%)  ok=4920 fail=0  elapsed=5707s  eta=226300s
progress: 4940/200000 (2.5%)  ok=4940 fail=0  elapsed=5732s  eta=226341s
progress: 4960/200000 (2.5%)  ok=4960 fail=0  elapsed=5755s  eta=226301s
progress: 4980/200000 (2.5%)  ok=4980 fail=0  elapsed=5777s  eta=226249s
progress: 5000/200000 (2.5%)  ok=5000 fail=0  elapsed=5802s  eta=226272s
progress: 5020/200000 (2.5%)  ok=5020 fail=0  elapsed=5825s  eta=226247s
progress: 5040/200000 (2.5%)  ok=5040 fail=0  elapsed=5848s  eta=226231s
progress: 5060/200000 (2.5%)  ok=5060 fail=0  elapsed=5871s  eta=226195s
progress: 5080/200000 (2.5%)  ok=5080 fail=0  elapsed=5895s  eta=226173s
progress: 5100/200000 (2.5%)  ok=5100 fail=0  elapsed=5918s  eta=226153s
progress: 5120/200000 (2.6%)  ok=5120 fail=0  elapsed=5940s  eta=226097s
progress: 5140/200000 (2.6%)  ok=5140 fail=0  elapsed=5963s  eta=226049s
progress: 5160/200000 (2.6%)  ok=5160 fail=0  elapsed=5986s  eta=226043s
progress: 5180/200000 (2.6%)  ok=5180 fail=0  elapsed=6009s  eta=226000s
progress: 5200/200000 (2.6%)  ok=5200 fail=0  elapsed=6033s  eta=226021s
progress: 5220/200000 (2.6%)  ok=5220 fail=0  elapsed=6056s  eta=225966s
progress: 5240/200000 (2.6%)  ok=5240 fail=0  elapsed=6078s  eta=225896s
progress: 5260/200000 (2.6%)  ok=5260 fail=0  elapsed=6101s  eta=225867s
progress: 5280/200000 (2.6%)  ok=5280 fail=0  elapsed=6124s  eta=225863s
progress: 5300/200000 (2.6%)  ok=5300 fail=0  elapsed=6147s  eta=225833s
progress: 5320/200000 (2.7%)  ok=5320 fail=0  elapsed=6171s  eta=225818s
progress: 5340/200000 (2.7%)  ok=5340 fail=0  elapsed=6193s  eta=225768s
progress: 5360/200000 (2.7%)  ok=5360 fail=0  elapsed=6216s  eta=225712s
progress: 5380/200000 (2.7%)  ok=5380 fail=0  elapsed=6240s  eta=225735s
progress: 5400/200000 (2.7%)  ok=5400 fail=0  elapsed=6264s  eta=225723s
progress: 5420/200000 (2.7%)  ok=5420 fail=0  elapsed=6287s  eta=225703s
progress: 5440/200000 (2.7%)  ok=5440 fail=0  elapsed=6309s  eta=225657s
progress: 5460/200000 (2.7%)  ok=5460 fail=0  elapsed=6333s  eta=225639s
progress: 5480/200000 (2.7%)  ok=5480 fail=0  elapsed=6356s  eta=225610s
progress: 5500/200000 (2.8%)  ok=5500 fail=0  elapsed=6379s  eta=225584s
progress: 5520/200000 (2.8%)  ok=5520 fail=0  elapsed=6402s  eta=225552s
progress: 5540/200000 (2.8%)  ok=5540 fail=0  elapsed=6426s  eta=225559s
progress: 5560/200000 (2.8%)  ok=5560 fail=0  elapsed=6449s  eta=225526s
progress: 5580/200000 (2.8%)  ok=5580 fail=0  elapsed=6471s  eta=225472s
progress: 5600/200000 (2.8%)  ok=5600 fail=0  elapsed=6494s  eta=225436s
progress: 5620/200000 (2.8%)  ok=5620 fail=0  elapsed=6517s  eta=225414s
progress: 5640/200000 (2.8%)  ok=5640 fail=0  elapsed=6540s  eta=225362s
progress: 5660/200000 (2.8%)  ok=5660 fail=0  elapsed=6563s  eta=225329s
progress: 5680/200000 (2.8%)  ok=5680 fail=0  elapsed=6585s  eta=225265s
progress: 5700/200000 (2.9%)  ok=5700 fail=0  elapsed=6607s  eta=225212s
progress: 5720/200000 (2.9%)  ok=5720 fail=0  elapsed=6631s  eta=225213s
progress: 5740/200000 (2.9%)  ok=5740 fail=0  elapsed=6654s  eta=225182s
progress: 5760/200000 (2.9%)  ok=5760 fail=0  elapsed=6677s  eta=225169s
progress: 5780/200000 (2.9%)  ok=5780 fail=0  elapsed=6701s  eta=225162s
progress: 5800/200000 (2.9%)  ok=5800 fail=0  elapsed=6724s  eta=225137s
progress: 5820/200000 (2.9%)  ok=5820 fail=0  elapsed=6747s  eta=225115s
progress: 5840/200000 (2.9%)  ok=5840 fail=0  elapsed=6770s  eta=225089s
progress: 5860/200000 (2.9%)  ok=5860 fail=0  elapsed=6794s  eta=225084s
progress: 5880/200000 (2.9%)  ok=5880 fail=0  elapsed=6818s  eta=225096s
progress: 5900/200000 (2.9%)  ok=5900 fail=0  elapsed=6841s  eta=225068s
progress: 5920/200000 (3.0%)  ok=5920 fail=0  elapsed=6864s  eta=225032s
progress: 5940/200000 (3.0%)  ok=5940 fail=0  elapsed=6887s  eta=225002s
progress: 5960/200000 (3.0%)  ok=5960 fail=0  elapsed=6909s  eta=224937s
progress: 5980/200000 (3.0%)  ok=5980 fail=0  elapsed=6931s  eta=224890s
progress: 6000/200000 (3.0%)  ok=6000 fail=0  elapsed=6954s  eta=224849s
progress: 6020/200000 (3.0%)  ok=6020 fail=0  elapsed=6977s  eta=224817s
progress: 6040/200000 (3.0%)  ok=6040 fail=0  elapsed=7001s  eta=224814s
progress: 6060/200000 (3.0%)  ok=6060 fail=0  elapsed=7024s  eta=224794s
progress: 6080/200000 (3.0%)  ok=6080 fail=0  elapsed=7048s  eta=224803s
progress: 6100/200000 (3.0%)  ok=6100 fail=0  elapsed=7071s  eta=224780s
progress: 6120/200000 (3.1%)  ok=6120 fail=0  elapsed=7093s  eta=224717s
progress: 6140/200000 (3.1%)  ok=6140 fail=0  elapsed=7116s  eta=224683s
progress: 6160/200000 (3.1%)  ok=6160 fail=0  elapsed=7140s  eta=224668s
progress: 6180/200000 (3.1%)  ok=6180 fail=0  elapsed=7162s  eta=224606s
progress: 6200/200000 (3.1%)  ok=6200 fail=0  elapsed=7185s  eta=224586s
progress: 6220/200000 (3.1%)  ok=6220 fail=0  elapsed=7208s  eta=224548s
progress: 6240/200000 (3.1%)  ok=6240 fail=0  elapsed=7231s  eta=224525s
progress: 6260/200000 (3.1%)  ok=6260 fail=0  elapsed=7257s  eta=224588s
progress: 6280/200000 (3.1%)  ok=6280 fail=0  elapsed=7279s  eta=224544s
progress: 6300/200000 (3.1%)  ok=6300 fail=0  elapsed=7302s  eta=224510s
progress: 6320/200000 (3.2%)  ok=6320 fail=0  elapsed=7325s  eta=224482s
progress: 6340/200000 (3.2%)  ok=6340 fail=0  elapsed=7349s  eta=224469s
progress: 6360/200000 (3.2%)  ok=6360 fail=0  elapsed=7372s  eta=224461s
progress: 6380/200000 (3.2%)  ok=6380 fail=0  elapsed=7394s  eta=224405s
progress: 6400/200000 (3.2%)  ok=6400 fail=0  elapsed=7417s  eta=224355s
progress: 6420/200000 (3.2%)  ok=6420 fail=0  elapsed=7439s  eta=224303s
progress: 6440/200000 (3.2%)  ok=6440 fail=0  elapsed=7461s  eta=224241s
progress: 6460/200000 (3.2%)  ok=6460 fail=0  elapsed=7485s  eta=224235s
progress: 6480/200000 (3.2%)  ok=6480 fail=0  elapsed=7507s  eta=224196s
progress: 6500/200000 (3.2%)  ok=6500 fail=0  elapsed=7529s  eta=224139s
progress: 6520/200000 (3.3%)  ok=6520 fail=0  elapsed=7551s  eta=224077s
progress: 6540/200000 (3.3%)  ok=6540 fail=0  elapsed=7573s  eta=224016s
progress: 6560/200000 (3.3%)  ok=6560 fail=0  elapsed=7597s  eta=224014s
progress: 6580/200000 (3.3%)  ok=6580 fail=0  elapsed=7620s  eta=223996s
progress: 6600/200000 (3.3%)  ok=6600 fail=0  elapsed=7643s  eta=223974s
progress: 6620/200000 (3.3%)  ok=6620 fail=0  elapsed=7666s  eta=223942s
progress: 6640/200000 (3.3%)  ok=6640 fail=0  elapsed=7690s  eta=223928s
progress: 6660/200000 (3.3%)  ok=6660 fail=0  elapsed=7714s  eta=223944s
progress: 6680/200000 (3.3%)  ok=6680 fail=0  elapsed=7737s  eta=223901s
progress: 6700/200000 (3.4%)  ok=6700 fail=0  elapsed=7760s  eta=223870s
progress: 6720/200000 (3.4%)  ok=6720 fail=0  elapsed=7783s  eta=223857s
progress: 6740/200000 (3.4%)  ok=6740 fail=0  elapsed=7806s  eta=223822s
progress: 6760/200000 (3.4%)  ok=6760 fail=0  elapsed=7830s  eta=223821s
progress: 6780/200000 (3.4%)  ok=6780 fail=0  elapsed=7852s  eta=223775s
progress: 6800/200000 (3.4%)  ok=6800 fail=0  elapsed=7875s  eta=223751s
progress: 6820/200000 (3.4%)  ok=6820 fail=0  elapsed=7900s  eta=223773s
progress: 6840/200000 (3.4%)  ok=6840 fail=0  elapsed=7925s  eta=223787s
progress: 6860/200000 (3.4%)  ok=6860 fail=0  elapsed=7947s  eta=223756s
progress: 6880/200000 (3.4%)  ok=6880 fail=0  elapsed=7970s  eta=223716s
progress: 6900/200000 (3.5%)  ok=6900 fail=0  elapsed=7993s  eta=223687s
progress: 6920/200000 (3.5%)  ok=6920 fail=0  elapsed=8017s  eta=223677s
progress: 6940/200000 (3.5%)  ok=6940 fail=0  elapsed=8039s  eta=223629s
progress: 6960/200000 (3.5%)  ok=6960 fail=0  elapsed=8062s  eta=223594s
progress: 6980/200000 (3.5%)  ok=6980 fail=0  elapsed=8086s  eta=223606s
progress: 7000/200000 (3.5%)  ok=7000 fail=0  elapsed=8109s  eta=223583s
progress: 7020/200000 (3.5%)  ok=7020 fail=0  elapsed=8132s  eta=223559s
progress: 7040/200000 (3.5%)  ok=7040 fail=0  elapsed=8155s  eta=223513s
progress: 7060/200000 (3.5%)  ok=7060 fail=0  elapsed=8178s  eta=223496s
progress: 7080/200000 (3.5%)  ok=7080 fail=0  elapsed=8201s  eta=223468s
progress: 7100/200000 (3.5%)  ok=7100 fail=0  elapsed=8224s  eta=223428s
progress: 7120/200000 (3.6%)  ok=7120 fail=0  elapsed=8246s  eta=223386s
progress: 7140/200000 (3.6%)  ok=7140 fail=0  elapsed=8269s  eta=223342s
progress: 7160/200000 (3.6%)  ok=7160 fail=0  elapsed=8292s  eta=223324s
progress: 7180/200000 (3.6%)  ok=7180 fail=0  elapsed=8315s  eta=223291s
progress: 7200/200000 (3.6%)  ok=7200 fail=0  elapsed=8338s  eta=223267s
progress: 7220/200000 (3.6%)  ok=7220 fail=0  elapsed=8361s  eta=223258s
progress: 7240/200000 (3.6%)  ok=7240 fail=0  elapsed=8383s  eta=223194s
progress: 7260/200000 (3.6%)  ok=7260 fail=0  elapsed=8406s  eta=223164s
progress: 7280/200000 (3.6%)  ok=7280 fail=0  elapsed=8430s  eta=223168s
progress: 7300/200000 (3.6%)  ok=7300 fail=0  elapsed=8454s  eta=223157s
progress: 7320/200000 (3.7%)  ok=7320 fail=0  elapsed=8477s  eta=223130s
progress: 7340/200000 (3.7%)  ok=7340 fail=0  elapsed=8499s  eta=223072s
progress: 7360/200000 (3.7%)  ok=7360 fail=0  elapsed=8522s  eta=223051s
progress: 7380/200000 (3.7%)  ok=7380 fail=0  elapsed=8546s  eta=223049s
progress: 7400/200000 (3.7%)  ok=7400 fail=0  elapsed=8569s  eta=223016s
progress: 7420/200000 (3.7%)  ok=7420 fail=0  elapsed=8591s  eta=222960s
progress: 7440/200000 (3.7%)  ok=7440 fail=0  elapsed=8613s  eta=222907s
progress: 7460/200000 (3.7%)  ok=7460 fail=0  elapsed=8635s  eta=222866s
progress: 7480/200000 (3.7%)  ok=7480 fail=0  elapsed=8659s  eta=222859s
progress: 7500/200000 (3.8%)  ok=7500 fail=0  elapsed=8682s  eta=222841s
progress: 7520/200000 (3.8%)  ok=7520 fail=0  elapsed=8705s  eta=222802s
progress: 7540/200000 (3.8%)  ok=7540 fail=0  elapsed=8729s  eta=222806s
progress: 7560/200000 (3.8%)  ok=7560 fail=0  elapsed=8751s  eta=222766s
progress: 7580/200000 (3.8%)  ok=7580 fail=0  elapsed=8774s  eta=222727s
progress: 7600/200000 (3.8%)  ok=7600 fail=0  elapsed=8798s  eta=222729s
progress: 7620/200000 (3.8%)  ok=7620 fail=0  elapsed=8821s  eta=222711s
progress: 7640/200000 (3.8%)  ok=7640 fail=0  elapsed=8844s  eta=222684s
progress: 7660/200000 (3.8%)  ok=7660 fail=0  elapsed=8867s  eta=222659s
progress: 7680/200000 (3.8%)  ok=7680 fail=0  elapsed=8890s  eta=222630s
progress: 7700/200000 (3.9%)  ok=7700 fail=0  elapsed=8913s  eta=222605s
progress: 7720/200000 (3.9%)  ok=7720 fail=0  elapsed=8937s  eta=222588s
progress: 7740/200000 (3.9%)  ok=7740 fail=0  elapsed=8958s  eta=222527s
progress: 7760/200000 (3.9%)  ok=7760 fail=0  elapsed=8982s  eta=222522s
progress: 7780/200000 (3.9%)  ok=7780 fail=0  elapsed=9006s  eta=222521s
progress: 7800/200000 (3.9%)  ok=7800 fail=0  elapsed=9029s  eta=222475s
progress: 7820/200000 (3.9%)  ok=7820 fail=0  elapsed=9052s  eta=222454s
progress: 7840/200000 (3.9%)  ok=7840 fail=0  elapsed=9075s  eta=222435s
progress: 7860/200000 (3.9%)  ok=7860 fail=0  elapsed=9099s  eta=222416s
progress: 7880/200000 (3.9%)  ok=7880 fail=0  elapsed=9121s  eta=222377s
progress: 7900/200000 (4.0%)  ok=7900 fail=0  elapsed=9143s  eta=222334s
progress: 7920/200000 (4.0%)  ok=7920 fail=0  elapsed=9166s  eta=222308s
progress: 7940/200000 (4.0%)  ok=7940 fail=0  elapsed=9189s  eta=222269s
progress: 7960/200000 (4.0%)  ok=7960 fail=0  elapsed=9212s  eta=222252s
progress: 7980/200000 (4.0%)  ok=7980 fail=0  elapsed=9236s  eta=222234s
progress: 8000/200000 (4.0%)  ok=8000 fail=0  elapsed=9258s  eta=222195s
progress: 8020/200000 (4.0%)  ok=8020 fail=0  elapsed=9281s  eta=222154s
progress: 8040/200000 (4.0%)  ok=8040 fail=0  elapsed=9303s  eta=222113s
progress: 8060/200000 (4.0%)  ok=8060 fail=0  elapsed=9327s  eta=222120s
progress: 8080/200000 (4.0%)  ok=8080 fail=0  elapsed=9349s  eta=222061s
progress: 8100/200000 (4.0%)  ok=8100 fail=0  elapsed=9373s  eta=222058s
progress: 8120/200000 (4.1%)  ok=8120 fail=0  elapsed=9396s  eta=222032s
progress: 8140/200000 (4.1%)  ok=8140 fail=0  elapsed=9418s  eta=221983s
progress: 8160/200000 (4.1%)  ok=8160 fail=0  elapsed=9441s  eta=221962s
progress: 8180/200000 (4.1%)  ok=8180 fail=0  elapsed=9464s  eta=221918s
progress: 8200/200000 (4.1%)  ok=8200 fail=0  elapsed=9488s  eta=221926s
progress: 8220/200000 (4.1%)  ok=8220 fail=0  elapsed=9510s  eta=221884s
progress: 8240/200000 (4.1%)  ok=8240 fail=0  elapsed=9533s  eta=221849s
progress: 8260/200000 (4.1%)  ok=8260 fail=0  elapsed=9556s  eta=221826s
progress: 8280/200000 (4.1%)  ok=8280 fail=0  elapsed=9580s  eta=221813s
progress: 8300/200000 (4.2%)  ok=8300 fail=0  elapsed=9602s  eta=221769s
progress: 8320/200000 (4.2%)  ok=8320 fail=0  elapsed=9626s  eta=221775s
progress: 8340/200000 (4.2%)  ok=8340 fail=0  elapsed=9649s  eta=221736s
progress: 8360/200000 (4.2%)  ok=8360 fail=0  elapsed=9671s  eta=221698s
progress: 8380/200000 (4.2%)  ok=8380 fail=0  elapsed=9694s  eta=221664s
progress: 8400/200000 (4.2%)  ok=8400 fail=0  elapsed=9718s  eta=221655s
progress: 8420/200000 (4.2%)  ok=8420 fail=0  elapsed=9741s  eta=221638s
progress: 8440/200000 (4.2%)  ok=8440 fail=0  elapsed=9764s  eta=221605s
progress: 8460/200000 (4.2%)  ok=8460 fail=0  elapsed=9787s  eta=221576s
progress: 8480/200000 (4.2%)  ok=8480 fail=0  elapsed=9811s  eta=221576s
progress: 8500/200000 (4.2%)  ok=8500 fail=0  elapsed=9835s  eta=221572s
progress: 8520/200000 (4.3%)  ok=8520 fail=0  elapsed=9857s  eta=221530s
progress: 8540/200000 (4.3%)  ok=8540 fail=0  elapsed=9880s  eta=221503s
progress: 8560/200000 (4.3%)  ok=8560 fail=0  elapsed=9902s  eta=221454s
progress: 8580/200000 (4.3%)  ok=8580 fail=0  elapsed=9925s  eta=221426s
progress: 8600/200000 (4.3%)  ok=8600 fail=0  elapsed=9948s  eta=221391s
progress: 8620/200000 (4.3%)  ok=8620 fail=0  elapsed=9969s  eta=221335s
progress: 8640/200000 (4.3%)  ok=8640 fail=0  elapsed=9992s  eta=221303s
progress: 8660/200000 (4.3%)  ok=8660 fail=0  elapsed=10016s  eta=221296s
progress: 8680/200000 (4.3%)  ok=8680 fail=0  elapsed=10040s  eta=221286s
progress: 8700/200000 (4.3%)  ok=8700 fail=0  elapsed=10062s  eta=221250s
progress: 8720/200000 (4.4%)  ok=8720 fail=0  elapsed=10085s  eta=221227s
progress: 8740/200000 (4.4%)  ok=8740 fail=0  elapsed=10108s  eta=221185s
progress: 8760/200000 (4.4%)  ok=8760 fail=0  elapsed=10131s  eta=221162s
progress: 8780/200000 (4.4%)  ok=8780 fail=0  elapsed=10154s  eta=221134s
progress: 8800/200000 (4.4%)  ok=8800 fail=0  elapsed=10176s  eta=221094s
progress: 8820/200000 (4.4%)  ok=8820 fail=0  elapsed=10200s  eta=221096s
progress: 8840/200000 (4.4%)  ok=8840 fail=0  elapsed=10223s  eta=221073s
progress: 8860/200000 (4.4%)  ok=8860 fail=0  elapsed=10246s  eta=221047s
progress: 8880/200000 (4.4%)  ok=8880 fail=0  elapsed=10270s  eta=221030s
progress: 8900/200000 (4.5%)  ok=8900 fail=0  elapsed=10292s  eta=220987s
progress: 8920/200000 (4.5%)  ok=8920 fail=0  elapsed=10315s  eta=220960s
progress: 8940/200000 (4.5%)  ok=8940 fail=0  elapsed=10337s  eta=220921s
progress: 8960/200000 (4.5%)  ok=8960 fail=0  elapsed=10361s  eta=220906s
progress: 8980/200000 (4.5%)  ok=8980 fail=0  elapsed=10383s  eta=220871s
progress: 9000/200000 (4.5%)  ok=9000 fail=0  elapsed=10407s  eta=220860s
progress: 9020/200000 (4.5%)  ok=9020 fail=0  elapsed=10431s  eta=220847s
progress: 9040/200000 (4.5%)  ok=9040 fail=0  elapsed=10454s  eta=220825s
progress: 9060/200000 (4.5%)  ok=9060 fail=0  elapsed=10477s  eta=220805s
progress: 9080/200000 (4.5%)  ok=9080 fail=0  elapsed=10499s  eta=220751s
progress: 9100/200000 (4.5%)  ok=9100 fail=0  elapsed=10523s  eta=220745s
progress: 9120/200000 (4.6%)  ok=9120 fail=0  elapsed=10548s  eta=220758s
progress: 9140/200000 (4.6%)  ok=9140 fail=0  elapsed=10571s  eta=220751s
progress: 9160/200000 (4.6%)  ok=9160 fail=0  elapsed=10595s  eta=220743s
progress: 9180/200000 (4.6%)  ok=9180 fail=0  elapsed=10618s  eta=220701s
progress: 9200/200000 (4.6%)  ok=9200 fail=0  elapsed=10641s  eta=220682s
progress: 9220/200000 (4.6%)  ok=9220 fail=0  elapsed=10664s  eta=220649s
progress: 9240/200000 (4.6%)  ok=9240 fail=0  elapsed=10687s  eta=220632s
progress: 9260/200000 (4.6%)  ok=9260 fail=0  elapsed=10710s  eta=220610s
progress: 9280/200000 (4.6%)  ok=9280 fail=0  elapsed=10734s  eta=220611s
progress: 9300/200000 (4.7%)  ok=9300 fail=0  elapsed=10757s  eta=220585s
progress: 9320/200000 (4.7%)  ok=9320 fail=0  elapsed=10781s  eta=220563s
progress: 9340/200000 (4.7%)  ok=9340 fail=0  elapsed=10804s  eta=220546s
progress: 9360/200000 (4.7%)  ok=9360 fail=0  elapsed=10828s  eta=220539s
progress: 9380/200000 (4.7%)  ok=9380 fail=0  elapsed=10852s  eta=220536s
progress: 9400/200000 (4.7%)  ok=9400 fail=0  elapsed=10876s  eta=220534s
progress: 9420/200000 (4.7%)  ok=9420 fail=0  elapsed=10899s  eta=220509s
progress: 9440/200000 (4.7%)  ok=9440 fail=0  elapsed=10923s  eta=220497s
progress: 9460/200000 (4.7%)  ok=9460 fail=0  elapsed=10946s  eta=220479s
progress: 9480/200000 (4.7%)  ok=9480 fail=0  elapsed=10968s  eta=220433s
progress: 9500/200000 (4.8%)  ok=9500 fail=0  elapsed=10993s  eta=220432s
progress: 9520/200000 (4.8%)  ok=9520 fail=0  elapsed=11017s  eta=220440s
progress: 9540/200000 (4.8%)  ok=9540 fail=0  elapsed=11041s  eta=220436s
progress: 9560/200000 (4.8%)  ok=9560 fail=0  elapsed=11065s  eta=220412s
progress: 9580/200000 (4.8%)  ok=9580 fail=0  elapsed=11088s  eta=220397s
progress: 9600/200000 (4.8%)  ok=9600 fail=0  elapsed=11113s  eta=220400s
progress: 9620/200000 (4.8%)  ok=9620 fail=0  elapsed=11136s  eta=220377s
progress: 9640/200000 (4.8%)  ok=9640 fail=0  elapsed=11159s  eta=220364s
progress: 9660/200000 (4.8%)  ok=9660 fail=0  elapsed=11183s  eta=220345s
progress: 9680/200000 (4.8%)  ok=9680 fail=0  elapsed=11206s  eta=220325s
progress: 9700/200000 (4.9%)  ok=9700 fail=0  elapsed=11230s  eta=220313s
progress: 9720/200000 (4.9%)  ok=9720 fail=0  elapsed=11254s  eta=220313s
progress: 9740/200000 (4.9%)  ok=9740 fail=0  elapsed=11279s  eta=220319s
progress: 9760/200000 (4.9%)  ok=9760 fail=0  elapsed=11301s  eta=220286s
progress: 9780/200000 (4.9%)  ok=9780 fail=0  elapsed=11323s  eta=220239s
progress: 9800/200000 (4.9%)  ok=9800 fail=0  elapsed=11345s  eta=220185s
progress: 9820/200000 (4.9%)  ok=9820 fail=0  elapsed=11367s  eta=220148s
progress: 9840/200000 (4.9%)  ok=9840 fail=0  elapsed=11390s  eta=220112s
progress: 9860/200000 (4.9%)  ok=9860 fail=0  elapsed=11413s  eta=220084s
progress: 9880/200000 (4.9%)  ok=9880 fail=0  elapsed=11437s  eta=220086s
progress: 9900/200000 (5.0%)  ok=9900 fail=0  elapsed=11460s  eta=220055s
progress: 9920/200000 (5.0%)  ok=9920 fail=0  elapsed=11484s  eta=220040s
progress: 9940/200000 (5.0%)  ok=9940 fail=0  elapsed=11506s  eta=219996s
progress: 9960/200000 (5.0%)  ok=9960 fail=0  elapsed=11528s  eta=219965s
progress: 9980/200000 (5.0%)  ok=9980 fail=0  elapsed=11551s  eta=219933s
progress: 10000/200000 (5.0%)  ok=10000 fail=0  elapsed=11574s  eta=219903s
progress: 10020/200000 (5.0%)  ok=10020 fail=0  elapsed=11597s  eta=219886s
progress: 10040/200000 (5.0%)  ok=10040 fail=0  elapsed=11620s  eta=219846s
progress: 10060/200000 (5.0%)  ok=10060 fail=0  elapsed=11643s  eta=219836s
progress: 10080/200000 (5.0%)  ok=10080 fail=0  elapsed=11665s  eta=219788s
progress: 10100/200000 (5.1%)  ok=10100 fail=0  elapsed=11690s  eta=219800s
progress: 10120/200000 (5.1%)  ok=10120 fail=0  elapsed=11713s  eta=219777s
progress: 10140/200000 (5.1%)  ok=10140 fail=0  elapsed=11737s  eta=219764s
progress: 10160/200000 (5.1%)  ok=10160 fail=0  elapsed=11760s  eta=219738s
progress: 10180/200000 (5.1%)  ok=10180 fail=0  elapsed=11782s  eta=219699s
progress: 10200/200000 (5.1%)  ok=10200 fail=0  elapsed=11805s  eta=219666s
progress: 10220/200000 (5.1%)  ok=10220 fail=0  elapsed=11828s  eta=219644s
progress: 10240/200000 (5.1%)  ok=10240 fail=0  elapsed=11853s  eta=219654s
progress: 10260/200000 (5.1%)  ok=10260 fail=0  elapsed=11876s  eta=219625s
progress: 10280/200000 (5.1%)  ok=10280 fail=0  elapsed=11900s  eta=219614s
progress: 10300/200000 (5.1%)  ok=10300 fail=0  elapsed=11922s  eta=219581s
progress: 10320/200000 (5.2%)  ok=10320 fail=0  elapsed=11945s  eta=219554s
progress: 10340/200000 (5.2%)  ok=10340 fail=0  elapsed=11969s  eta=219545s
progress: 10360/200000 (5.2%)  ok=10360 fail=0  elapsed=11992s  eta=219520s
progress: 10380/200000 (5.2%)  ok=10380 fail=0  elapsed=12015s  eta=219483s
progress: 10400/200000 (5.2%)  ok=10400 fail=0  elapsed=12040s  eta=219490s
progress: 10420/200000 (5.2%)  ok=10420 fail=0  elapsed=12063s  eta=219466s
progress: 10440/200000 (5.2%)  ok=10440 fail=0  elapsed=12086s  eta=219453s
progress: 10460/200000 (5.2%)  ok=10460 fail=0  elapsed=12109s  eta=219419s
progress: 10480/200000 (5.2%)  ok=10480 fail=0  elapsed=12132s  eta=219401s
progress: 10500/200000 (5.2%)  ok=10500 fail=0  elapsed=12155s  eta=219373s
progress: 10520/200000 (5.3%)  ok=10520 fail=0  elapsed=12178s  eta=219349s
progress: 10540/200000 (5.3%)  ok=10540 fail=0  elapsed=12202s  eta=219330s
progress: 10560/200000 (5.3%)  ok=10560 fail=0  elapsed=12225s  eta=219312s
progress: 10580/200000 (5.3%)  ok=10580 fail=0  elapsed=12247s  eta=219272s
progress: 10600/200000 (5.3%)  ok=10600 fail=0  elapsed=12270s  eta=219241s
progress: 10620/200000 (5.3%)  ok=10620 fail=0  elapsed=12294s  eta=219224s
progress: 10640/200000 (5.3%)  ok=10640 fail=0  elapsed=12316s  eta=219193s
progress: 10660/200000 (5.3%)  ok=10660 fail=0  elapsed=12339s  eta=219159s
progress: 10680/200000 (5.3%)  ok=10680 fail=0  elapsed=12362s  eta=219143s
progress: 10700/200000 (5.3%)  ok=10700 fail=0  elapsed=12386s  eta=219125s
progress: 10720/200000 (5.4%)  ok=10720 fail=0  elapsed=12410s  eta=219111s
progress: 10740/200000 (5.4%)  ok=10740 fail=0  elapsed=12435s  eta=219124s
progress: 10760/200000 (5.4%)  ok=10760 fail=0  elapsed=12459s  eta=219119s
progress: 10780/200000 (5.4%)  ok=10780 fail=0  elapsed=12483s  eta=219107s
progress: 10800/200000 (5.4%)  ok=10800 fail=0  elapsed=12505s  eta=219072s
progress: 10820/200000 (5.4%)  ok=10820 fail=0  elapsed=12529s  eta=219055s
progress: 10840/200000 (5.4%)  ok=10840 fail=0  elapsed=12552s  eta=219038s
progress: 10860/200000 (5.4%)  ok=10860 fail=0  elapsed=12576s  eta=219029s
progress: 10880/200000 (5.4%)  ok=10880 fail=0  elapsed=12599s  eta=218998s
progress: 10900/200000 (5.5%)  ok=10900 fail=0  elapsed=12623s  eta=218986s
progress: 10920/200000 (5.5%)  ok=10920 fail=0  elapsed=12647s  eta=218976s
progress: 10940/200000 (5.5%)  ok=10940 fail=0  elapsed=12671s  eta=218971s
progress: 10960/200000 (5.5%)  ok=10960 fail=0  elapsed=12695s  eta=218959s
progress: 10980/200000 (5.5%)  ok=10980 fail=0  elapsed=12718s  eta=218947s
progress: 11000/200000 (5.5%)  ok=11000 fail=0  elapsed=12741s  eta=218912s
progress: 11020/200000 (5.5%)  ok=11020 fail=0  elapsed=12764s  eta=218884s
progress: 11040/200000 (5.5%)  ok=11040 fail=0  elapsed=12788s  eta=218876s
progress: 11060/200000 (5.5%)  ok=11060 fail=0  elapsed=12810s  eta=218844s
progress: 11080/200000 (5.5%)  ok=11080 fail=0  elapsed=12834s  eta=218826s
progress: 11100/200000 (5.5%)  ok=11100 fail=0  elapsed=12858s  eta=218824s
progress: 11120/200000 (5.6%)  ok=11120 fail=0  elapsed=12882s  eta=218801s
progress: 11140/200000 (5.6%)  ok=11140 fail=0  elapsed=12904s  eta=218761s
progress: 11160/200000 (5.6%)  ok=11160 fail=0  elapsed=12927s  eta=218741s
progress: 11180/200000 (5.6%)  ok=11180 fail=0  elapsed=12951s  eta=218725s
progress: 11200/200000 (5.6%)  ok=11200 fail=0  elapsed=12974s  eta=218702s
progress: 11220/200000 (5.6%)  ok=11220 fail=0  elapsed=12997s  eta=218682s
progress: 11240/200000 (5.6%)  ok=11240 fail=0  elapsed=13020s  eta=218648s
progress: 11260/200000 (5.6%)  ok=11260 fail=0  elapsed=13041s  eta=218598s
progress: 11280/200000 (5.6%)  ok=11280 fail=0  elapsed=13064s  eta=218574s
progress: 11300/200000 (5.7%)  ok=11300 fail=0  elapsed=13087s  eta=218546s
progress: 11320/200000 (5.7%)  ok=11320 fail=0  elapsed=13110s  eta=218516s
progress: 11340/200000 (5.7%)  ok=11340 fail=0  elapsed=13134s  eta=218502s
progress: 11360/200000 (5.7%)  ok=11360 fail=0  elapsed=13156s  eta=218464s
progress: 11380/200000 (5.7%)  ok=11380 fail=0  elapsed=13179s  eta=218443s
progress: 11400/200000 (5.7%)  ok=11400 fail=0  elapsed=13203s  eta=218431s
progress: 11420/200000 (5.7%)  ok=11420 fail=0  elapsed=13227s  eta=218414s
progress: 11440/200000 (5.7%)  ok=11440 fail=0  elapsed=13250s  eta=218394s
progress: 11460/200000 (5.7%)  ok=11460 fail=0  elapsed=13274s  eta=218383s
progress: 11480/200000 (5.7%)  ok=11480 fail=0  elapsed=13297s  eta=218359s
progress: 11500/200000 (5.8%)  ok=11500 fail=0  elapsed=13320s  eta=218329s
progress: 11520/200000 (5.8%)  ok=11520 fail=0  elapsed=13342s  eta=218288s
progress: 11540/200000 (5.8%)  ok=11540 fail=0  elapsed=13364s  eta=218250s
progress: 11560/200000 (5.8%)  ok=11560 fail=0  elapsed=13387s  eta=218227s
progress: 11580/200000 (5.8%)  ok=11580 fail=0  elapsed=13411s  eta=218212s
progress: 11600/200000 (5.8%)  ok=11600 fail=0  elapsed=13434s  eta=218182s
progress: 11620/200000 (5.8%)  ok=11620 fail=0  elapsed=13456s  eta=218148s
progress: 11640/200000 (5.8%)  ok=11640 fail=0  elapsed=13481s  eta=218158s
progress: 11660/200000 (5.8%)  ok=11660 fail=0  elapsed=13503s  eta=218114s
progress: 11680/200000 (5.8%)  ok=11680 fail=0  elapsed=13526s  eta=218076s
progress: 11700/200000 (5.9%)  ok=11700 fail=0  elapsed=13549s  eta=218050s
progress: 11720/200000 (5.9%)  ok=11720 fail=0  elapsed=13573s  eta=218055s
progress: 11740/200000 (5.9%)  ok=11740 fail=0  elapsed=13597s  eta=218040s
progress: 11760/200000 (5.9%)  ok=11760 fail=0  elapsed=13621s  eta=218025s
progress: 11780/200000 (5.9%)  ok=11780 fail=0  elapsed=13644s  eta=218004s
progress: 11800/200000 (5.9%)  ok=11800 fail=0  elapsed=13667s  eta=217981s
progress: 11820/200000 (5.9%)  ok=11820 fail=0  elapsed=13691s  eta=217960s
progress: 11840/200000 (5.9%)  ok=11840 fail=0  elapsed=13715s  eta=217950s
progress: 11860/200000 (5.9%)  ok=11860 fail=0  elapsed=13738s  eta=217933s
progress: 11880/200000 (5.9%)  ok=11880 fail=0  elapsed=13760s  eta=217892s
progress: 11900/200000 (5.9%)  ok=11900 fail=0  elapsed=13784s  eta=217874s
progress: 11920/200000 (6.0%)  ok=11920 fail=0  elapsed=13808s  eta=217864s
progress: 11940/200000 (6.0%)  ok=11940 fail=0  elapsed=13832s  eta=217857s
progress: 11960/200000 (6.0%)  ok=11960 fail=0  elapsed=13855s  eta=217840s
progress: 11980/200000 (6.0%)  ok=11980 fail=0  elapsed=13879s  eta=217824s
progress: 12000/200000 (6.0%)  ok=12000 fail=0  elapsed=13902s  eta=217797s
progress: 12020/200000 (6.0%)  ok=12020 fail=0  elapsed=13925s  eta=217767s
progress: 12040/200000 (6.0%)  ok=12040 fail=0  elapsed=13948s  eta=217745s
progress: 12060/200000 (6.0%)  ok=12060 fail=0  elapsed=13971s  eta=217714s
progress: 12080/200000 (6.0%)  ok=12080 fail=0  elapsed=13994s  eta=217694s
progress: 12100/200000 (6.0%)  ok=12100 fail=0  elapsed=14016s  eta=217646s
progress: 12120/200000 (6.1%)  ok=12120 fail=0  elapsed=14039s  eta=217622s
progress: 12140/200000 (6.1%)  ok=12140 fail=0  elapsed=14062s  eta=217605s
progress: 12160/200000 (6.1%)  ok=12160 fail=0  elapsed=14084s  eta=217567s
progress: 12180/200000 (6.1%)  ok=12180 fail=0  elapsed=14108s  eta=217546s
progress: 12200/200000 (6.1%)  ok=12200 fail=0  elapsed=14131s  eta=217525s
progress: 12220/200000 (6.1%)  ok=12220 fail=0  elapsed=14154s  eta=217496s
progress: 12240/200000 (6.1%)  ok=12240 fail=0  elapsed=14176s  eta=217464s
progress: 12260/200000 (6.1%)  ok=12260 fail=0  elapsed=14199s  eta=217432s
progress: 12280/200000 (6.1%)  ok=12280 fail=0  elapsed=14221s  eta=217397s
progress: 12300/200000 (6.2%)  ok=12300 fail=0  elapsed=14243s  eta=217351s
progress: 12320/200000 (6.2%)  ok=12320 fail=0  elapsed=14267s  eta=217341s
progress: 12340/200000 (6.2%)  ok=12340 fail=0  elapsed=14290s  eta=217314s
progress: 12360/200000 (6.2%)  ok=12360 fail=0  elapsed=14312s  eta=217276s
progress: 12380/200000 (6.2%)  ok=12380 fail=0  elapsed=14336s  eta=217264s
progress: 12400/200000 (6.2%)  ok=12400 fail=0  elapsed=14359s  eta=217232s
progress: 12420/200000 (6.2%)  ok=12420 fail=0  elapsed=14384s  eta=217237s
progress: 12440/200000 (6.2%)  ok=12440 fail=0  elapsed=14406s  eta=217198s
progress: 12460/200000 (6.2%)  ok=12460 fail=0  elapsed=14429s  eta=217174s
progress: 12480/200000 (6.2%)  ok=12480 fail=0  elapsed=14452s  eta=217147s
progress: 12500/200000 (6.2%)  ok=12500 fail=0  elapsed=14475s  eta=217121s
progress: 12520/200000 (6.3%)  ok=12520 fail=0  elapsed=14499s  eta=217111s
progress: 12540/200000 (6.3%)  ok=12540 fail=0  elapsed=14522s  eta=217083s
progress: 12560/200000 (6.3%)  ok=12560 fail=0  elapsed=14545s  eta=217057s
progress: 12580/200000 (6.3%)  ok=12580 fail=0  elapsed=14568s  eta=217036s
progress: 12600/200000 (6.3%)  ok=12600 fail=0  elapsed=14592s  eta=217029s
progress: 12620/200000 (6.3%)  ok=12620 fail=0  elapsed=14616s  eta=217016s
progress: 12640/200000 (6.3%)  ok=12640 fail=0  elapsed=14641s  eta=217015s
progress: 12660/200000 (6.3%)  ok=12660 fail=0  elapsed=14664s  eta=216998s
progress: 12680/200000 (6.3%)  ok=12680 fail=0  elapsed=14687s  eta=216966s
progress: 12700/200000 (6.3%)  ok=12700 fail=0  elapsed=14709s  eta=216935s
progress: 12720/200000 (6.4%)  ok=12720 fail=0  elapsed=14732s  eta=216907s
progress: 12740/200000 (6.4%)  ok=12740 fail=0  elapsed=14756s  eta=216887s
progress: 12760/200000 (6.4%)  ok=12760 fail=0  elapsed=14778s  eta=216857s
progress: 12780/200000 (6.4%)  ok=12780 fail=0  elapsed=14802s  eta=216841s
progress: 12800/200000 (6.4%)  ok=12800 fail=0  elapsed=14825s  eta=216818s
progress: 12820/200000 (6.4%)  ok=12820 fail=0  elapsed=14849s  eta=216804s
progress: 12840/200000 (6.4%)  ok=12840 fail=0  elapsed=14871s  eta=216758s
progress: 12860/200000 (6.4%)  ok=12860 fail=0  elapsed=14895s  eta=216750s
progress: 12880/200000 (6.4%)  ok=12880 fail=0  elapsed=14918s  eta=216734s
progress: 12900/200000 (6.5%)  ok=12900 fail=0  elapsed=14940s  eta=216694s
progress: 12920/200000 (6.5%)  ok=12920 fail=0  elapsed=14964s  eta=216676s
progress: 12940/200000 (6.5%)  ok=12940 fail=0  elapsed=14986s  eta=216637s
progress: 12960/200000 (6.5%)  ok=12960 fail=0  elapsed=15009s  eta=216608s
progress: 12980/200000 (6.5%)  ok=12980 fail=0  elapsed=15032s  eta=216589s
progress: 13000/200000 (6.5%)  ok=13000 fail=0  elapsed=15054s  eta=216547s
progress: 13020/200000 (6.5%)  ok=13020 fail=0  elapsed=15077s  eta=216517s
progress: 13040/200000 (6.5%)  ok=13040 fail=0  elapsed=15100s  eta=216497s
progress: 13060/200000 (6.5%)  ok=13060 fail=0  elapsed=15122s  eta=216462s
progress: 13080/200000 (6.5%)  ok=13080 fail=0  elapsed=15145s  eta=216433s
progress: 13100/200000 (6.6%)  ok=13100 fail=0  elapsed=15169s  eta=216420s
progress: 13120/200000 (6.6%)  ok=13120 fail=0  elapsed=15193s  eta=216412s
progress: 13140/200000 (6.6%)  ok=13140 fail=0  elapsed=15218s  eta=216406s
progress: 13160/200000 (6.6%)  ok=13160 fail=0  elapsed=15241s  eta=216387s
progress: 13180/200000 (6.6%)  ok=13180 fail=0  elapsed=15265s  eta=216374s
progress: 13200/200000 (6.6%)  ok=13200 fail=0  elapsed=15288s  eta=216346s
progress: 13220/200000 (6.6%)  ok=13220 fail=0  elapsed=15311s  eta=216328s
progress: 13240/200000 (6.6%)  ok=13240 fail=0  elapsed=15335s  eta=216318s
progress: 13260/200000 (6.6%)  ok=13260 fail=0  elapsed=15359s  eta=216299s
progress: 13280/200000 (6.6%)  ok=13280 fail=0  elapsed=15382s  eta=216279s
progress: 13300/200000 (6.7%)  ok=13300 fail=0  elapsed=15406s  eta=216263s
progress: 13320/200000 (6.7%)  ok=13320 fail=0  elapsed=15428s  eta=216227s
progress: 13340/200000 (6.7%)  ok=13340 fail=0  elapsed=15450s  eta=216188s
progress: 13360/200000 (6.7%)  ok=13360 fail=0  elapsed=15474s  eta=216168s
progress: 13380/200000 (6.7%)  ok=13380 fail=0  elapsed=15497s  eta=216141s
progress: 13400/200000 (6.7%)  ok=13400 fail=0  elapsed=15520s  eta=216115s
progress: 13420/200000 (6.7%)  ok=13420 fail=0  elapsed=15543s  eta=216097s
progress: 13440/200000 (6.7%)  ok=13440 fail=0  elapsed=15565s  eta=216055s
progress: 13460/200000 (6.7%)  ok=13460 fail=0  elapsed=15588s  eta=216033s
progress: 13480/200000 (6.7%)  ok=13480 fail=0  elapsed=15611s  eta=216008s
progress: 13500/200000 (6.8%)  ok=13500 fail=0  elapsed=15637s  eta=216020s
progress: 13520/200000 (6.8%)  ok=13520 fail=0  elapsed=15660s  eta=215993s
progress: 13540/200000 (6.8%)  ok=13540 fail=0  elapsed=15683s  eta=215968s
progress: 13560/200000 (6.8%)  ok=13560 fail=0  elapsed=15705s  eta=215935s
progress: 13580/200000 (6.8%)  ok=13580 fail=0  elapsed=15728s  eta=215902s
progress: 13600/200000 (6.8%)  ok=13600 fail=0  elapsed=15751s  eta=215886s
progress: 13620/200000 (6.8%)  ok=13620 fail=0  elapsed=15775s  eta=215872s
progress: 13640/200000 (6.8%)  ok=13640 fail=0  elapsed=15799s  eta=215861s
progress: 13660/200000 (6.8%)  ok=13660 fail=0  elapsed=15822s  eta=215839s
progress: 13680/200000 (6.8%)  ok=13680 fail=0  elapsed=15845s  eta=215808s
progress: 13700/200000 (6.9%)  ok=13700 fail=0  elapsed=15868s  eta=215776s
progress: 13720/200000 (6.9%)  ok=13720 fail=0  elapsed=15890s  eta=215738s
progress: 13740/200000 (6.9%)  ok=13740 fail=0  elapsed=15913s  eta=215715s
progress: 13760/200000 (6.9%)  ok=13760 fail=0  elapsed=15935s  eta=215676s
progress: 13780/200000 (6.9%)  ok=13780 fail=0  elapsed=15957s  eta=215644s
progress: 13800/200000 (6.9%)  ok=13800 fail=0  elapsed=15980s  eta=215620s
progress: 13820/200000 (6.9%)  ok=13820 fail=0  elapsed=16002s  eta=215579s
progress: 13840/200000 (6.9%)  ok=13840 fail=0  elapsed=16027s  eta=215575s
progress: 13860/200000 (6.9%)  ok=13860 fail=0  elapsed=16050s  eta=215552s
progress: 13880/200000 (6.9%)  ok=13880 fail=0  elapsed=16072s  eta=215514s
progress: 13900/200000 (7.0%)  ok=13900 fail=0  elapsed=16095s  eta=215485s
progress: 13920/200000 (7.0%)  ok=13920 fail=0  elapsed=16118s  eta=215456s
progress: 13940/200000 (7.0%)  ok=13940 fail=0  elapsed=16141s  eta=215441s
progress: 13960/200000 (7.0%)  ok=13960 fail=0  elapsed=16166s  eta=215432s
progress: 13980/200000 (7.0%)  ok=13980 fail=0  elapsed=16189s  eta=215410s
progress: 14000/200000 (7.0%)  ok=14000 fail=0  elapsed=16212s  eta=215382s
progress: 14020/200000 (7.0%)  ok=14020 fail=0  elapsed=16236s  eta=215376s
progress: 14040/200000 (7.0%)  ok=14040 fail=0  elapsed=16259s  eta=215350s
progress: 14060/200000 (7.0%)  ok=14060 fail=0  elapsed=16282s  eta=215329s
progress: 14080/200000 (7.0%)  ok=14080 fail=0  elapsed=16304s  eta=215287s
progress: 14100/200000 (7.0%)  ok=14100 fail=0  elapsed=16327s  eta=215257s
progress: 14120/200000 (7.1%)  ok=14120 fail=0  elapsed=16349s  eta=215227s
progress: 14140/200000 (7.1%)  ok=14140 fail=0  elapsed=16372s  eta=215198s
progress: 14160/200000 (7.1%)  ok=14160 fail=0  elapsed=16394s  eta=215165s
progress: 14180/200000 (7.1%)  ok=14180 fail=0  elapsed=16419s  eta=215155s
progress: 14200/200000 (7.1%)  ok=14200 fail=0  elapsed=16442s  eta=215131s
progress: 14220/200000 (7.1%)  ok=14220 fail=0  elapsed=16465s  eta=215116s
progress: 14240/200000 (7.1%)  ok=14240 fail=0  elapsed=16487s  eta=215075s
progress: 14260/200000 (7.1%)  ok=14260 fail=0  elapsed=16511s  eta=215056s
progress: 14280/200000 (7.1%)  ok=14280 fail=0  elapsed=16535s  eta=215041s
progress: 14300/200000 (7.1%)  ok=14300 fail=0  elapsed=16558s  eta=215023s
progress: 14320/200000 (7.2%)  ok=14320 fail=0  elapsed=16583s  eta=215021s
progress: 14340/200000 (7.2%)  ok=14340 fail=0  elapsed=16606s  eta=215003s
progress: 14360/200000 (7.2%)  ok=14360 fail=0  elapsed=16631s  eta=215002s
progress: 14380/200000 (7.2%)  ok=14380 fail=0  elapsed=16655s  eta=214983s
progress: 14400/200000 (7.2%)  ok=14400 fail=0  elapsed=16677s  eta=214946s
progress: 14420/200000 (7.2%)  ok=14420 fail=0  elapsed=16701s  eta=214934s
progress: 14440/200000 (7.2%)  ok=14440 fail=0  elapsed=16723s  eta=214894s
progress: 14460/200000 (7.2%)  ok=14460 fail=0  elapsed=16747s  eta=214880s
progress: 14480/200000 (7.2%)  ok=14480 fail=0  elapsed=16769s  eta=214850s
progress: 14500/200000 (7.2%)  ok=14500 fail=0  elapsed=16792s  eta=214824s
progress: 14520/200000 (7.3%)  ok=14520 fail=0  elapsed=16815s  eta=214792s
progress: 14540/200000 (7.3%)  ok=14540 fail=0  elapsed=16838s  eta=214773s
progress: 14560/200000 (7.3%)  ok=14560 fail=0  elapsed=16861s  eta=214751s
progress: 14580/200000 (7.3%)  ok=14580 fail=0  elapsed=16885s  eta=214738s
progress: 14600/200000 (7.3%)  ok=14600 fail=0  elapsed=16908s  eta=214710s
progress: 14620/200000 (7.3%)  ok=14620 fail=0  elapsed=16930s  eta=214675s
progress: 14640/200000 (7.3%)  ok=14640 fail=0  elapsed=16955s  eta=214669s
progress: 14660/200000 (7.3%)  ok=14660 fail=0  elapsed=16978s  eta=214646s
progress: 14680/200000 (7.3%)  ok=14680 fail=0  elapsed=17001s  eta=214623s
progress: 14700/200000 (7.3%)  ok=14700 fail=0  elapsed=17024s  eta=214590s
progress: 14720/200000 (7.4%)  ok=14720 fail=0  elapsed=17046s  eta=214563s
progress: 14740/200000 (7.4%)  ok=14740 fail=0  elapsed=17069s  eta=214527s
progress: 14760/200000 (7.4%)  ok=14760 fail=0  elapsed=17093s  eta=214521s
progress: 14780/200000 (7.4%)  ok=14780 fail=0  elapsed=17116s  eta=214489s
progress: 14800/200000 (7.4%)  ok=14800 fail=0  elapsed=17137s  eta=214449s
progress: 14820/200000 (7.4%)  ok=14820 fail=0  elapsed=17161s  eta=214435s
progress: 14840/200000 (7.4%)  ok=14840 fail=0  elapsed=17184s  eta=214409s
progress: 14860/200000 (7.4%)  ok=14860 fail=0  elapsed=17208s  eta=214388s
progress: 14880/200000 (7.4%)  ok=14880 fail=0  elapsed=17229s  eta=214349s
progress: 14900/200000 (7.4%)  ok=14900 fail=0  elapsed=17252s  eta=214313s
progress: 14920/200000 (7.5%)  ok=14920 fail=0  elapsed=17276s  eta=214300s
progress: 14940/200000 (7.5%)  ok=14940 fail=0  elapsed=17299s  eta=214286s
progress: 14960/200000 (7.5%)  ok=14960 fail=0  elapsed=17323s  eta=214265s
progress: 14980/200000 (7.5%)  ok=14980 fail=0  elapsed=17344s  eta=214221s
progress: 15000/200000 (7.5%)  ok=15000 fail=0  elapsed=17367s  eta=214194s
progress: 15020/200000 (7.5%)  ok=15020 fail=0  elapsed=17391s  eta=214179s
progress: 15040/200000 (7.5%)  ok=15040 fail=0  elapsed=17413s  eta=214147s
progress: 15060/200000 (7.5%)  ok=15060 fail=0  elapsed=17439s  eta=214150s
progress: 15080/200000 (7.5%)  ok=15080 fail=0  elapsed=17461s  eta=214117s
progress: 15100/200000 (7.5%)  ok=15100 fail=0  elapsed=17484s  eta=214088s
progress: 15120/200000 (7.6%)  ok=15120 fail=0  elapsed=17507s  eta=214069s
progress: 15140/200000 (7.6%)  ok=15140 fail=0  elapsed=17531s  eta=214056s
progress: 15160/200000 (7.6%)  ok=15160 fail=0  elapsed=17556s  eta=214052s
progress: 15180/200000 (7.6%)  ok=15180 fail=0  elapsed=17579s  eta=214031s
progress: 15200/200000 (7.6%)  ok=15200 fail=0  elapsed=17602s  eta=214008s
progress: 15220/200000 (7.6%)  ok=15220 fail=0  elapsed=17625s  eta=213976s
progress: 15240/200000 (7.6%)  ok=15240 fail=0  elapsed=17647s  eta=213946s
progress: 15260/200000 (7.6%)  ok=15260 fail=0  elapsed=17670s  eta=213918s
progress: 15280/200000 (7.6%)  ok=15280 fail=0  elapsed=17693s  eta=213891s
progress: 15300/200000 (7.6%)  ok=15300 fail=0  elapsed=17716s  eta=213864s
progress: 15320/200000 (7.7%)  ok=15320 fail=0  elapsed=17738s  eta=213832s
progress: 15340/200000 (7.7%)  ok=15340 fail=0  elapsed=17761s  eta=213802s
progress: 15360/200000 (7.7%)  ok=15360 fail=0  elapsed=17783s  eta=213766s
progress: 15380/200000 (7.7%)  ok=15380 fail=0  elapsed=17806s  eta=213739s
progress: 15400/200000 (7.7%)  ok=15400 fail=0  elapsed=17828s  eta=213706s
progress: 15420/200000 (7.7%)  ok=15420 fail=0  elapsed=17850s  eta=213671s
progress: 15440/200000 (7.7%)  ok=15440 fail=0  elapsed=17874s  eta=213649s
progress: 15460/200000 (7.7%)  ok=15460 fail=0  elapsed=17895s  eta=213609s
progress: 15480/200000 (7.7%)  ok=15480 fail=0  elapsed=17918s  eta=213582s
progress: 15500/200000 (7.8%)  ok=15500 fail=0  elapsed=17942s  eta=213562s
progress: 15520/200000 (7.8%)  ok=15520 fail=0  elapsed=17966s  eta=213556s
progress: 15540/200000 (7.8%)  ok=15540 fail=0  elapsed=17989s  eta=213534s
progress: 15560/200000 (7.8%)  ok=15560 fail=0  elapsed=18011s  eta=213497s
progress: 15580/200000 (7.8%)  ok=15580 fail=0  elapsed=18037s  eta=213508s
progress: 15600/200000 (7.8%)  ok=15600 fail=0  elapsed=18061s  eta=213494s
progress: 15620/200000 (7.8%)  ok=15620 fail=0  elapsed=18084s  eta=213462s
progress: 15640/200000 (7.8%)  ok=15640 fail=0  elapsed=18106s  eta=213433s
progress: 15660/200000 (7.8%)  ok=15660 fail=0  elapsed=18131s  eta=213422s
progress: 15680/200000 (7.8%)  ok=15680 fail=0  elapsed=18155s  eta=213414s
progress: 15700/200000 (7.8%)  ok=15700 fail=0  elapsed=18180s  eta=213411s
progress: 15720/200000 (7.9%)  ok=15720 fail=0  elapsed=18203s  eta=213389s
progress: 15740/200000 (7.9%)  ok=15740 fail=0  elapsed=18227s  eta=213371s
progress: 15760/200000 (7.9%)  ok=15760 fail=0  elapsed=18249s  eta=213338s
progress: 15780/200000 (7.9%)  ok=15780 fail=0  elapsed=18274s  eta=213333s
progress: 15800/200000 (7.9%)  ok=15800 fail=0  elapsed=18298s  eta=213319s
progress: 15820/200000 (7.9%)  ok=15820 fail=0  elapsed=18322s  eta=213307s
progress: 15840/200000 (7.9%)  ok=15840 fail=0  elapsed=18345s  eta=213282s
progress: 15860/200000 (7.9%)  ok=15860 fail=0  elapsed=18369s  eta=213265s
progress: 15880/200000 (7.9%)  ok=15880 fail=0  elapsed=18391s  eta=213234s
progress: 15900/200000 (8.0%)  ok=15900 fail=0  elapsed=18414s  eta=213212s
progress: 15920/200000 (8.0%)  ok=15920 fail=0  elapsed=18438s  eta=213196s
progress: 15940/200000 (8.0%)  ok=15940 fail=0  elapsed=18461s  eta=213171s
progress: 15960/200000 (8.0%)  ok=15960 fail=0  elapsed=18484s  eta=213140s
progress: 15980/200000 (8.0%)  ok=15980 fail=0  elapsed=18507s  eta=213124s
progress: 16000/200000 (8.0%)  ok=16000 fail=0  elapsed=18530s  eta=213099s
progress: 16020/200000 (8.0%)  ok=16020 fail=0  elapsed=18554s  eta=213081s
progress: 16040/200000 (8.0%)  ok=16040 fail=0  elapsed=18578s  eta=213064s
progress: 16060/200000 (8.0%)  ok=16060 fail=0  elapsed=18600s  eta=213030s
progress: 16080/200000 (8.0%)  ok=16080 fail=0  elapsed=18624s  eta=213021s
progress: 16100/200000 (8.1%)  ok=16100 fail=0  elapsed=18648s  eta=213008s
progress: 16120/200000 (8.1%)  ok=16120 fail=0  elapsed=18672s  eta=212985s
progress: 16140/200000 (8.1%)  ok=16140 fail=0  elapsed=18695s  eta=212961s
progress: 16160/200000 (8.1%)  ok=16160 fail=0  elapsed=18717s  eta=212930s
progress: 16180/200000 (8.1%)  ok=16180 fail=0  elapsed=18741s  eta=212913s
progress: 16200/200000 (8.1%)  ok=16200 fail=0  elapsed=18762s  eta=212873s
progress: 16220/200000 (8.1%)  ok=16220 fail=0  elapsed=18786s  eta=212857s
progress: 16240/200000 (8.1%)  ok=16240 fail=0  elapsed=18810s  eta=212842s
progress: 16260/200000 (8.1%)  ok=16260 fail=0  elapsed=18834s  eta=212827s
progress: 16280/200000 (8.1%)  ok=16280 fail=0  elapsed=18857s  eta=212803s
progress: 16300/200000 (8.2%)  ok=16300 fail=0  elapsed=18881s  eta=212790s
progress: 16320/200000 (8.2%)  ok=16320 fail=0  elapsed=18906s  eta=212781s
progress: 16340/200000 (8.2%)  ok=16340 fail=0  elapsed=18929s  eta=212763s
progress: 16360/200000 (8.2%)  ok=16360 fail=0  elapsed=18952s  eta=212730s
progress: 16380/200000 (8.2%)  ok=16380 fail=0  elapsed=18974s  eta=212697s
progress: 16400/200000 (8.2%)  ok=16400 fail=0  elapsed=18997s  eta=212673s
progress: 16420/200000 (8.2%)  ok=16420 fail=0  elapsed=19019s  eta=212641s
progress: 16440/200000 (8.2%)  ok=16440 fail=0  elapsed=19042s  eta=212613s
progress: 16460/200000 (8.2%)  ok=16460 fail=0  elapsed=19066s  eta=212596s
progress: 16480/200000 (8.2%)  ok=16480 fail=0  elapsed=19089s  eta=212570s
progress: 16500/200000 (8.2%)  ok=16500 fail=0  elapsed=19112s  eta=212549s
progress: 16520/200000 (8.3%)  ok=16520 fail=0  elapsed=19135s  eta=212526s
progress: 16540/200000 (8.3%)  ok=16540 fail=0  elapsed=19158s  eta=212501s
progress: 16560/200000 (8.3%)  ok=16560 fail=0  elapsed=19183s  eta=212493s
progress: 16580/200000 (8.3%)  ok=16580 fail=0  elapsed=19206s  eta=212467s
progress: 16600/200000 (8.3%)  ok=16600 fail=0  elapsed=19230s  eta=212454s
progress: 16620/200000 (8.3%)  ok=16620 fail=0  elapsed=19254s  eta=212441s
progress: 16640/200000 (8.3%)  ok=16640 fail=0  elapsed=19277s  eta=212419s
progress: 16660/200000 (8.3%)  ok=16660 fail=0  elapsed=19300s  eta=212388s
progress: 16680/200000 (8.3%)  ok=16680 fail=0  elapsed=19324s  eta=212376s
progress: 16700/200000 (8.3%)  ok=16700 fail=0  elapsed=19347s  eta=212353s
progress: 16720/200000 (8.4%)  ok=16720 fail=0  elapsed=19370s  eta=212329s
progress: 16740/200000 (8.4%)  ok=16740 fail=0  elapsed=19393s  eta=212305s
progress: 16760/200000 (8.4%)  ok=16760 fail=0  elapsed=19416s  eta=212282s
progress: 16780/200000 (8.4%)  ok=16780 fail=0  elapsed=19440s  eta=212262s
progress: 16800/200000 (8.4%)  ok=16800 fail=0  elapsed=19463s  eta=212236s
progress: 16820/200000 (8.4%)  ok=16820 fail=0  elapsed=19487s  eta=212221s
progress: 16840/200000 (8.4%)  ok=16840 fail=0  elapsed=19508s  eta=212179s
progress: 16860/200000 (8.4%)  ok=16860 fail=0  elapsed=19530s  eta=212143s
progress: 16880/200000 (8.4%)  ok=16880 fail=0  elapsed=19554s  eta=212125s
progress: 16900/200000 (8.5%)  ok=16900 fail=0  elapsed=19578s  eta=212114s
progress: 16920/200000 (8.5%)  ok=16920 fail=0  elapsed=19601s  eta=212085s
progress: 16940/200000 (8.5%)  ok=16940 fail=0  elapsed=19623s  eta=212051s
progress: 16960/200000 (8.5%)  ok=16960 fail=0  elapsed=19646s  eta=212031s
progress: 16980/200000 (8.5%)  ok=16980 fail=0  elapsed=19671s  eta=212025s
progress: 17000/200000 (8.5%)  ok=17000 fail=0  elapsed=19693s  eta=211988s
progress: 17020/200000 (8.5%)  ok=17020 fail=0  elapsed=19716s  eta=211960s
progress: 17040/200000 (8.5%)  ok=17040 fail=0  elapsed=19738s  eta=211925s
progress: 17060/200000 (8.5%)  ok=17060 fail=0  elapsed=19761s  eta=211902s
progress: 17080/200000 (8.5%)  ok=17080 fail=0  elapsed=19784s  eta=211876s
progress: 17100/200000 (8.6%)  ok=17100 fail=0  elapsed=19807s  eta=211859s
progress: 17120/200000 (8.6%)  ok=17120 fail=0  elapsed=19831s  eta=211841s
progress: 17140/200000 (8.6%)  ok=17140 fail=0  elapsed=19855s  eta=211822s
progress: 17160/200000 (8.6%)  ok=17160 fail=0  elapsed=19876s  eta=211783s
progress: 17180/200000 (8.6%)  ok=17180 fail=0  elapsed=19900s  eta=211760s
progress: 17200/200000 (8.6%)  ok=17200 fail=0  elapsed=19923s  eta=211735s
progress: 17220/200000 (8.6%)  ok=17220 fail=0  elapsed=19946s  eta=211711s
progress: 17240/200000 (8.6%)  ok=17240 fail=0  elapsed=19968s  eta=211678s
progress: 17260/200000 (8.6%)  ok=17260 fail=0  elapsed=19991s  eta=211654s
progress: 17280/200000 (8.6%)  ok=17280 fail=0  elapsed=20014s  eta=211626s
progress: 17300/200000 (8.6%)  ok=17300 fail=0  elapsed=20036s  eta=211591s
progress: 17320/200000 (8.7%)  ok=17320 fail=0  elapsed=20059s  eta=211566s
progress: 17340/200000 (8.7%)  ok=17340 fail=0  elapsed=20081s  eta=211535s
progress: 17360/200000 (8.7%)  ok=17360 fail=0  elapsed=20106s  eta=211532s
progress: 17380/200000 (8.7%)  ok=17380 fail=0  elapsed=20129s  eta=211510s
progress: 17400/200000 (8.7%)  ok=17400 fail=0  elapsed=20152s  eta=211484s
progress: 17420/200000 (8.7%)  ok=17420 fail=0  elapsed=20177s  eta=211471s
progress: 17440/200000 (8.7%)  ok=17440 fail=0  elapsed=20200s  eta=211451s
progress: 17460/200000 (8.7%)  ok=17460 fail=0  elapsed=20223s  eta=211423s
progress: 17480/200000 (8.7%)  ok=17480 fail=0  elapsed=20248s  eta=211419s
progress: 17500/200000 (8.8%)  ok=17500 fail=0  elapsed=20272s  eta=211404s
progress: 17520/200000 (8.8%)  ok=17520 fail=0  elapsed=20296s  eta=211393s
progress: 17540/200000 (8.8%)  ok=17540 fail=0  elapsed=20320s  eta=211378s
progress: 17560/200000 (8.8%)  ok=17560 fail=0  elapsed=20344s  eta=211365s
progress: 17580/200000 (8.8%)  ok=17580 fail=0  elapsed=20368s  eta=211349s
progress: 17600/200000 (8.8%)  ok=17600 fail=0  elapsed=20391s  eta=211329s
progress: 17620/200000 (8.8%)  ok=17620 fail=0  elapsed=20416s  eta=211326s
progress: 17640/200000 (8.8%)  ok=17640 fail=0  elapsed=20441s  eta=211313s
progress: 17660/200000 (8.8%)  ok=17660 fail=0  elapsed=20465s  eta=211302s
progress: 17680/200000 (8.8%)  ok=17680 fail=0  elapsed=20488s  eta=211280s
progress: 17700/200000 (8.8%)  ok=17700 fail=0  elapsed=20512s  eta=211258s
progress: 17720/200000 (8.9%)  ok=17720 fail=0  elapsed=20536s  eta=211247s
progress: 17740/200000 (8.9%)  ok=17740 fail=0  elapsed=20559s  eta=211222s
progress: 17760/200000 (8.9%)  ok=17760 fail=0  elapsed=20583s  eta=211205s
progress: 17780/200000 (8.9%)  ok=17780 fail=0  elapsed=20609s  eta=211209s
progress: 17800/200000 (8.9%)  ok=17800 fail=0  elapsed=20633s  eta=211196s
progress: 17820/200000 (8.9%)  ok=17820 fail=0  elapsed=20655s  eta=211163s
progress: 17840/200000 (8.9%)  ok=17840 fail=0  elapsed=20679s  eta=211150s
progress: 17860/200000 (8.9%)  ok=17860 fail=0  elapsed=20702s  eta=211126s
progress: 17880/200000 (8.9%)  ok=17880 fail=0  elapsed=20727s  eta=211114s
progress: 17900/200000 (8.9%)  ok=17900 fail=0  elapsed=20751s  eta=211107s
progress: 17920/200000 (9.0%)  ok=17920 fail=0  elapsed=20776s  eta=211095s
progress: 17940/200000 (9.0%)  ok=17940 fail=0  elapsed=20800s  eta=211089s
progress: 17960/200000 (9.0%)  ok=17960 fail=0  elapsed=20825s  eta=211078s
progress: 17980/200000 (9.0%)  ok=17980 fail=0  elapsed=20850s  eta=211071s
progress: 18000/200000 (9.0%)  ok=18000 fail=0  elapsed=20873s  eta=211044s
progress: 18020/200000 (9.0%)  ok=18020 fail=0  elapsed=20896s  eta=211019s
progress: 18040/200000 (9.0%)  ok=18040 fail=0  elapsed=20921s  eta=211020s
progress: 18060/200000 (9.0%)  ok=18060 fail=0  elapsed=20945s  eta=211005s
progress: 18080/200000 (9.0%)  ok=18080 fail=0  elapsed=20970s  eta=210996s
progress: 18100/200000 (9.0%)  ok=18100 fail=0  elapsed=20995s  eta=210998s
progress: 18120/200000 (9.1%)  ok=18120 fail=0  elapsed=21020s  eta=210987s
progress: 18140/200000 (9.1%)  ok=18140 fail=0  elapsed=21045s  eta=210986s
progress: 18160/200000 (9.1%)  ok=18160 fail=0  elapsed=21070s  eta=210981s
progress: 18180/200000 (9.1%)  ok=18180 fail=0  elapsed=21093s  eta=210953s
progress: 18200/200000 (9.1%)  ok=18200 fail=0  elapsed=21116s  eta=210930s
progress: 18220/200000 (9.1%)  ok=18220 fail=0  elapsed=21141s  eta=210921s
progress: 18240/200000 (9.1%)  ok=18240 fail=0  elapsed=21164s  eta=210902s
progress: 18260/200000 (9.1%)  ok=18260 fail=0  elapsed=21189s  eta=210895s
progress: 18280/200000 (9.1%)  ok=18280 fail=0  elapsed=21214s  eta=210889s
progress: 18300/200000 (9.2%)  ok=18300 fail=0  elapsed=21239s  eta=210880s
progress: 18320/200000 (9.2%)  ok=18320 fail=0  elapsed=21264s  eta=210877s
progress: 18340/200000 (9.2%)  ok=18340 fail=0  elapsed=21288s  eta=210859s
progress: 18360/200000 (9.2%)  ok=18360 fail=0  elapsed=21311s  eta=210831s
progress: 18380/200000 (9.2%)  ok=18380 fail=0  elapsed=21333s  eta=210804s
progress: 18400/200000 (9.2%)  ok=18400 fail=0  elapsed=21357s  eta=210787s
progress: 18420/200000 (9.2%)  ok=18420 fail=0  elapsed=21382s  eta=210774s
progress: 18440/200000 (9.2%)  ok=18440 fail=0  elapsed=21406s  eta=210759s
progress: 18460/200000 (9.2%)  ok=18460 fail=0  elapsed=21429s  eta=210733s
progress: 18480/200000 (9.2%)  ok=18480 fail=0  elapsed=21451s  eta=210706s
progress: 18500/200000 (9.2%)  ok=18500 fail=0  elapsed=21475s  eta=210692s
progress: 18520/200000 (9.3%)  ok=18520 fail=0  elapsed=21499s  eta=210674s
progress: 18540/200000 (9.3%)  ok=18540 fail=0  elapsed=21522s  eta=210651s
progress: 18560/200000 (9.3%)  ok=18560 fail=0  elapsed=21546s  eta=210635s
progress: 18580/200000 (9.3%)  ok=18580 fail=0  elapsed=21570s  eta=210615s
progress: 18600/200000 (9.3%)  ok=18600 fail=0  elapsed=21592s  eta=210578s
progress: 18620/200000 (9.3%)  ok=18620 fail=0  elapsed=21614s  eta=210542s
progress: 18640/200000 (9.3%)  ok=18640 fail=0  elapsed=21640s  eta=210545s
progress: 18660/200000 (9.3%)  ok=18660 fail=0  elapsed=21664s  eta=210528s
progress: 18680/200000 (9.3%)  ok=18680 fail=0  elapsed=21687s  eta=210505s
progress: 18700/200000 (9.3%)  ok=18700 fail=0  elapsed=21711s  eta=210494s
progress: 18720/200000 (9.4%)  ok=18720 fail=0  elapsed=21734s  eta=210463s
progress: 18740/200000 (9.4%)  ok=18740 fail=0  elapsed=21756s  eta=210431s
progress: 18760/200000 (9.4%)  ok=18760 fail=0  elapsed=21779s  eta=210410s
progress: 18780/200000 (9.4%)  ok=18780 fail=0  elapsed=21802s  eta=210376s
progress: 18800/200000 (9.4%)  ok=18800 fail=0  elapsed=21825s  eta=210357s
progress: 18820/200000 (9.4%)  ok=18820 fail=0  elapsed=21848s  eta=210330s
progress: 18840/200000 (9.4%)  ok=18840 fail=0  elapsed=21872s  eta=210313s
progress: 18860/200000 (9.4%)  ok=18860 fail=0  elapsed=21894s  eta=210279s
progress: 18880/200000 (9.4%)  ok=18880 fail=0  elapsed=21916s  eta=210245s
progress: 18900/200000 (9.4%)  ok=18900 fail=0  elapsed=21939s  eta=210219s
progress: 18920/200000 (9.5%)  ok=18920 fail=0  elapsed=21961s  eta=210188s
progress: 18940/200000 (9.5%)  ok=18940 fail=0  elapsed=21984s  eta=210161s
progress: 18960/200000 (9.5%)  ok=18960 fail=0  elapsed=22006s  eta=210127s
progress: 18980/200000 (9.5%)  ok=18980 fail=0  elapsed=22029s  eta=210098s
progress: 19000/200000 (9.5%)  ok=19000 fail=0  elapsed=22053s  eta=210087s
progress: 19020/200000 (9.5%)  ok=19020 fail=0  elapsed=22076s  eta=210056s
progress: 19040/200000 (9.5%)  ok=19040 fail=0  elapsed=22098s  eta=210023s
progress: 19060/200000 (9.5%)  ok=19060 fail=0  elapsed=22122s  eta=210006s
progress: 19080/200000 (9.5%)  ok=19080 fail=0  elapsed=22144s  eta=209975s
progress: 19100/200000 (9.6%)  ok=19100 fail=0  elapsed=22168s  eta=209954s
progress: 19120/200000 (9.6%)  ok=19120 fail=0  elapsed=22193s  eta=209951s
progress: 19140/200000 (9.6%)  ok=19140 fail=0  elapsed=22217s  eta=209932s
progress: 19160/200000 (9.6%)  ok=19160 fail=0  elapsed=22241s  eta=209921s
progress: 19180/200000 (9.6%)  ok=19180 fail=0  elapsed=22264s  eta=209890s
progress: 19200/200000 (9.6%)  ok=19200 fail=0  elapsed=22286s  eta=209859s
progress: 19220/200000 (9.6%)  ok=19220 fail=0  elapsed=22310s  eta=209840s
progress: 19240/200000 (9.6%)  ok=19240 fail=0  elapsed=22333s  eta=209815s
progress: 19260/200000 (9.6%)  ok=19260 fail=0  elapsed=22356s  eta=209791s
progress: 19280/200000 (9.6%)  ok=19280 fail=0  elapsed=22380s  eta=209775s
progress: 19300/200000 (9.7%)  ok=19300 fail=0  elapsed=22404s  eta=209761s
progress: 19320/200000 (9.7%)  ok=19320 fail=0  elapsed=22426s  eta=209727s
progress: 19340/200000 (9.7%)  ok=19340 fail=0  elapsed=22449s  eta=209704s
progress: 19360/200000 (9.7%)  ok=19360 fail=0  elapsed=22473s  eta=209687s
progress: 19380/200000 (9.7%)  ok=19380 fail=0  elapsed=22496s  eta=209665s
progress: 19400/200000 (9.7%)  ok=19400 fail=0  elapsed=22519s  eta=209638s
progress: 19420/200000 (9.7%)  ok=19420 fail=0  elapsed=22542s  eta=209614s
progress: 19440/200000 (9.7%)  ok=19440 fail=0  elapsed=22567s  eta=209600s
progress: 19460/200000 (9.7%)  ok=19460 fail=0  elapsed=22592s  eta=209593s
progress: 19480/200000 (9.7%)  ok=19480 fail=0  elapsed=22615s  eta=209570s
progress: 19500/200000 (9.8%)  ok=19500 fail=0  elapsed=22638s  eta=209549s
progress: 19520/200000 (9.8%)  ok=19520 fail=0  elapsed=22662s  eta=209533s
progress: 19540/200000 (9.8%)  ok=19540 fail=0  elapsed=22686s  eta=209514s
progress: 19560/200000 (9.8%)  ok=19560 fail=0  elapsed=22709s  eta=209493s
progress: 19580/200000 (9.8%)  ok=19580 fail=0  elapsed=22733s  eta=209470s
progress: 19600/200000 (9.8%)  ok=19600 fail=0  elapsed=22755s  eta=209441s
progress: 19620/200000 (9.8%)  ok=19620 fail=0  elapsed=22779s  eta=209421s
progress: 19640/200000 (9.8%)  ok=19640 fail=0  elapsed=22801s  eta=209389s
progress: 19660/200000 (9.8%)  ok=19660 fail=0  elapsed=22824s  eta=209366s
progress: 19680/200000 (9.8%)  ok=19680 fail=0  elapsed=22849s  eta=209353s
progress: 19700/200000 (9.8%)  ok=19700 fail=0  elapsed=22873s  eta=209336s
progress: 19720/200000 (9.9%)  ok=19720 fail=0  elapsed=22896s  eta=209317s
progress: 19740/200000 (9.9%)  ok=19740 fail=0  elapsed=22919s  eta=209293s
progress: 19760/200000 (9.9%)  ok=19760 fail=0  elapsed=22942s  eta=209265s
progress: 19780/200000 (9.9%)  ok=19780 fail=0  elapsed=22966s  eta=209251s
progress: 19800/200000 (9.9%)  ok=19800 fail=0  elapsed=22990s  eta=209229s
progress: 19820/200000 (9.9%)  ok=19820 fail=0  elapsed=23014s  eta=209212s
progress: 19840/200000 (9.9%)  ok=19840 fail=0  elapsed=23037s  eta=209188s
progress: 19860/200000 (9.9%)  ok=19860 fail=0  elapsed=23059s  eta=209157s
progress: 19880/200000 (9.9%)  ok=19880 fail=0  elapsed=23082s  eta=209129s
progress: 19900/200000 (10.0%)  ok=19900 fail=0  elapsed=23105s  eta=209105s
progress: 19920/200000 (10.0%)  ok=19920 fail=0  elapsed=23127s  eta=209074s
progress: 19940/200000 (10.0%)  ok=19940 fail=0  elapsed=23152s  eta=209068s
progress: 19960/200000 (10.0%)  ok=19960 fail=0  elapsed=23175s  eta=209036s
progress: 19980/200000 (10.0%)  ok=19980 fail=0  elapsed=23197s  eta=209004s
progress: 20000/200000 (10.0%)  ok=20000 fail=0  elapsed=23221s  eta=208985s
progress: 20020/200000 (10.0%)  ok=20020 fail=0  elapsed=23245s  eta=208973s
progress: 20040/200000 (10.0%)  ok=20040 fail=0  elapsed=23268s  eta=208947s
progress: 20060/200000 (10.0%)  ok=20060 fail=0  elapsed=23291s  eta=208922s
progress: 20080/200000 (10.0%)  ok=20080 fail=0  elapsed=23314s  eta=208901s
progress: 20100/200000 (10.1%)  ok=20100 fail=0  elapsed=23337s  eta=208873s
progress: 20120/200000 (10.1%)  ok=20120 fail=0  elapsed=23361s  eta=208857s
progress: 20140/200000 (10.1%)  ok=20140 fail=0  elapsed=23384s  eta=208833s
progress: 20160/200000 (10.1%)  ok=20160 fail=0  elapsed=23407s  eta=208809s
progress: 20180/200000 (10.1%)  ok=20180 fail=0  elapsed=23432s  eta=208794s
progress: 20200/200000 (10.1%)  ok=20200 fail=0  elapsed=23455s  eta=208771s
progress: 20220/200000 (10.1%)  ok=20220 fail=0  elapsed=23478s  eta=208746s
progress: 20240/200000 (10.1%)  ok=20240 fail=0  elapsed=23501s  eta=208722s
progress: 20260/200000 (10.1%)  ok=20260 fail=0  elapsed=23524s  eta=208698s
progress: 20280/200000 (10.1%)  ok=20280 fail=0  elapsed=23547s  eta=208668s
progress: 20300/200000 (10.2%)  ok=20300 fail=0  elapsed=23570s  eta=208648s
progress: 20320/200000 (10.2%)  ok=20320 fail=0  elapsed=23594s  eta=208634s
progress: 20340/200000 (10.2%)  ok=20340 fail=0  elapsed=23617s  eta=208603s
progress: 20360/200000 (10.2%)  ok=20360 fail=0  elapsed=23640s  eta=208580s
progress: 20380/200000 (10.2%)  ok=20380 fail=0  elapsed=23663s  eta=208557s
progress: 20400/200000 (10.2%)  ok=20400 fail=0  elapsed=23686s  eta=208530s
progress: 20420/200000 (10.2%)  ok=20420 fail=0  elapsed=23709s  eta=208505s
progress: 20440/200000 (10.2%)  ok=20440 fail=0  elapsed=23732s  eta=208484s
progress: 20460/200000 (10.2%)  ok=20460 fail=0  elapsed=23755s  eta=208456s
progress: 20480/200000 (10.2%)  ok=20480 fail=0  elapsed=23778s  eta=208430s
progress: 20500/200000 (10.2%)  ok=20500 fail=0  elapsed=23801s  eta=208407s
progress: 20520/200000 (10.3%)  ok=20520 fail=0  elapsed=23824s  eta=208378s
progress: 20540/200000 (10.3%)  ok=20540 fail=0  elapsed=23847s  eta=208354s
progress: 20560/200000 (10.3%)  ok=20560 fail=0  elapsed=23871s  eta=208341s
progress: 20580/200000 (10.3%)  ok=20580 fail=0  elapsed=23895s  eta=208324s
progress: 20600/200000 (10.3%)  ok=20600 fail=0  elapsed=23920s  eta=208312s
progress: 20620/200000 (10.3%)  ok=20620 fail=0  elapsed=23942s  eta=208276s
progress: 20640/200000 (10.3%)  ok=20640 fail=0  elapsed=23964s  eta=208250s
progress: 20660/200000 (10.3%)  ok=20660 fail=0  elapsed=23987s  eta=208221s
progress: 20680/200000 (10.3%)  ok=20680 fail=0  elapsed=24011s  eta=208207s
progress: 20700/200000 (10.3%)  ok=20700 fail=0  elapsed=24036s  eta=208199s
progress: 20720/200000 (10.4%)  ok=20720 fail=0  elapsed=24059s  eta=208172s
progress: 20740/200000 (10.4%)  ok=20740 fail=0  elapsed=24082s  eta=208149s
progress: 20760/200000 (10.4%)  ok=20760 fail=0  elapsed=24107s  eta=208135s
progress: 20780/200000 (10.4%)  ok=20780 fail=0  elapsed=24132s  eta=208129s
progress: 20800/200000 (10.4%)  ok=20800 fail=0  elapsed=24155s  eta=208104s
progress: 20820/200000 (10.4%)  ok=20820 fail=0  elapsed=24179s  eta=208084s
progress: 20840/200000 (10.4%)  ok=20840 fail=0  elapsed=24202s  eta=208059s
progress: 20860/200000 (10.4%)  ok=20860 fail=0  elapsed=24226s  eta=208043s
progress: 20880/200000 (10.4%)  ok=20880 fail=0  elapsed=24249s  eta=208018s
progress: 20900/200000 (10.4%)  ok=20900 fail=0  elapsed=24272s  eta=207995s
progress: 20920/200000 (10.5%)  ok=20920 fail=0  elapsed=24295s  eta=207974s
progress: 20940/200000 (10.5%)  ok=20940 fail=0  elapsed=24318s  eta=207946s
progress: 20960/200000 (10.5%)  ok=20960 fail=0  elapsed=24341s  eta=207921s
progress: 20980/200000 (10.5%)  ok=20980 fail=0  elapsed=24364s  eta=207898s
progress: 21000/200000 (10.5%)  ok=21000 fail=0  elapsed=24388s  eta=207878s
progress: 21020/200000 (10.5%)  ok=21020 fail=0  elapsed=24412s  eta=207860s
progress: 21040/200000 (10.5%)  ok=21040 fail=0  elapsed=24434s  eta=207828s
progress: 21060/200000 (10.5%)  ok=21060 fail=0  elapsed=24457s  eta=207804s
progress: 21080/200000 (10.5%)  ok=21080 fail=0  elapsed=24480s  eta=207779s
progress: 21100/200000 (10.5%)  ok=21100 fail=0  elapsed=24503s  eta=207756s
progress: 21120/200000 (10.6%)  ok=21120 fail=0  elapsed=24527s  eta=207734s
progress: 21140/200000 (10.6%)  ok=21140 fail=0  elapsed=24551s  eta=207715s
progress: 21160/200000 (10.6%)  ok=21160 fail=0  elapsed=24573s  eta=207688s
progress: 21180/200000 (10.6%)  ok=21180 fail=0  elapsed=24596s  eta=207665s
progress: 21200/200000 (10.6%)  ok=21200 fail=0  elapsed=24620s  eta=207644s
progress: 21220/200000 (10.6%)  ok=21220 fail=0  elapsed=24645s  eta=207633s
progress: 21240/200000 (10.6%)  ok=21240 fail=0  elapsed=24668s  eta=207607s
progress: 21260/200000 (10.6%)  ok=21260 fail=0  elapsed=24691s  eta=207586s
progress: 21280/200000 (10.6%)  ok=21280 fail=0  elapsed=24714s  eta=207561s
progress: 21300/200000 (10.7%)  ok=21300 fail=0  elapsed=24736s  eta=207527s
progress: 21320/200000 (10.7%)  ok=21320 fail=0  elapsed=24758s  eta=207493s
progress: 21340/200000 (10.7%)  ok=21340 fail=0  elapsed=24783s  eta=207488s
progress: 21360/200000 (10.7%)  ok=21360 fail=0  elapsed=24808s  eta=207474s
progress: 21380/200000 (10.7%)  ok=21380 fail=0  elapsed=24831s  eta=207454s
progress: 21400/200000 (10.7%)  ok=21400 fail=0  elapsed=24856s  eta=207441s
progress: 21420/200000 (10.7%)  ok=21420 fail=0  elapsed=24879s  eta=207417s
progress: 21440/200000 (10.7%)  ok=21440 fail=0  elapsed=24902s  eta=207396s
progress: 21460/200000 (10.7%)  ok=21460 fail=0  elapsed=24926s  eta=207373s
progress: 21480/200000 (10.7%)  ok=21480 fail=0  elapsed=24949s  eta=207351s
progress: 21500/200000 (10.8%)  ok=21500 fail=0  elapsed=24973s  eta=207333s
progress: 21520/200000 (10.8%)  ok=21520 fail=0  elapsed=24995s  eta=207304s
progress: 21540/200000 (10.8%)  ok=21540 fail=0  elapsed=25018s  eta=207274s
progress: 21560/200000 (10.8%)  ok=21560 fail=0  elapsed=25041s  eta=207248s
progress: 21580/200000 (10.8%)  ok=21580 fail=0  elapsed=25064s  eta=207224s
progress: 21600/200000 (10.8%)  ok=21600 fail=0  elapsed=25086s  eta=207194s
progress: 21620/200000 (10.8%)  ok=21620 fail=0  elapsed=25110s  eta=207172s
progress: 21640/200000 (10.8%)  ok=21640 fail=0  elapsed=25134s  eta=207156s
progress: 21660/200000 (10.8%)  ok=21660 fail=0  elapsed=25158s  eta=207142s
progress: 21680/200000 (10.8%)  ok=21680 fail=0  elapsed=25181s  eta=207118s
progress: 21700/200000 (10.8%)  ok=21700 fail=0  elapsed=25204s  eta=207087s
progress: 21720/200000 (10.9%)  ok=21720 fail=0  elapsed=25227s  eta=207063s
progress: 21740/200000 (10.9%)  ok=21740 fail=0  elapsed=25251s  eta=207052s
progress: 21760/200000 (10.9%)  ok=21760 fail=0  elapsed=25274s  eta=207024s
progress: 21780/200000 (10.9%)  ok=21780 fail=0  elapsed=25297s  eta=207002s
progress: 21800/200000 (10.9%)  ok=21800 fail=0  elapsed=25321s  eta=206978s
progress: 21820/200000 (10.9%)  ok=21820 fail=0  elapsed=25343s  eta=206950s
progress: 21840/200000 (10.9%)  ok=21840 fail=0  elapsed=25366s  eta=206924s
progress: 21860/200000 (10.9%)  ok=21860 fail=0  elapsed=25390s  eta=206903s
progress: 21880/200000 (10.9%)  ok=21880 fail=0  elapsed=25413s  eta=206884s
progress: 21900/200000 (10.9%)  ok=21900 fail=0  elapsed=25437s  eta=206867s
progress: 21920/200000 (11.0%)  ok=21920 fail=0  elapsed=25461s  eta=206849s
progress: 21940/200000 (11.0%)  ok=21940 fail=0  elapsed=25485s  eta=206829s
progress: 21960/200000 (11.0%)  ok=21960 fail=0  elapsed=25508s  eta=206805s
progress: 21980/200000 (11.0%)  ok=21980 fail=0  elapsed=25532s  eta=206790s
progress: 22000/200000 (11.0%)  ok=22000 fail=0  elapsed=25556s  eta=206773s
progress: 22020/200000 (11.0%)  ok=22020 fail=0  elapsed=25579s  eta=206750s
progress: 22040/200000 (11.0%)  ok=22040 fail=0  elapsed=25603s  eta=206729s
progress: 22060/200000 (11.0%)  ok=22060 fail=0  elapsed=25627s  eta=206712s
progress: 22080/200000 (11.0%)  ok=22080 fail=0  elapsed=25649s  eta=206679s
progress: 22100/200000 (11.1%)  ok=22100 fail=0  elapsed=25673s  eta=206664s
progress: 22120/200000 (11.1%)  ok=22120 fail=0  elapsed=25697s  eta=206643s
progress: 22140/200000 (11.1%)  ok=22140 fail=0  elapsed=25719s  eta=206614s
progress: 22160/200000 (11.1%)  ok=22160 fail=0  elapsed=25742s  eta=206585s
progress: 22180/200000 (11.1%)  ok=22180 fail=0  elapsed=25765s  eta=206565s
progress: 22200/200000 (11.1%)  ok=22200 fail=0  elapsed=25789s  eta=206544s
progress: 22220/200000 (11.1%)  ok=22220 fail=0  elapsed=25812s  eta=206522s
progress: 22240/200000 (11.1%)  ok=22240 fail=0  elapsed=25836s  eta=206504s
progress: 22260/200000 (11.1%)  ok=22260 fail=0  elapsed=25860s  eta=206489s
progress: 22280/200000 (11.1%)  ok=22280 fail=0  elapsed=25883s  eta=206457s
progress: 22300/200000 (11.2%)  ok=22300 fail=0  elapsed=25907s  eta=206441s
progress: 22320/200000 (11.2%)  ok=22320 fail=0  elapsed=25930s  eta=206415s
progress: 22340/200000 (11.2%)  ok=22340 fail=0  elapsed=25952s  eta=206385s
progress: 22360/200000 (11.2%)  ok=22360 fail=0  elapsed=25976s  eta=206369s
progress: 22380/200000 (11.2%)  ok=22380 fail=0  elapsed=25999s  eta=206340s
progress: 22400/200000 (11.2%)  ok=22400 fail=0  elapsed=26022s  eta=206316s
progress: 22420/200000 (11.2%)  ok=22420 fail=0  elapsed=26045s  eta=206293s
progress: 22440/200000 (11.2%)  ok=22440 fail=0  elapsed=26068s  eta=206271s
progress: 22460/200000 (11.2%)  ok=22460 fail=0  elapsed=26092s  eta=206247s
progress: 22480/200000 (11.2%)  ok=22480 fail=0  elapsed=26115s  eta=206227s
progress: 22500/200000 (11.2%)  ok=22500 fail=0  elapsed=26138s  eta=206202s
progress: 22520/200000 (11.3%)  ok=22520 fail=0  elapsed=26161s  eta=206176s
progress: 22540/200000 (11.3%)  ok=22540 fail=0  elapsed=26185s  eta=206159s
progress: 22560/200000 (11.3%)  ok=22560 fail=0  elapsed=26209s  eta=206139s
progress: 22580/200000 (11.3%)  ok=22580 fail=0  elapsed=26232s  eta=206112s
progress: 22600/200000 (11.3%)  ok=22600 fail=0  elapsed=26255s  eta=206090s
progress: 22620/200000 (11.3%)  ok=22620 fail=0  elapsed=26279s  eta=206069s
progress: 22640/200000 (11.3%)  ok=22640 fail=0  elapsed=26301s  eta=206043s
progress: 22660/200000 (11.3%)  ok=22660 fail=0  elapsed=26324s  eta=206017s
progress: 22680/200000 (11.3%)  ok=22680 fail=0  elapsed=26347s  eta=205992s
progress: 22700/200000 (11.3%)  ok=22700 fail=0  elapsed=26370s  eta=205965s
progress: 22720/200000 (11.4%)  ok=22720 fail=0  elapsed=26392s  eta=205932s
progress: 22740/200000 (11.4%)  ok=22740 fail=0  elapsed=26415s  eta=205910s
progress: 22760/200000 (11.4%)  ok=22760 fail=0  elapsed=26440s  eta=205897s
progress: 22780/200000 (11.4%)  ok=22780 fail=0  elapsed=26462s  eta=205866s
progress: 22800/200000 (11.4%)  ok=22800 fail=0  elapsed=26486s  eta=205843s
progress: 22820/200000 (11.4%)  ok=22820 fail=0  elapsed=26509s  eta=205819s
progress: 22840/200000 (11.4%)  ok=22840 fail=0  elapsed=26530s  eta=205783s
progress: 22860/200000 (11.4%)  ok=22860 fail=0  elapsed=26554s  eta=205762s
progress: 22880/200000 (11.4%)  ok=22880 fail=0  elapsed=26577s  eta=205738s
progress: 22900/200000 (11.5%)  ok=22900 fail=0  elapsed=26600s  eta=205714s
progress: 22920/200000 (11.5%)  ok=22920 fail=0  elapsed=26623s  eta=205690s
progress: 22940/200000 (11.5%)  ok=22940 fail=0  elapsed=26645s  eta=205655s
progress: 22960/200000 (11.5%)  ok=22960 fail=0  elapsed=26668s  eta=205629s
progress: 22980/200000 (11.5%)  ok=22980 fail=0  elapsed=26690s  eta=205600s
progress: 23000/200000 (11.5%)  ok=23000 fail=0  elapsed=26714s  eta=205581s
progress: 23020/200000 (11.5%)  ok=23020 fail=0  elapsed=26737s  eta=205559s
progress: 23040/200000 (11.5%)  ok=23040 fail=0  elapsed=26761s  eta=205537s
progress: 23060/200000 (11.5%)  ok=23060 fail=0  elapsed=26785s  eta=205520s
progress: 23080/200000 (11.5%)  ok=23080 fail=0  elapsed=26808s  eta=205495s
progress: 23100/200000 (11.6%)  ok=23100 fail=0  elapsed=26832s  eta=205478s
progress: 23120/200000 (11.6%)  ok=23120 fail=0  elapsed=26856s  eta=205460s
progress: 23140/200000 (11.6%)  ok=23140 fail=0  elapsed=26878s  eta=205429s
progress: 23160/200000 (11.6%)  ok=23160 fail=0  elapsed=26902s  eta=205409s
progress: 23180/200000 (11.6%)  ok=23180 fail=0  elapsed=26924s  eta=205380s
progress: 23200/200000 (11.6%)  ok=23200 fail=0  elapsed=26947s  eta=205352s
progress: 23220/200000 (11.6%)  ok=23220 fail=0  elapsed=26969s  eta=205323s
progress: 23240/200000 (11.6%)  ok=23240 fail=0  elapsed=26991s  eta=205290s
progress: 23260/200000 (11.6%)  ok=23260 fail=0  elapsed=27014s  eta=205261s
progress: 23280/200000 (11.6%)  ok=23280 fail=0  elapsed=27038s  eta=205245s
progress: 23300/200000 (11.7%)  ok=23300 fail=0  elapsed=27060s  eta=205215s
progress: 23320/200000 (11.7%)  ok=23320 fail=0  elapsed=27083s  eta=205188s
progress: 23340/200000 (11.7%)  ok=23340 fail=0  elapsed=27106s  eta=205164s
progress: 23360/200000 (11.7%)  ok=23360 fail=0  elapsed=27129s  eta=205138s
progress: 23380/200000 (11.7%)  ok=23380 fail=0  elapsed=27152s  eta=205112s
progress: 23400/200000 (11.7%)  ok=23400 fail=0  elapsed=27176s  eta=205095s
progress: 23420/200000 (11.7%)  ok=23420 fail=0  elapsed=27199s  eta=205070s
progress: 23440/200000 (11.7%)  ok=23440 fail=0  elapsed=27222s  eta=205046s
progress: 23460/200000 (11.7%)  ok=23460 fail=0  elapsed=27245s  eta=205020s
progress: 23480/200000 (11.7%)  ok=23480 fail=0  elapsed=27268s  eta=204997s
progress: 23500/200000 (11.8%)  ok=23500 fail=0  elapsed=27290s  eta=204967s
progress: 23520/200000 (11.8%)  ok=23520 fail=0  elapsed=27313s  eta=204943s
progress: 23540/200000 (11.8%)  ok=23540 fail=0  elapsed=27336s  eta=204915s
progress: 23560/200000 (11.8%)  ok=23560 fail=0  elapsed=27360s  eta=204895s
progress: 23580/200000 (11.8%)  ok=23580 fail=0  elapsed=27383s  eta=204873s
progress: 23600/200000 (11.8%)  ok=23600 fail=0  elapsed=27406s  eta=204845s
progress: 23620/200000 (11.8%)  ok=23620 fail=0  elapsed=27430s  eta=204830s
progress: 23640/200000 (11.8%)  ok=23640 fail=0  elapsed=27452s  eta=204799s
progress: 23660/200000 (11.8%)  ok=23660 fail=0  elapsed=27475s  eta=204771s
progress: 23680/200000 (11.8%)  ok=23680 fail=0  elapsed=27498s  eta=204746s
progress: 23700/200000 (11.8%)  ok=23700 fail=0  elapsed=27521s  eta=204727s
progress: 23720/200000 (11.9%)  ok=23720 fail=0  elapsed=27545s  eta=204707s
progress: 23740/200000 (11.9%)  ok=23740 fail=0  elapsed=27568s  eta=204684s
progress: 23760/200000 (11.9%)  ok=23760 fail=0  elapsed=27591s  eta=204660s
progress: 23780/200000 (11.9%)  ok=23780 fail=0  elapsed=27614s  eta=204632s
progress: 23800/200000 (11.9%)  ok=23800 fail=0  elapsed=27638s  eta=204617s
progress: 23820/200000 (11.9%)  ok=23820 fail=0  elapsed=27663s  eta=204602s
progress: 23840/200000 (11.9%)  ok=23840 fail=0  elapsed=27685s  eta=204573s
progress: 23860/200000 (11.9%)  ok=23860 fail=0  elapsed=27708s  eta=204548s
progress: 23880/200000 (11.9%)  ok=23880 fail=0  elapsed=27732s  eta=204527s
progress: 23900/200000 (11.9%)  ok=23900 fail=0  elapsed=27755s  eta=204507s
progress: 23920/200000 (12.0%)  ok=23920 fail=0  elapsed=27779s  eta=204486s
progress: 23940/200000 (12.0%)  ok=23940 fail=0  elapsed=27801s  eta=204456s
progress: 23960/200000 (12.0%)  ok=23960 fail=0  elapsed=27824s  eta=204433s
progress: 23980/200000 (12.0%)  ok=23980 fail=0  elapsed=27847s  eta=204405s
progress: 24000/200000 (12.0%)  ok=24000 fail=0  elapsed=27869s  eta=204376s
progress: 24020/200000 (12.0%)  ok=24020 fail=0  elapsed=27895s  eta=204366s
progress: 24040/200000 (12.0%)  ok=24040 fail=0  elapsed=27918s  eta=204346s
progress: 24060/200000 (12.0%)  ok=24060 fail=0  elapsed=27943s  eta=204334s
progress: 24080/200000 (12.0%)  ok=24080 fail=0  elapsed=27966s  eta=204313s
progress: 24100/200000 (12.0%)  ok=24100 fail=0  elapsed=27990s  eta=204291s
progress: 24120/200000 (12.1%)  ok=24120 fail=0  elapsed=28013s  eta=204270s
progress: 24140/200000 (12.1%)  ok=24140 fail=0  elapsed=28036s  eta=204245s
progress: 24160/200000 (12.1%)  ok=24160 fail=0  elapsed=28060s  eta=204227s
progress: 24180/200000 (12.1%)  ok=24180 fail=0  elapsed=28084s  eta=204209s
progress: 24200/200000 (12.1%)  ok=24200 fail=0  elapsed=28107s  eta=204184s
progress: 24220/200000 (12.1%)  ok=24220 fail=0  elapsed=28132s  eta=204174s
progress: 24240/200000 (12.1%)  ok=24240 fail=0  elapsed=28156s  eta=204153s
progress: 24260/200000 (12.1%)  ok=24260 fail=0  elapsed=28181s  eta=204145s
progress: 24280/200000 (12.1%)  ok=24280 fail=0  elapsed=28204s  eta=204117s
progress: 24300/200000 (12.2%)  ok=24300 fail=0  elapsed=28227s  eta=204096s
progress: 24320/200000 (12.2%)  ok=24320 fail=0  elapsed=28252s  eta=204087s
progress: 24340/200000 (12.2%)  ok=24340 fail=0  elapsed=28276s  eta=204062s
progress: 24360/200000 (12.2%)  ok=24360 fail=0  elapsed=28298s  eta=204031s
progress: 24380/200000 (12.2%)  ok=24380 fail=0  elapsed=28321s  eta=204012s
progress: 24400/200000 (12.2%)  ok=24400 fail=0  elapsed=28345s  eta=203992s
progress: 24420/200000 (12.2%)  ok=24420 fail=0  elapsed=28368s  eta=203965s
progress: 24440/200000 (12.2%)  ok=24440 fail=0  elapsed=28390s  eta=203932s
progress: 24460/200000 (12.2%)  ok=24460 fail=0  elapsed=28413s  eta=203911s
progress: 24480/200000 (12.2%)  ok=24480 fail=0  elapsed=28437s  eta=203893s
progress: 24500/200000 (12.2%)  ok=24500 fail=0  elapsed=28461s  eta=203871s
progress: 24520/200000 (12.3%)  ok=24520 fail=0  elapsed=28485s  eta=203852s
progress: 24540/200000 (12.3%)  ok=24540 fail=0  elapsed=28507s  eta=203826s
progress: 24560/200000 (12.3%)  ok=24560 fail=0  elapsed=28530s  eta=203802s
progress: 24580/200000 (12.3%)  ok=24580 fail=0  elapsed=28554s  eta=203783s
progress: 24600/200000 (12.3%)  ok=24600 fail=0  elapsed=28578s  eta=203763s
progress: 24620/200000 (12.3%)  ok=24620 fail=0  elapsed=28601s  eta=203735s
progress: 24640/200000 (12.3%)  ok=24640 fail=0  elapsed=28623s  eta=203710s
progress: 24660/200000 (12.3%)  ok=24660 fail=0  elapsed=28647s  eta=203690s
progress: 24680/200000 (12.3%)  ok=24680 fail=0  elapsed=28670s  eta=203663s
progress: 24700/200000 (12.3%)  ok=24700 fail=0  elapsed=28693s  eta=203643s
=== TIME LIMIT REACHED OR RUN COMPLETED ===
end=1786111076
completed_count=24701
