=== FIXED-COUNT RUN: 3000 samples, render_timeout=5400s ===
start=1786462785
loaded 188 templates
prepared 3000 operation sequences
split into 150 chunks of up to 20 items each
progress: 20/3000 (0.7%)  ok=20 fail=0  elapsed=14s  eta=2131s
progress: 40/3000 (1.3%)  ok=40 fail=0  elapsed=28s  eta=2036s
progress: 60/3000 (2.0%)  ok=60 fail=0  elapsed=40s  eta=1968s
progress: 80/3000 (2.7%)  ok=80 fail=0  elapsed=53s  eta=1952s
progress: 100/3000 (3.3%)  ok=100 fail=0  elapsed=67s  eta=1933s
progress: 120/3000 (4.0%)  ok=120 fail=0  elapsed=80s  eta=1911s
progress: 140/3000 (4.7%)  ok=140 fail=0  elapsed=93s  eta=1897s
progress: 160/3000 (5.3%)  ok=160 fail=0  elapsed=106s  eta=1875s
progress: 180/3000 (6.0%)  ok=180 fail=0  elapsed=119s  eta=1862s
progress: 200/3000 (6.7%)  ok=200 fail=0  elapsed=132s  eta=1845s
progress: 220/3000 (7.3%)  ok=220 fail=0  elapsed=145s  eta=1829s
progress: 240/3000 (8.0%)  ok=240 fail=0  elapsed=158s  eta=1816s
progress: 260/3000 (8.7%)  ok=260 fail=0  elapsed=171s  eta=1804s
progress: 280/3000 (9.3%)  ok=280 fail=0  elapsed=184s  eta=1786s
progress: 300/3000 (10.0%)  ok=300 fail=0  elapsed=198s  eta=1784s
progress: 320/3000 (10.7%)  ok=320 fail=0  elapsed=211s  eta=1770s
progress: 340/3000 (11.3%)  ok=340 fail=0  elapsed=224s  eta=1755s
progress: 360/3000 (12.0%)  ok=360 fail=0  elapsed=237s  eta=1741s
progress: 380/3000 (12.7%)  ok=380 fail=0  elapsed=250s  eta=1723s
progress: 400/3000 (13.3%)  ok=400 fail=0  elapsed=263s  eta=1708s
progress: 420/3000 (14.0%)  ok=420 fail=0  elapsed=276s  eta=1695s
progress: 440/3000 (14.7%)  ok=440 fail=0  elapsed=289s  eta=1683s
progress: 460/3000 (15.3%)  ok=460 fail=0  elapsed=302s  eta=1666s
progress: 480/3000 (16.0%)  ok=480 fail=0  elapsed=315s  eta=1656s
progress: 500/3000 (16.7%)  ok=500 fail=0  elapsed=329s  eta=1643s
progress: 520/3000 (17.3%)  ok=520 fail=0  elapsed=341s  eta=1626s
progress: 540/3000 (18.0%)  ok=540 fail=0  elapsed=353s  eta=1610s
progress: 560/3000 (18.7%)  ok=560 fail=0  elapsed=367s  eta=1600s
progress: 580/3000 (19.3%)  ok=580 fail=0  elapsed=381s  eta=1588s
progress: 600/3000 (20.0%)  ok=600 fail=0  elapsed=394s  eta=1575s
progress: 620/3000 (20.7%)  ok=620 fail=0  elapsed=406s  eta=1560s
progress: 640/3000 (21.3%)  ok=640 fail=0  elapsed=420s  eta=1547s
progress: 660/3000 (22.0%)  ok=660 fail=0  elapsed=433s  eta=1535s
progress: 680/3000 (22.7%)  ok=680 fail=0  elapsed=446s  eta=1520s
progress: 700/3000 (23.3%)  ok=700 fail=0  elapsed=458s  eta=1506s
progress: 720/3000 (24.0%)  ok=720 fail=0  elapsed=471s  eta=1493s
progress: 740/3000 (24.7%)  ok=740 fail=0  elapsed=484s  eta=1478s
progress: 760/3000 (25.3%)  ok=760 fail=0  elapsed=497s  eta=1464s
progress: 780/3000 (26.0%)  ok=780 fail=0  elapsed=510s  eta=1450s
progress: 800/3000 (26.7%)  ok=800 fail=0  elapsed=523s  eta=1439s
progress: 820/3000 (27.3%)  ok=820 fail=0  elapsed=536s  eta=1426s
progress: 840/3000 (28.0%)  ok=840 fail=0  elapsed=550s  eta=1414s
progress: 860/3000 (28.7%)  ok=860 fail=0  elapsed=562s  eta=1399s
progress: 880/3000 (29.3%)  ok=880 fail=0  elapsed=575s  eta=1385s
progress: 900/3000 (30.0%)  ok=900 fail=0  elapsed=588s  eta=1373s
progress: 920/3000 (30.7%)  ok=920 fail=0  elapsed=602s  eta=1360s
progress: 940/3000 (31.3%)  ok=940 fail=0  elapsed=615s  eta=1347s
progress: 960/3000 (32.0%)  ok=960 fail=0  elapsed=628s  eta=1334s
progress: 980/3000 (32.7%)  ok=980 fail=0  elapsed=640s  eta=1319s
progress: 1000/3000 (33.3%)  ok=1000 fail=0  elapsed=653s  eta=1306s
progress: 1020/3000 (34.0%)  ok=1020 fail=0  elapsed=665s  eta=1291s
progress: 1040/3000 (34.7%)  ok=1040 fail=0  elapsed=678s  eta=1277s
progress: 1060/3000 (35.3%)  ok=1060 fail=0  elapsed=691s  eta=1264s
progress: 1080/3000 (36.0%)  ok=1080 fail=0  elapsed=703s  eta=1250s
progress: 1100/3000 (36.7%)  ok=1100 fail=0  elapsed=716s  eta=1237s
progress: 1120/3000 (37.3%)  ok=1120 fail=0  elapsed=729s  eta=1224s
progress: 1140/3000 (38.0%)  ok=1140 fail=0  elapsed=743s  eta=1212s
progress: 1160/3000 (38.7%)  ok=1160 fail=0  elapsed=756s  eta=1198s
progress: 1180/3000 (39.3%)  ok=1180 fail=0  elapsed=769s  eta=1186s
progress: 1200/3000 (40.0%)  ok=1200 fail=0  elapsed=782s  eta=1173s
progress: 1220/3000 (40.7%)  ok=1220 fail=0  elapsed=794s  eta=1159s
progress: 1240/3000 (41.3%)  ok=1240 fail=0  elapsed=808s  eta=1146s
progress: 1260/3000 (42.0%)  ok=1260 fail=0  elapsed=821s  eta=1134s
progress: 1280/3000 (42.7%)  ok=1280 fail=0  elapsed=834s  eta=1120s
progress: 1300/3000 (43.3%)  ok=1300 fail=0  elapsed=847s  eta=1108s
progress: 1320/3000 (44.0%)  ok=1320 fail=0  elapsed=860s  eta=1095s
progress: 1340/3000 (44.7%)  ok=1340 fail=0  elapsed=874s  eta=1082s
progress: 1360/3000 (45.3%)  ok=1360 fail=0  elapsed=886s  eta=1069s
progress: 1380/3000 (46.0%)  ok=1380 fail=0  elapsed=899s  eta=1056s
progress: 1400/3000 (46.7%)  ok=1400 fail=0  elapsed=913s  eta=1043s
progress: 1420/3000 (47.3%)  ok=1420 fail=0  elapsed=925s  eta=1030s
progress: 1440/3000 (48.0%)  ok=1440 fail=0  elapsed=938s  eta=1016s
progress: 1460/3000 (48.7%)  ok=1460 fail=0  elapsed=951s  eta=1003s
progress: 1480/3000 (49.3%)  ok=1480 fail=0  elapsed=964s  eta=990s
progress: 1500/3000 (50.0%)  ok=1500 fail=0  elapsed=977s  eta=977s
progress: 1520/3000 (50.7%)  ok=1520 fail=0  elapsed=990s  eta=964s
progress: 1540/3000 (51.3%)  ok=1540 fail=0  elapsed=1003s  eta=951s
progress: 1560/3000 (52.0%)  ok=1560 fail=0  elapsed=1017s  eta=939s
progress: 1580/3000 (52.7%)  ok=1580 fail=0  elapsed=1030s  eta=926s
progress: 1600/3000 (53.3%)  ok=1600 fail=0  elapsed=1042s  eta=912s
progress: 1620/3000 (54.0%)  ok=1620 fail=0  elapsed=1055s  eta=899s
progress: 1640/3000 (54.7%)  ok=1640 fail=0  elapsed=1068s  eta=886s
progress: 1660/3000 (55.3%)  ok=1660 fail=0  elapsed=1081s  eta=873s
progress: 1680/3000 (56.0%)  ok=1680 fail=0  elapsed=1094s  eta=859s
progress: 1700/3000 (56.7%)  ok=1700 fail=0  elapsed=1107s  eta=846s
progress: 1720/3000 (57.3%)  ok=1720 fail=0  elapsed=1120s  eta=833s
progress: 1740/3000 (58.0%)  ok=1740 fail=0  elapsed=1132s  eta=820s
progress: 1760/3000 (58.7%)  ok=1760 fail=0  elapsed=1145s  eta=807s
progress: 1780/3000 (59.3%)  ok=1780 fail=0  elapsed=1158s  eta=794s
progress: 1800/3000 (60.0%)  ok=1800 fail=0  elapsed=1171s  eta=781s
progress: 1820/3000 (60.7%)  ok=1820 fail=0  elapsed=1184s  eta=767s
progress: 1840/3000 (61.3%)  ok=1840 fail=0  elapsed=1196s  eta=754s
progress: 1860/3000 (62.0%)  ok=1860 fail=0  elapsed=1210s  eta=742s
progress: 1880/3000 (62.7%)  ok=1880 fail=0  elapsed=1223s  eta=729s
progress: 1900/3000 (63.3%)  ok=1900 fail=0  elapsed=1236s  eta=715s
progress: 1920/3000 (64.0%)  ok=1920 fail=0  elapsed=1249s  eta=702s
progress: 1940/3000 (64.7%)  ok=1940 fail=0  elapsed=1262s  eta=689s
progress: 1960/3000 (65.3%)  ok=1960 fail=0  elapsed=1275s  eta=676s
progress: 1980/3000 (66.0%)  ok=1980 fail=0  elapsed=1288s  eta=664s
progress: 2000/3000 (66.7%)  ok=2000 fail=0  elapsed=1301s  eta=651s
progress: 2020/3000 (67.3%)  ok=2020 fail=0  elapsed=1314s  eta=638s
progress: 2040/3000 (68.0%)  ok=2040 fail=0  elapsed=1328s  eta=625s
progress: 2060/3000 (68.7%)  ok=2060 fail=0  elapsed=1341s  eta=612s
progress: 2080/3000 (69.3%)  ok=2080 fail=0  elapsed=1354s  eta=599s
progress: 2100/3000 (70.0%)  ok=2100 fail=0  elapsed=1367s  eta=586s
progress: 2120/3000 (70.7%)  ok=2120 fail=0  elapsed=1380s  eta=573s
progress: 2140/3000 (71.3%)  ok=2140 fail=0  elapsed=1393s  eta=560s
progress: 2160/3000 (72.0%)  ok=2160 fail=0  elapsed=1406s  eta=547s
progress: 2180/3000 (72.7%)  ok=2180 fail=0  elapsed=1420s  eta=534s
progress: 2200/3000 (73.3%)  ok=2200 fail=0  elapsed=1432s  eta=521s
progress: 2220/3000 (74.0%)  ok=2220 fail=0  elapsed=1445s  eta=508s
progress: 2240/3000 (74.7%)  ok=2240 fail=0  elapsed=1457s  eta=494s
progress: 2260/3000 (75.3%)  ok=2260 fail=0  elapsed=1471s  eta=482s
progress: 2280/3000 (76.0%)  ok=2280 fail=0  elapsed=1484s  eta=469s
progress: 2300/3000 (76.7%)  ok=2300 fail=0  elapsed=1497s  eta=456s
progress: 2320/3000 (77.3%)  ok=2320 fail=0  elapsed=1510s  eta=443s
progress: 2340/3000 (78.0%)  ok=2340 fail=0  elapsed=1522s  eta=429s
progress: 2360/3000 (78.7%)  ok=2360 fail=0  elapsed=1535s  eta=416s
progress: 2380/3000 (79.3%)  ok=2380 fail=0  elapsed=1548s  eta=403s
progress: 2400/3000 (80.0%)  ok=2400 fail=0  elapsed=1561s  eta=390s
progress: 2420/3000 (80.7%)  ok=2420 fail=0  elapsed=1575s  eta=377s
progress: 2440/3000 (81.3%)  ok=2440 fail=0  elapsed=1588s  eta=364s
progress: 2460/3000 (82.0%)  ok=2460 fail=0  elapsed=1601s  eta=351s
progress: 2480/3000 (82.7%)  ok=2480 fail=0  elapsed=1614s  eta=338s
progress: 2500/3000 (83.3%)  ok=2500 fail=0  elapsed=1626s  eta=325s
progress: 2520/3000 (84.0%)  ok=2520 fail=0  elapsed=1638s  eta=312s
progress: 2540/3000 (84.7%)  ok=2540 fail=0  elapsed=1652s  eta=299s
progress: 2560/3000 (85.3%)  ok=2560 fail=0  elapsed=1665s  eta=286s
progress: 2580/3000 (86.0%)  ok=2580 fail=0  elapsed=1679s  eta=273s
progress: 2600/3000 (86.7%)  ok=2600 fail=0  elapsed=1692s  eta=260s
progress: 2620/3000 (87.3%)  ok=2620 fail=0  elapsed=1705s  eta=247s
progress: 2640/3000 (88.0%)  ok=2640 fail=0  elapsed=1718s  eta=234s
progress: 2660/3000 (88.7%)  ok=2660 fail=0  elapsed=1731s  eta=221s
progress: 2680/3000 (89.3%)  ok=2680 fail=0  elapsed=1744s  eta=208s
progress: 2700/3000 (90.0%)  ok=2700 fail=0  elapsed=1757s  eta=195s
progress: 2720/3000 (90.7%)  ok=2720 fail=0  elapsed=1769s  eta=182s
progress: 2740/3000 (91.3%)  ok=2740 fail=0  elapsed=1783s  eta=169s
progress: 2760/3000 (92.0%)  ok=2760 fail=0  elapsed=1796s  eta=156s
progress: 2780/3000 (92.7%)  ok=2780 fail=0  elapsed=1809s  eta=143s
progress: 2800/3000 (93.3%)  ok=2800 fail=0  elapsed=1822s  eta=130s
progress: 2820/3000 (94.0%)  ok=2820 fail=0  elapsed=1835s  eta=117s
progress: 2840/3000 (94.7%)  ok=2840 fail=0  elapsed=1849s  eta=104s
progress: 2860/3000 (95.3%)  ok=2860 fail=0  elapsed=1862s  eta=91s
progress: 2880/3000 (96.0%)  ok=2880 fail=0  elapsed=1875s  eta=78s
progress: 2900/3000 (96.7%)  ok=2900 fail=0  elapsed=1888s  eta=65s
progress: 2920/3000 (97.3%)  ok=2920 fail=0  elapsed=1901s  eta=52s
progress: 2940/3000 (98.0%)  ok=2940 fail=0  elapsed=1914s  eta=39s
progress: 2960/3000 (98.7%)  ok=2960 fail=0  elapsed=1927s  eta=26s
progress: 2980/3000 (99.3%)  ok=2980 fail=0  elapsed=1940s  eta=13s
progress: 3000/3000 (100.0%)  ok=3000 fail=0  elapsed=1953s  eta=0s
DONE. ok=3000 fail=0 total=3000
=== TIME LIMIT REACHED OR RUN COMPLETED ===
end=1786464740
stagger_delay=50s
completed_count=3000
