=== FIXED-COUNT RUN: 3000 samples, render_timeout=5400s ===
start=1786287247
loaded 188 templates
prepared 3000 operation sequences
split into 150 chunks of up to 20 items each
progress: 20/3000 (0.7%)  ok=20 fail=0  elapsed=25s  eta=3778s
progress: 40/3000 (1.3%)  ok=40 fail=0  elapsed=47s  eta=3498s
progress: 60/3000 (2.0%)  ok=60 fail=0  elapsed=70s  eta=3431s
progress: 80/3000 (2.7%)  ok=80 fail=0  elapsed=94s  eta=3427s
progress: 100/3000 (3.3%)  ok=100 fail=0  elapsed=118s  eta=3410s
progress: 120/3000 (4.0%)  ok=120 fail=0  elapsed=141s  eta=3379s
progress: 140/3000 (4.7%)  ok=140 fail=0  elapsed=164s  eta=3344s
progress: 160/3000 (5.3%)  ok=160 fail=0  elapsed=187s  eta=3324s
progress: 180/3000 (6.0%)  ok=180 fail=0  elapsed=210s  eta=3290s
progress: 200/3000 (6.7%)  ok=200 fail=0  elapsed=233s  eta=3256s
progress: 220/3000 (7.3%)  ok=220 fail=0  elapsed=256s  eta=3234s
progress: 240/3000 (8.0%)  ok=240 fail=0  elapsed=280s  eta=3220s
progress: 260/3000 (8.7%)  ok=260 fail=0  elapsed=303s  eta=3196s
progress: 280/3000 (9.3%)  ok=280 fail=0  elapsed=325s  eta=3160s
progress: 300/3000 (10.0%)  ok=300 fail=0  elapsed=347s  eta=3124s
progress: 320/3000 (10.7%)  ok=320 fail=0  elapsed=371s  eta=3110s
progress: 340/3000 (11.3%)  ok=340 fail=0  elapsed=394s  eta=3082s
progress: 360/3000 (12.0%)  ok=360 fail=0  elapsed=417s  eta=3061s
progress: 380/3000 (12.7%)  ok=380 fail=0  elapsed=440s  eta=3037s
progress: 400/3000 (13.3%)  ok=400 fail=0  elapsed=464s  eta=3018s
progress: 420/3000 (14.0%)  ok=420 fail=0  elapsed=488s  eta=2997s
progress: 440/3000 (14.7%)  ok=440 fail=0  elapsed=512s  eta=2976s
progress: 460/3000 (15.3%)  ok=460 fail=0  elapsed=535s  eta=2952s
progress: 480/3000 (16.0%)  ok=480 fail=0  elapsed=558s  eta=2928s
progress: 500/3000 (16.7%)  ok=500 fail=0  elapsed=581s  eta=2905s
progress: 520/3000 (17.3%)  ok=520 fail=0  elapsed=603s  eta=2877s
progress: 540/3000 (18.0%)  ok=540 fail=0  elapsed=626s  eta=2850s
progress: 560/3000 (18.7%)  ok=560 fail=0  elapsed=650s  eta=2832s
progress: 580/3000 (19.3%)  ok=580 fail=0  elapsed=673s  eta=2808s
progress: 600/3000 (20.0%)  ok=600 fail=0  elapsed=696s  eta=2782s
progress: 620/3000 (20.7%)  ok=620 fail=0  elapsed=718s  eta=2757s
progress: 640/3000 (21.3%)  ok=640 fail=0  elapsed=741s  eta=2731s
progress: 660/3000 (22.0%)  ok=660 fail=0  elapsed=763s  eta=2706s
progress: 680/3000 (22.7%)  ok=680 fail=0  elapsed=786s  eta=2683s
progress: 700/3000 (23.3%)  ok=700 fail=0  elapsed=810s  eta=2661s
progress: 720/3000 (24.0%)  ok=720 fail=0  elapsed=833s  eta=2637s
progress: 740/3000 (24.7%)  ok=740 fail=0  elapsed=855s  eta=2612s
progress: 760/3000 (25.3%)  ok=760 fail=0  elapsed=878s  eta=2589s
progress: 780/3000 (26.0%)  ok=780 fail=0  elapsed=901s  eta=2564s
progress: 800/3000 (26.7%)  ok=800 fail=0  elapsed=924s  eta=2541s
progress: 820/3000 (27.3%)  ok=820 fail=0  elapsed=947s  eta=2518s
progress: 840/3000 (28.0%)  ok=840 fail=0  elapsed=970s  eta=2495s
progress: 860/3000 (28.7%)  ok=860 fail=0  elapsed=993s  eta=2471s
progress: 880/3000 (29.3%)  ok=880 fail=0  elapsed=1017s  eta=2449s
progress: 900/3000 (30.0%)  ok=900 fail=0  elapsed=1040s  eta=2426s
progress: 920/3000 (30.7%)  ok=920 fail=0  elapsed=1063s  eta=2404s
progress: 940/3000 (31.3%)  ok=940 fail=0  elapsed=1087s  eta=2383s
progress: 960/3000 (32.0%)  ok=960 fail=0  elapsed=1111s  eta=2360s
progress: 980/3000 (32.7%)  ok=980 fail=0  elapsed=1133s  eta=2335s
progress: 1000/3000 (33.3%)  ok=1000 fail=0  elapsed=1155s  eta=2310s
progress: 1020/3000 (34.0%)  ok=1020 fail=0  elapsed=1178s  eta=2287s
progress: 1040/3000 (34.7%)  ok=1040 fail=0  elapsed=1200s  eta=2261s
progress: 1060/3000 (35.3%)  ok=1060 fail=0  elapsed=1223s  eta=2237s
progress: 1080/3000 (36.0%)  ok=1080 fail=0  elapsed=1246s  eta=2216s
progress: 1100/3000 (36.7%)  ok=1100 fail=0  elapsed=1269s  eta=2192s
progress: 1120/3000 (37.3%)  ok=1120 fail=0  elapsed=1292s  eta=2169s
progress: 1140/3000 (38.0%)  ok=1140 fail=0  elapsed=1316s  eta=2147s
progress: 1160/3000 (38.7%)  ok=1160 fail=0  elapsed=1337s  eta=2121s
progress: 1180/3000 (39.3%)  ok=1180 fail=0  elapsed=1360s  eta=2098s
progress: 1200/3000 (40.0%)  ok=1200 fail=0  elapsed=1381s  eta=2072s
progress: 1220/3000 (40.7%)  ok=1220 fail=0  elapsed=1406s  eta=2052s
progress: 1240/3000 (41.3%)  ok=1240 fail=0  elapsed=1429s  eta=2028s
progress: 1260/3000 (42.0%)  ok=1260 fail=0  elapsed=1450s  eta=2003s
progress: 1280/3000 (42.7%)  ok=1280 fail=0  elapsed=1474s  eta=1980s
progress: 1300/3000 (43.3%)  ok=1300 fail=0  elapsed=1496s  eta=1956s
progress: 1320/3000 (44.0%)  ok=1320 fail=0  elapsed=1518s  eta=1933s
progress: 1340/3000 (44.7%)  ok=1340 fail=0  elapsed=1541s  eta=1908s
progress: 1360/3000 (45.3%)  ok=1360 fail=0  elapsed=1564s  eta=1886s
progress: 1380/3000 (46.0%)  ok=1380 fail=0  elapsed=1588s  eta=1864s
progress: 1400/3000 (46.7%)  ok=1400 fail=0  elapsed=1611s  eta=1841s
progress: 1420/3000 (47.3%)  ok=1420 fail=0  elapsed=1634s  eta=1818s
progress: 1440/3000 (48.0%)  ok=1440 fail=0  elapsed=1657s  eta=1795s
progress: 1460/3000 (48.7%)  ok=1460 fail=0  elapsed=1680s  eta=1772s
progress: 1480/3000 (49.3%)  ok=1480 fail=0  elapsed=1703s  eta=1749s
progress: 1500/3000 (50.0%)  ok=1500 fail=0  elapsed=1726s  eta=1726s
progress: 1520/3000 (50.7%)  ok=1520 fail=0  elapsed=1749s  eta=1703s
progress: 1540/3000 (51.3%)  ok=1540 fail=0  elapsed=1772s  eta=1680s
progress: 1560/3000 (52.0%)  ok=1560 fail=0  elapsed=1797s  eta=1659s
progress: 1580/3000 (52.7%)  ok=1580 fail=0  elapsed=1820s  eta=1636s
progress: 1600/3000 (53.3%)  ok=1600 fail=0  elapsed=1843s  eta=1613s
progress: 1620/3000 (54.0%)  ok=1620 fail=0  elapsed=1865s  eta=1589s
progress: 1640/3000 (54.7%)  ok=1640 fail=0  elapsed=1889s  eta=1566s
progress: 1660/3000 (55.3%)  ok=1660 fail=0  elapsed=1912s  eta=1543s
progress: 1680/3000 (56.0%)  ok=1680 fail=0  elapsed=1934s  eta=1520s
progress: 1700/3000 (56.7%)  ok=1700 fail=0  elapsed=1957s  eta=1497s
progress: 1720/3000 (57.3%)  ok=1720 fail=0  elapsed=1979s  eta=1473s
progress: 1740/3000 (58.0%)  ok=1740 fail=0  elapsed=2003s  eta=1450s
progress: 1760/3000 (58.7%)  ok=1760 fail=0  elapsed=2026s  eta=1428s
progress: 1780/3000 (59.3%)  ok=1780 fail=0  elapsed=2049s  eta=1404s
progress: 1800/3000 (60.0%)  ok=1800 fail=0  elapsed=2073s  eta=1382s
progress: 1820/3000 (60.7%)  ok=1820 fail=0  elapsed=2097s  eta=1360s
progress: 1840/3000 (61.3%)  ok=1840 fail=0  elapsed=2121s  eta=1337s
progress: 1860/3000 (62.0%)  ok=1860 fail=0  elapsed=2146s  eta=1315s
progress: 1880/3000 (62.7%)  ok=1880 fail=0  elapsed=2169s  eta=1292s
progress: 1900/3000 (63.3%)  ok=1900 fail=0  elapsed=2193s  eta=1269s
progress: 1920/3000 (64.0%)  ok=1920 fail=0  elapsed=2216s  eta=1246s
progress: 1940/3000 (64.7%)  ok=1940 fail=0  elapsed=2239s  eta=1223s
progress: 1960/3000 (65.3%)  ok=1960 fail=0  elapsed=2261s  eta=1200s
progress: 1980/3000 (66.0%)  ok=1980 fail=0  elapsed=2284s  eta=1177s
progress: 2000/3000 (66.7%)  ok=2000 fail=0  elapsed=2307s  eta=1153s
progress: 2020/3000 (67.3%)  ok=2020 fail=0  elapsed=2330s  eta=1130s
progress: 2040/3000 (68.0%)  ok=2040 fail=0  elapsed=2353s  eta=1107s
progress: 2060/3000 (68.7%)  ok=2060 fail=0  elapsed=2377s  eta=1085s
progress: 2080/3000 (69.3%)  ok=2080 fail=0  elapsed=2401s  eta=1062s
progress: 2100/3000 (70.0%)  ok=2100 fail=0  elapsed=2423s  eta=1038s
progress: 2120/3000 (70.7%)  ok=2120 fail=0  elapsed=2447s  eta=1016s
progress: 2140/3000 (71.3%)  ok=2140 fail=0  elapsed=2471s  eta=993s
progress: 2160/3000 (72.0%)  ok=2160 fail=0  elapsed=2494s  eta=970s
progress: 2180/3000 (72.7%)  ok=2180 fail=0  elapsed=2517s  eta=947s
progress: 2200/3000 (73.3%)  ok=2200 fail=0  elapsed=2540s  eta=924s
progress: 2220/3000 (74.0%)  ok=2220 fail=0  elapsed=2565s  eta=901s
progress: 2240/3000 (74.7%)  ok=2240 fail=0  elapsed=2587s  eta=878s
progress: 2260/3000 (75.3%)  ok=2260 fail=0  elapsed=2610s  eta=855s
progress: 2280/3000 (76.0%)  ok=2280 fail=0  elapsed=2633s  eta=831s
progress: 2300/3000 (76.7%)  ok=2300 fail=0  elapsed=2655s  eta=808s
progress: 2320/3000 (77.3%)  ok=2320 fail=0  elapsed=2678s  eta=785s
progress: 2340/3000 (78.0%)  ok=2340 fail=0  elapsed=2701s  eta=762s
progress: 2360/3000 (78.7%)  ok=2360 fail=0  elapsed=2724s  eta=739s
progress: 2380/3000 (79.3%)  ok=2380 fail=0  elapsed=2747s  eta=716s
progress: 2400/3000 (80.0%)  ok=2400 fail=0  elapsed=2771s  eta=693s
progress: 2420/3000 (80.7%)  ok=2420 fail=0  elapsed=2795s  eta=670s
progress: 2440/3000 (81.3%)  ok=2440 fail=0  elapsed=2818s  eta=647s
progress: 2460/3000 (82.0%)  ok=2460 fail=0  elapsed=2841s  eta=624s
progress: 2480/3000 (82.7%)  ok=2480 fail=0  elapsed=2864s  eta=600s
progress: 2500/3000 (83.3%)  ok=2500 fail=0  elapsed=2887s  eta=577s
progress: 2520/3000 (84.0%)  ok=2520 fail=0  elapsed=2910s  eta=554s
progress: 2540/3000 (84.7%)  ok=2540 fail=0  elapsed=2934s  eta=531s
progress: 2560/3000 (85.3%)  ok=2560 fail=0  elapsed=2956s  eta=508s
progress: 2580/3000 (86.0%)  ok=2580 fail=0  elapsed=2978s  eta=485s
progress: 2600/3000 (86.7%)  ok=2600 fail=0  elapsed=3002s  eta=462s
progress: 2620/3000 (87.3%)  ok=2620 fail=0  elapsed=3026s  eta=439s
progress: 2640/3000 (88.0%)  ok=2640 fail=0  elapsed=3049s  eta=416s
progress: 2660/3000 (88.7%)  ok=2660 fail=0  elapsed=3071s  eta=393s
progress: 2680/3000 (89.3%)  ok=2680 fail=0  elapsed=3094s  eta=369s
progress: 2700/3000 (90.0%)  ok=2700 fail=0  elapsed=3117s  eta=346s
progress: 2720/3000 (90.7%)  ok=2720 fail=0  elapsed=3140s  eta=323s
progress: 2740/3000 (91.3%)  ok=2740 fail=0  elapsed=3164s  eta=300s
progress: 2760/3000 (92.0%)  ok=2760 fail=0  elapsed=3186s  eta=277s
progress: 2780/3000 (92.7%)  ok=2780 fail=0  elapsed=3211s  eta=254s
progress: 2800/3000 (93.3%)  ok=2800 fail=0  elapsed=3235s  eta=231s
progress: 2820/3000 (94.0%)  ok=2820 fail=0  elapsed=3258s  eta=208s
progress: 2840/3000 (94.7%)  ok=2840 fail=0  elapsed=3282s  eta=185s
progress: 2860/3000 (95.3%)  ok=2860 fail=0  elapsed=3306s  eta=162s
progress: 2880/3000 (96.0%)  ok=2880 fail=0  elapsed=3328s  eta=139s
progress: 2900/3000 (96.7%)  ok=2900 fail=0  elapsed=3350s  eta=116s
progress: 2920/3000 (97.3%)  ok=2920 fail=0  elapsed=3375s  eta=92s
progress: 2940/3000 (98.0%)  ok=2940 fail=0  elapsed=3399s  eta=69s
progress: 2960/3000 (98.7%)  ok=2960 fail=0  elapsed=3423s  eta=46s
progress: 2980/3000 (99.3%)  ok=2980 fail=0  elapsed=3446s  eta=23s
progress: 3000/3000 (100.0%)  ok=3000 fail=0  elapsed=3469s  eta=0s
DONE. ok=3000 fail=0 total=3000
=== TIME LIMIT REACHED OR RUN COMPLETED ===
end=1786290717
completed_count=3000
