=== BUDGET-LIMITED RUN: time_limit=21600s ===
start=1786192701
loaded 188 templates
prepared 200000 operation sequences
split into 10000 chunks of up to 20 items each
progress: 20/200000 (0.0%)  ok=20 fail=0  elapsed=19s  eta=188852s
progress: 40/200000 (0.0%)  ok=40 fail=0  elapsed=36s  eta=181414s
progress: 60/200000 (0.0%)  ok=60 fail=0  elapsed=52s  eta=173788s
progress: 80/200000 (0.0%)  ok=80 fail=0  elapsed=69s  eta=173435s
progress: 100/200000 (0.1%)  ok=100 fail=0  elapsed=87s  eta=173234s
progress: 120/200000 (0.1%)  ok=120 fail=0  elapsed=104s  eta=173810s
progress: 140/200000 (0.1%)  ok=140 fail=0  elapsed=121s  eta=173158s
progress: 160/200000 (0.1%)  ok=160 fail=0  elapsed=138s  eta=172747s
progress: 180/200000 (0.1%)  ok=180 fail=0  elapsed=155s  eta=172317s
progress: 200/200000 (0.1%)  ok=200 fail=0  elapsed=173s  eta=173058s
progress: 220/200000 (0.1%)  ok=220 fail=0  elapsed=189s  eta=171980s
progress: 240/200000 (0.1%)  ok=240 fail=0  elapsed=207s  eta=172638s
progress: 260/200000 (0.1%)  ok=260 fail=0  elapsed=224s  eta=172189s
progress: 280/200000 (0.1%)  ok=280 fail=0  elapsed=242s  eta=172774s
progress: 300/200000 (0.1%)  ok=300 fail=0  elapsed=260s  eta=173235s
progress: 320/200000 (0.2%)  ok=320 fail=0  elapsed=278s  eta=173233s
progress: 340/200000 (0.2%)  ok=340 fail=0  elapsed=295s  eta=173092s
progress: 360/200000 (0.2%)  ok=360 fail=0  elapsed=310s  eta=172128s
progress: 380/200000 (0.2%)  ok=380 fail=0  elapsed=327s  eta=171734s
progress: 400/200000 (0.2%)  ok=400 fail=0  elapsed=344s  eta=171750s
progress: 420/200000 (0.2%)  ok=420 fail=0  elapsed=363s  eta=172377s
progress: 440/200000 (0.2%)  ok=440 fail=0  elapsed=379s  eta=171944s
progress: 460/200000 (0.2%)  ok=460 fail=0  elapsed=396s  eta=171587s
progress: 480/200000 (0.2%)  ok=480 fail=0  elapsed=412s  eta=171054s
progress: 500/200000 (0.2%)  ok=500 fail=0  elapsed=429s  eta=171099s
progress: 520/200000 (0.3%)  ok=520 fail=0  elapsed=447s  eta=171290s
progress: 540/200000 (0.3%)  ok=540 fail=0  elapsed=465s  eta=171574s
progress: 560/200000 (0.3%)  ok=560 fail=0  elapsed=482s  eta=171537s
progress: 580/200000 (0.3%)  ok=580 fail=0  elapsed=501s  eta=172383s
progress: 600/200000 (0.3%)  ok=600 fail=0  elapsed=518s  eta=172179s
progress: 620/200000 (0.3%)  ok=620 fail=0  elapsed=535s  eta=171946s
progress: 640/200000 (0.3%)  ok=640 fail=0  elapsed=552s  eta=172086s
progress: 660/200000 (0.3%)  ok=660 fail=0  elapsed=570s  eta=172118s
progress: 680/200000 (0.3%)  ok=680 fail=0  elapsed=588s  eta=172341s
progress: 700/200000 (0.4%)  ok=700 fail=0  elapsed=605s  eta=172237s
progress: 720/200000 (0.4%)  ok=720 fail=0  elapsed=622s  eta=172206s
progress: 740/200000 (0.4%)  ok=740 fail=0  elapsed=639s  eta=171994s
progress: 760/200000 (0.4%)  ok=760 fail=0  elapsed=656s  eta=172028s
progress: 780/200000 (0.4%)  ok=780 fail=0  elapsed=674s  eta=172050s
progress: 800/200000 (0.4%)  ok=800 fail=0  elapsed=691s  eta=172014s
progress: 820/200000 (0.4%)  ok=820 fail=0  elapsed=708s  eta=171914s
progress: 840/200000 (0.4%)  ok=840 fail=0  elapsed=725s  eta=171944s
progress: 860/200000 (0.4%)  ok=860 fail=0  elapsed=742s  eta=171889s
progress: 880/200000 (0.4%)  ok=880 fail=0  elapsed=759s  eta=171663s
progress: 900/200000 (0.4%)  ok=900 fail=0  elapsed=776s  eta=171713s
progress: 920/200000 (0.5%)  ok=920 fail=0  elapsed=796s  eta=172194s
progress: 940/200000 (0.5%)  ok=940 fail=0  elapsed=812s  eta=172000s
progress: 960/200000 (0.5%)  ok=960 fail=0  elapsed=828s  eta=171737s
progress: 980/200000 (0.5%)  ok=980 fail=0  elapsed=846s  eta=171789s
progress: 1000/200000 (0.5%)  ok=1000 fail=0  elapsed=862s  eta=171593s
progress: 1020/200000 (0.5%)  ok=1020 fail=0  elapsed=879s  eta=171504s
progress: 1040/200000 (0.5%)  ok=1040 fail=0  elapsed=896s  eta=171463s
progress: 1060/200000 (0.5%)  ok=1060 fail=0  elapsed=913s  eta=171261s
progress: 1080/200000 (0.5%)  ok=1080 fail=0  elapsed=930s  eta=171235s
progress: 1100/200000 (0.5%)  ok=1100 fail=0  elapsed=947s  eta=171172s
progress: 1120/200000 (0.6%)  ok=1120 fail=0  elapsed=964s  eta=171192s
progress: 1140/200000 (0.6%)  ok=1140 fail=0  elapsed=982s  eta=171233s
progress: 1160/200000 (0.6%)  ok=1160 fail=0  elapsed=998s  eta=171098s
progress: 1180/200000 (0.6%)  ok=1180 fail=0  elapsed=1015s  eta=171072s
progress: 1200/200000 (0.6%)  ok=1200 fail=0  elapsed=1034s  eta=171225s
progress: 1220/200000 (0.6%)  ok=1220 fail=0  elapsed=1051s  eta=171267s
progress: 1240/200000 (0.6%)  ok=1240 fail=0  elapsed=1069s  eta=171393s
progress: 1260/200000 (0.6%)  ok=1260 fail=0  elapsed=1087s  eta=171375s
progress: 1280/200000 (0.6%)  ok=1280 fail=0  elapsed=1103s  eta=171279s
progress: 1300/200000 (0.7%)  ok=1300 fail=0  elapsed=1121s  eta=171287s
progress: 1320/200000 (0.7%)  ok=1320 fail=0  elapsed=1137s  eta=171134s
progress: 1340/200000 (0.7%)  ok=1340 fail=0  elapsed=1154s  eta=171019s
progress: 1360/200000 (0.7%)  ok=1360 fail=0  elapsed=1171s  eta=170971s
progress: 1380/200000 (0.7%)  ok=1380 fail=0  elapsed=1189s  eta=171138s
progress: 1400/200000 (0.7%)  ok=1400 fail=0  elapsed=1207s  eta=171193s
progress: 1420/200000 (0.7%)  ok=1420 fail=0  elapsed=1224s  eta=171136s
progress: 1440/200000 (0.7%)  ok=1440 fail=0  elapsed=1243s  eta=171365s
progress: 1460/200000 (0.7%)  ok=1460 fail=0  elapsed=1261s  eta=171452s
progress: 1480/200000 (0.7%)  ok=1480 fail=0  elapsed=1278s  eta=171381s
progress: 1500/200000 (0.8%)  ok=1500 fail=0  elapsed=1295s  eta=171359s
progress: 1520/200000 (0.8%)  ok=1520 fail=0  elapsed=1312s  eta=171360s
progress: 1540/200000 (0.8%)  ok=1540 fail=0  elapsed=1329s  eta=171250s
progress: 1560/200000 (0.8%)  ok=1560 fail=0  elapsed=1347s  eta=171348s
progress: 1580/200000 (0.8%)  ok=1580 fail=0  elapsed=1365s  eta=171370s
progress: 1600/200000 (0.8%)  ok=1600 fail=0  elapsed=1381s  eta=171282s
progress: 1620/200000 (0.8%)  ok=1620 fail=0  elapsed=1399s  eta=171259s
progress: 1640/200000 (0.8%)  ok=1640 fail=0  elapsed=1414s  eta=171015s
progress: 1660/200000 (0.8%)  ok=1660 fail=0  elapsed=1431s  eta=170973s
progress: 1680/200000 (0.8%)  ok=1680 fail=0  elapsed=1448s  eta=170968s
progress: 1700/200000 (0.9%)  ok=1700 fail=0  elapsed=1465s  eta=170904s
progress: 1720/200000 (0.9%)  ok=1720 fail=0  elapsed=1482s  eta=170892s
progress: 1740/200000 (0.9%)  ok=1740 fail=0  elapsed=1499s  eta=170856s
progress: 1760/200000 (0.9%)  ok=1760 fail=0  elapsed=1517s  eta=170922s
progress: 1780/200000 (0.9%)  ok=1780 fail=0  elapsed=1535s  eta=170889s
progress: 1800/200000 (0.9%)  ok=1800 fail=0  elapsed=1551s  eta=170808s
progress: 1820/200000 (0.9%)  ok=1820 fail=0  elapsed=1569s  eta=170846s
progress: 1840/200000 (0.9%)  ok=1840 fail=0  elapsed=1587s  eta=170876s
progress: 1860/200000 (0.9%)  ok=1860 fail=0  elapsed=1604s  eta=170876s
progress: 1880/200000 (0.9%)  ok=1880 fail=0  elapsed=1622s  eta=170916s
progress: 1900/200000 (0.9%)  ok=1900 fail=0  elapsed=1640s  eta=170994s
progress: 1920/200000 (1.0%)  ok=1920 fail=0  elapsed=1658s  eta=171036s
progress: 1940/200000 (1.0%)  ok=1940 fail=0  elapsed=1675s  eta=170961s
progress: 1960/200000 (1.0%)  ok=1960 fail=0  elapsed=1691s  eta=170906s
progress: 1980/200000 (1.0%)  ok=1980 fail=0  elapsed=1709s  eta=170928s
progress: 2000/200000 (1.0%)  ok=2000 fail=0  elapsed=1726s  eta=170894s
progress: 2020/200000 (1.0%)  ok=2020 fail=0  elapsed=1743s  eta=170850s
progress: 2040/200000 (1.0%)  ok=2040 fail=0  elapsed=1760s  eta=170788s
progress: 2060/200000 (1.0%)  ok=2060 fail=0  elapsed=1777s  eta=170762s
progress: 2080/200000 (1.0%)  ok=2080 fail=0  elapsed=1795s  eta=170811s
progress: 2100/200000 (1.1%)  ok=2100 fail=0  elapsed=1813s  eta=170849s
progress: 2120/200000 (1.1%)  ok=2120 fail=0  elapsed=1829s  eta=170736s
progress: 2140/200000 (1.1%)  ok=2140 fail=0  elapsed=1847s  eta=170739s
progress: 2160/200000 (1.1%)  ok=2160 fail=0  elapsed=1863s  eta=170603s
progress: 2180/200000 (1.1%)  ok=2180 fail=0  elapsed=1880s  eta=170631s
progress: 2200/200000 (1.1%)  ok=2200 fail=0  elapsed=1897s  eta=170582s
progress: 2220/200000 (1.1%)  ok=2220 fail=0  elapsed=1914s  eta=170539s
progress: 2240/200000 (1.1%)  ok=2240 fail=0  elapsed=1933s  eta=170640s
progress: 2260/200000 (1.1%)  ok=2260 fail=0  elapsed=1951s  eta=170671s
progress: 2280/200000 (1.1%)  ok=2280 fail=0  elapsed=1968s  eta=170669s
progress: 2300/200000 (1.1%)  ok=2300 fail=0  elapsed=1985s  eta=170649s
progress: 2320/200000 (1.2%)  ok=2320 fail=0  elapsed=2002s  eta=170589s
progress: 2340/200000 (1.2%)  ok=2340 fail=0  elapsed=2020s  eta=170663s
progress: 2360/200000 (1.2%)  ok=2360 fail=0  elapsed=2037s  eta=170557s
progress: 2380/200000 (1.2%)  ok=2380 fail=0  elapsed=2054s  eta=170548s
progress: 2400/200000 (1.2%)  ok=2400 fail=0  elapsed=2071s  eta=170497s
progress: 2420/200000 (1.2%)  ok=2420 fail=0  elapsed=2089s  eta=170517s
progress: 2440/200000 (1.2%)  ok=2440 fail=0  elapsed=2106s  eta=170535s
progress: 2460/200000 (1.2%)  ok=2460 fail=0  elapsed=2124s  eta=170534s
progress: 2480/200000 (1.2%)  ok=2480 fail=0  elapsed=2141s  eta=170496s
progress: 2500/200000 (1.2%)  ok=2500 fail=0  elapsed=2157s  eta=170410s
progress: 2520/200000 (1.3%)  ok=2520 fail=0  elapsed=2174s  eta=170354s
progress: 2540/200000 (1.3%)  ok=2540 fail=0  elapsed=2192s  eta=170428s
progress: 2560/200000 (1.3%)  ok=2560 fail=0  elapsed=2209s  eta=170369s
progress: 2580/200000 (1.3%)  ok=2580 fail=0  elapsed=2227s  eta=170376s
progress: 2600/200000 (1.3%)  ok=2600 fail=0  elapsed=2243s  eta=170302s
progress: 2620/200000 (1.3%)  ok=2620 fail=0  elapsed=2261s  eta=170315s
progress: 2640/200000 (1.3%)  ok=2640 fail=0  elapsed=2279s  eta=170349s
progress: 2660/200000 (1.3%)  ok=2660 fail=0  elapsed=2297s  eta=170396s
progress: 2680/200000 (1.3%)  ok=2680 fail=0  elapsed=2313s  eta=170296s
progress: 2700/200000 (1.4%)  ok=2700 fail=0  elapsed=2330s  eta=170276s
progress: 2720/200000 (1.4%)  ok=2720 fail=0  elapsed=2348s  eta=170311s
progress: 2740/200000 (1.4%)  ok=2740 fail=0  elapsed=2365s  eta=170264s
progress: 2760/200000 (1.4%)  ok=2760 fail=0  elapsed=2383s  eta=170290s
progress: 2780/200000 (1.4%)  ok=2780 fail=0  elapsed=2399s  eta=170213s
progress: 2800/200000 (1.4%)  ok=2800 fail=0  elapsed=2417s  eta=170258s
progress: 2820/200000 (1.4%)  ok=2820 fail=0  elapsed=2434s  eta=170196s
progress: 2840/200000 (1.4%)  ok=2840 fail=0  elapsed=2451s  eta=170176s
progress: 2860/200000 (1.4%)  ok=2860 fail=0  elapsed=2468s  eta=170123s
progress: 2880/200000 (1.4%)  ok=2880 fail=0  elapsed=2485s  eta=170071s
progress: 2900/200000 (1.5%)  ok=2900 fail=0  elapsed=2504s  eta=170155s
progress: 2920/200000 (1.5%)  ok=2920 fail=0  elapsed=2521s  eta=170153s
progress: 2940/200000 (1.5%)  ok=2940 fail=0  elapsed=2539s  eta=170172s
progress: 2960/200000 (1.5%)  ok=2960 fail=0  elapsed=2556s  eta=170133s
progress: 2980/200000 (1.5%)  ok=2980 fail=0  elapsed=2572s  eta=170068s
progress: 3000/200000 (1.5%)  ok=3000 fail=0  elapsed=2589s  eta=170022s
progress: 3020/200000 (1.5%)  ok=3020 fail=0  elapsed=2606s  eta=169958s
progress: 3040/200000 (1.5%)  ok=3040 fail=0  elapsed=2624s  eta=169993s
progress: 3060/200000 (1.5%)  ok=3060 fail=0  elapsed=2642s  eta=170023s
progress: 3080/200000 (1.5%)  ok=3080 fail=0  elapsed=2658s  eta=169942s
progress: 3100/200000 (1.6%)  ok=3100 fail=0  elapsed=2675s  eta=169893s
progress: 3120/200000 (1.6%)  ok=3120 fail=0  elapsed=2691s  eta=169803s
progress: 3140/200000 (1.6%)  ok=3140 fail=0  elapsed=2707s  eta=169734s
progress: 3160/200000 (1.6%)  ok=3160 fail=0  elapsed=2725s  eta=169714s
progress: 3180/200000 (1.6%)  ok=3180 fail=0  elapsed=2741s  eta=169671s
progress: 3200/200000 (1.6%)  ok=3200 fail=0  elapsed=2759s  eta=169653s
progress: 3220/200000 (1.6%)  ok=3220 fail=0  elapsed=2776s  eta=169638s
progress: 3240/200000 (1.6%)  ok=3240 fail=0  elapsed=2793s  eta=169595s
progress: 3260/200000 (1.6%)  ok=3260 fail=0  elapsed=2810s  eta=169574s
progress: 3280/200000 (1.6%)  ok=3280 fail=0  elapsed=2827s  eta=169570s
progress: 3300/200000 (1.7%)  ok=3300 fail=0  elapsed=2845s  eta=169600s
progress: 3320/200000 (1.7%)  ok=3320 fail=0  elapsed=2863s  eta=169625s
progress: 3340/200000 (1.7%)  ok=3340 fail=0  elapsed=2881s  eta=169635s
progress: 3360/200000 (1.7%)  ok=3360 fail=0  elapsed=2898s  eta=169615s
progress: 3380/200000 (1.7%)  ok=3380 fail=0  elapsed=2915s  eta=169560s
progress: 3400/200000 (1.7%)  ok=3400 fail=0  elapsed=2931s  eta=169492s
progress: 3420/200000 (1.7%)  ok=3420 fail=0  elapsed=2949s  eta=169489s
progress: 3440/200000 (1.7%)  ok=3440 fail=0  elapsed=2967s  eta=169528s
progress: 3460/200000 (1.7%)  ok=3460 fail=0  elapsed=2985s  eta=169555s
progress: 3480/200000 (1.7%)  ok=3480 fail=0  elapsed=3002s  eta=169500s
progress: 3500/200000 (1.8%)  ok=3500 fail=0  elapsed=3019s  eta=169485s
progress: 3520/200000 (1.8%)  ok=3520 fail=0  elapsed=3036s  eta=169465s
progress: 3540/200000 (1.8%)  ok=3540 fail=0  elapsed=3053s  eta=169431s
progress: 3560/200000 (1.8%)  ok=3560 fail=0  elapsed=3071s  eta=169468s
progress: 3580/200000 (1.8%)  ok=3580 fail=0  elapsed=3088s  eta=169433s
progress: 3600/200000 (1.8%)  ok=3600 fail=0  elapsed=3106s  eta=169455s
progress: 3620/200000 (1.8%)  ok=3620 fail=0  elapsed=3123s  eta=169397s
progress: 3640/200000 (1.8%)  ok=3640 fail=0  elapsed=3139s  eta=169312s
progress: 3660/200000 (1.8%)  ok=3660 fail=0  elapsed=3156s  eta=169300s
progress: 3680/200000 (1.8%)  ok=3680 fail=0  elapsed=3172s  eta=169219s
progress: 3700/200000 (1.8%)  ok=3700 fail=0  elapsed=3188s  eta=169142s
progress: 3720/200000 (1.9%)  ok=3720 fail=0  elapsed=3204s  eta=169053s
progress: 3740/200000 (1.9%)  ok=3740 fail=0  elapsed=3222s  eta=169097s
progress: 3760/200000 (1.9%)  ok=3760 fail=0  elapsed=3241s  eta=169129s
progress: 3780/200000 (1.9%)  ok=3780 fail=0  elapsed=3258s  eta=169134s
progress: 3800/200000 (1.9%)  ok=3800 fail=0  elapsed=3276s  eta=169128s
progress: 3820/200000 (1.9%)  ok=3820 fail=0  elapsed=3292s  eta=169082s
progress: 3840/200000 (1.9%)  ok=3840 fail=0  elapsed=3310s  eta=169108s
progress: 3860/200000 (1.9%)  ok=3860 fail=0  elapsed=3327s  eta=169066s
progress: 3880/200000 (1.9%)  ok=3880 fail=0  elapsed=3345s  eta=169055s
progress: 3900/200000 (1.9%)  ok=3900 fail=0  elapsed=3362s  eta=169040s
progress: 3920/200000 (2.0%)  ok=3920 fail=0  elapsed=3378s  eta=168992s
progress: 3940/200000 (2.0%)  ok=3940 fail=0  elapsed=3395s  eta=168958s
progress: 3960/200000 (2.0%)  ok=3960 fail=0  elapsed=3414s  eta=168987s
progress: 3980/200000 (2.0%)  ok=3980 fail=0  elapsed=3430s  eta=168911s
progress: 4000/200000 (2.0%)  ok=4000 fail=0  elapsed=3446s  eta=168866s
progress: 4020/200000 (2.0%)  ok=4020 fail=0  elapsed=3463s  eta=168818s
progress: 4040/200000 (2.0%)  ok=4040 fail=0  elapsed=3479s  eta=168754s
progress: 4060/200000 (2.0%)  ok=4060 fail=0  elapsed=3497s  eta=168783s
progress: 4080/200000 (2.0%)  ok=4080 fail=0  elapsed=3514s  eta=168764s
progress: 4100/200000 (2.1%)  ok=4100 fail=0  elapsed=3532s  eta=168737s
progress: 4120/200000 (2.1%)  ok=4120 fail=0  elapsed=3549s  eta=168719s
progress: 4140/200000 (2.1%)  ok=4140 fail=0  elapsed=3566s  eta=168703s
progress: 4160/200000 (2.1%)  ok=4160 fail=0  elapsed=3582s  eta=168630s
progress: 4180/200000 (2.1%)  ok=4180 fail=0  elapsed=3599s  eta=168622s
progress: 4200/200000 (2.1%)  ok=4200 fail=0  elapsed=3617s  eta=168618s
progress: 4220/200000 (2.1%)  ok=4220 fail=0  elapsed=3634s  eta=168576s
progress: 4240/200000 (2.1%)  ok=4240 fail=0  elapsed=3650s  eta=168512s
progress: 4260/200000 (2.1%)  ok=4260 fail=0  elapsed=3668s  eta=168541s
progress: 4280/200000 (2.1%)  ok=4280 fail=0  elapsed=3686s  eta=168536s
progress: 4300/200000 (2.1%)  ok=4300 fail=0  elapsed=3702s  eta=168479s
progress: 4320/200000 (2.2%)  ok=4320 fail=0  elapsed=3718s  eta=168408s
progress: 4340/200000 (2.2%)  ok=4340 fail=0  elapsed=3735s  eta=168364s
progress: 4360/200000 (2.2%)  ok=4360 fail=0  elapsed=3751s  eta=168302s
progress: 4380/200000 (2.2%)  ok=4380 fail=0  elapsed=3768s  eta=168265s
progress: 4400/200000 (2.2%)  ok=4400 fail=0  elapsed=3784s  eta=168219s
progress: 4420/200000 (2.2%)  ok=4420 fail=0  elapsed=3801s  eta=168194s
progress: 4440/200000 (2.2%)  ok=4440 fail=0  elapsed=3819s  eta=168225s
progress: 4460/200000 (2.2%)  ok=4460 fail=0  elapsed=3836s  eta=168195s
progress: 4480/200000 (2.2%)  ok=4480 fail=0  elapsed=3853s  eta=168164s
progress: 4500/200000 (2.2%)  ok=4500 fail=0  elapsed=3870s  eta=168151s
progress: 4520/200000 (2.3%)  ok=4520 fail=0  elapsed=3888s  eta=168130s
progress: 4540/200000 (2.3%)  ok=4540 fail=0  elapsed=3904s  eta=168098s
progress: 4560/200000 (2.3%)  ok=4560 fail=0  elapsed=3922s  eta=168096s
progress: 4580/200000 (2.3%)  ok=4580 fail=0  elapsed=3939s  eta=168067s
progress: 4600/200000 (2.3%)  ok=4600 fail=0  elapsed=3956s  eta=168059s
progress: 4620/200000 (2.3%)  ok=4620 fail=0  elapsed=3975s  eta=168082s
progress: 4640/200000 (2.3%)  ok=4640 fail=0  elapsed=3991s  eta=168056s
progress: 4660/200000 (2.3%)  ok=4660 fail=0  elapsed=4009s  eta=168061s
progress: 4680/200000 (2.3%)  ok=4680 fail=0  elapsed=4025s  eta=167989s
progress: 4700/200000 (2.4%)  ok=4700 fail=0  elapsed=4043s  eta=167989s
progress: 4720/200000 (2.4%)  ok=4720 fail=0  elapsed=4059s  eta=167928s
progress: 4740/200000 (2.4%)  ok=4740 fail=0  elapsed=4075s  eta=167855s
progress: 4760/200000 (2.4%)  ok=4760 fail=0  elapsed=4091s  eta=167808s
progress: 4780/200000 (2.4%)  ok=4780 fail=0  elapsed=4109s  eta=167795s
progress: 4800/200000 (2.4%)  ok=4800 fail=0  elapsed=4127s  eta=167825s
progress: 4820/200000 (2.4%)  ok=4820 fail=0  elapsed=4144s  eta=167811s
progress: 4840/200000 (2.4%)  ok=4840 fail=0  elapsed=4160s  eta=167751s
progress: 4860/200000 (2.4%)  ok=4860 fail=0  elapsed=4177s  eta=167717s
progress: 4880/200000 (2.4%)  ok=4880 fail=0  elapsed=4194s  eta=167679s
progress: 4900/200000 (2.5%)  ok=4900 fail=0  elapsed=4212s  eta=167710s
progress: 4920/200000 (2.5%)  ok=4920 fail=0  elapsed=4230s  eta=167729s
progress: 4940/200000 (2.5%)  ok=4940 fail=0  elapsed=4247s  eta=167703s
progress: 4960/200000 (2.5%)  ok=4960 fail=0  elapsed=4263s  eta=167651s
progress: 4980/200000 (2.5%)  ok=4980 fail=0  elapsed=4280s  eta=167623s
progress: 5000/200000 (2.5%)  ok=5000 fail=0  elapsed=4298s  eta=167621s
progress: 5020/200000 (2.5%)  ok=5020 fail=0  elapsed=4314s  eta=167563s
progress: 5040/200000 (2.5%)  ok=5040 fail=0  elapsed=4331s  eta=167543s
progress: 5060/200000 (2.5%)  ok=5060 fail=0  elapsed=4348s  eta=167509s
progress: 5080/200000 (2.5%)  ok=5080 fail=0  elapsed=4366s  eta=167509s
progress: 5100/200000 (2.5%)  ok=5100 fail=0  elapsed=4385s  eta=167562s
progress: 5120/200000 (2.6%)  ok=5120 fail=0  elapsed=4401s  eta=167519s
progress: 5140/200000 (2.6%)  ok=5140 fail=0  elapsed=4418s  eta=167505s
progress: 5160/200000 (2.6%)  ok=5160 fail=0  elapsed=4436s  eta=167519s
progress: 5180/200000 (2.6%)  ok=5180 fail=0  elapsed=4453s  eta=167484s
progress: 5200/200000 (2.6%)  ok=5200 fail=0  elapsed=4470s  eta=167445s
progress: 5220/200000 (2.6%)  ok=5220 fail=0  elapsed=4487s  eta=167436s
progress: 5240/200000 (2.6%)  ok=5240 fail=0  elapsed=4502s  eta=167343s
progress: 5260/200000 (2.6%)  ok=5260 fail=0  elapsed=4518s  eta=167262s
progress: 5280/200000 (2.6%)  ok=5280 fail=0  elapsed=4535s  eta=167263s
progress: 5300/200000 (2.6%)  ok=5300 fail=0  elapsed=4552s  eta=167221s
progress: 5320/200000 (2.7%)  ok=5320 fail=0  elapsed=4569s  eta=167182s
progress: 5340/200000 (2.7%)  ok=5340 fail=0  elapsed=4586s  eta=167177s
progress: 5360/200000 (2.7%)  ok=5360 fail=0  elapsed=4603s  eta=167139s
progress: 5380/200000 (2.7%)  ok=5380 fail=0  elapsed=4620s  eta=167145s
progress: 5400/200000 (2.7%)  ok=5400 fail=0  elapsed=4639s  eta=167179s
progress: 5420/200000 (2.7%)  ok=5420 fail=0  elapsed=4655s  eta=167123s
progress: 5440/200000 (2.7%)  ok=5440 fail=0  elapsed=4672s  eta=167103s
progress: 5460/200000 (2.7%)  ok=5460 fail=0  elapsed=4690s  eta=167096s
progress: 5480/200000 (2.7%)  ok=5480 fail=0  elapsed=4709s  eta=167157s
progress: 5500/200000 (2.8%)  ok=5500 fail=0  elapsed=4726s  eta=167144s
progress: 5520/200000 (2.8%)  ok=5520 fail=0  elapsed=4744s  eta=167145s
progress: 5540/200000 (2.8%)  ok=5540 fail=0  elapsed=4761s  eta=167105s
progress: 5560/200000 (2.8%)  ok=5560 fail=0  elapsed=4779s  eta=167134s
progress: 5580/200000 (2.8%)  ok=5580 fail=0  elapsed=4797s  eta=167122s
progress: 5600/200000 (2.8%)  ok=5600 fail=0  elapsed=4815s  eta=167138s
progress: 5620/200000 (2.8%)  ok=5620 fail=0  elapsed=4831s  eta=167088s
progress: 5640/200000 (2.8%)  ok=5640 fail=0  elapsed=4848s  eta=167068s
progress: 5660/200000 (2.8%)  ok=5660 fail=0  elapsed=4864s  eta=167001s
progress: 5680/200000 (2.8%)  ok=5680 fail=0  elapsed=4881s  eta=166977s
progress: 5700/200000 (2.9%)  ok=5700 fail=0  elapsed=4897s  eta=166926s
progress: 5720/200000 (2.9%)  ok=5720 fail=0  elapsed=4914s  eta=166895s
progress: 5740/200000 (2.9%)  ok=5740 fail=0  elapsed=4931s  eta=166879s
progress: 5760/200000 (2.9%)  ok=5760 fail=0  elapsed=4949s  eta=166893s
progress: 5780/200000 (2.9%)  ok=5780 fail=0  elapsed=4966s  eta=166870s
progress: 5800/200000 (2.9%)  ok=5800 fail=0  elapsed=4983s  eta=166831s
progress: 5820/200000 (2.9%)  ok=5820 fail=0  elapsed=5001s  eta=166856s
progress: 5840/200000 (2.9%)  ok=5840 fail=0  elapsed=5018s  eta=166832s
progress: 5860/200000 (2.9%)  ok=5860 fail=0  elapsed=5036s  eta=166837s
progress: 5880/200000 (2.9%)  ok=5880 fail=0  elapsed=5053s  eta=166807s
progress: 5900/200000 (2.9%)  ok=5900 fail=0  elapsed=5071s  eta=166828s
progress: 5920/200000 (3.0%)  ok=5920 fail=0  elapsed=5087s  eta=166779s
progress: 5940/200000 (3.0%)  ok=5940 fail=0  elapsed=5105s  eta=166784s
progress: 5960/200000 (3.0%)  ok=5960 fail=0  elapsed=5122s  eta=166744s
progress: 5980/200000 (3.0%)  ok=5980 fail=0  elapsed=5139s  eta=166738s
progress: 6000/200000 (3.0%)  ok=6000 fail=0  elapsed=5156s  eta=166719s
progress: 6020/200000 (3.0%)  ok=6020 fail=0  elapsed=5173s  eta=166699s
progress: 6040/200000 (3.0%)  ok=6040 fail=0  elapsed=5189s  eta=166630s
progress: 6060/200000 (3.0%)  ok=6060 fail=0  elapsed=5206s  eta=166616s
progress: 6080/200000 (3.0%)  ok=6080 fail=0  elapsed=5223s  eta=166599s
progress: 6100/200000 (3.0%)  ok=6100 fail=0  elapsed=5241s  eta=166582s
progress: 6120/200000 (3.1%)  ok=6120 fail=0  elapsed=5257s  eta=166540s
progress: 6140/200000 (3.1%)  ok=6140 fail=0  elapsed=5274s  eta=166530s
progress: 6160/200000 (3.1%)  ok=6160 fail=0  elapsed=5291s  eta=166486s
progress: 6180/200000 (3.1%)  ok=6180 fail=0  elapsed=5307s  eta=166446s
progress: 6200/200000 (3.1%)  ok=6200 fail=0  elapsed=5324s  eta=166424s
progress: 6220/200000 (3.1%)  ok=6220 fail=0  elapsed=5341s  eta=166405s
progress: 6240/200000 (3.1%)  ok=6240 fail=0  elapsed=5359s  eta=166397s
progress: 6260/200000 (3.1%)  ok=6260 fail=0  elapsed=5376s  eta=166395s
progress: 6280/200000 (3.1%)  ok=6280 fail=0  elapsed=5394s  eta=166393s
progress: 6300/200000 (3.1%)  ok=6300 fail=0  elapsed=5412s  eta=166395s
progress: 6320/200000 (3.2%)  ok=6320 fail=0  elapsed=5429s  eta=166389s
progress: 6340/200000 (3.2%)  ok=6340 fail=0  elapsed=5448s  eta=166408s
progress: 6360/200000 (3.2%)  ok=6360 fail=0  elapsed=5465s  eta=166384s
progress: 6380/200000 (3.2%)  ok=6380 fail=0  elapsed=5483s  eta=166396s
progress: 6400/200000 (3.2%)  ok=6400 fail=0  elapsed=5500s  eta=166385s
progress: 6420/200000 (3.2%)  ok=6420 fail=0  elapsed=5517s  eta=166349s
progress: 6440/200000 (3.2%)  ok=6440 fail=0  elapsed=5534s  eta=166323s
progress: 6460/200000 (3.2%)  ok=6460 fail=0  elapsed=5553s  eta=166362s
progress: 6480/200000 (3.2%)  ok=6480 fail=0  elapsed=5570s  eta=166345s
progress: 6500/200000 (3.2%)  ok=6500 fail=0  elapsed=5587s  eta=166333s
progress: 6520/200000 (3.3%)  ok=6520 fail=0  elapsed=5605s  eta=166331s
progress: 6540/200000 (3.3%)  ok=6540 fail=0  elapsed=5622s  eta=166313s
progress: 6560/200000 (3.3%)  ok=6560 fail=0  elapsed=5639s  eta=166272s
progress: 6580/200000 (3.3%)  ok=6580 fail=0  elapsed=5655s  eta=166239s
progress: 6600/200000 (3.3%)  ok=6600 fail=0  elapsed=5673s  eta=166242s
progress: 6620/200000 (3.3%)  ok=6620 fail=0  elapsed=5692s  eta=166261s
progress: 6640/200000 (3.3%)  ok=6640 fail=0  elapsed=5709s  eta=166243s
progress: 6660/200000 (3.3%)  ok=6660 fail=0  elapsed=5725s  eta=166208s
progress: 6680/200000 (3.3%)  ok=6680 fail=0  elapsed=5743s  eta=166202s
progress: 6700/200000 (3.4%)  ok=6700 fail=0  elapsed=5759s  eta=166163s
progress: 6720/200000 (3.4%)  ok=6720 fail=0  elapsed=5776s  eta=166134s
progress: 6740/200000 (3.4%)  ok=6740 fail=0  elapsed=5793s  eta=166093s
progress: 6760/200000 (3.4%)  ok=6760 fail=0  elapsed=5810s  eta=166090s
progress: 6780/200000 (3.4%)  ok=6780 fail=0  elapsed=5827s  eta=166071s
progress: 6800/200000 (3.4%)  ok=6800 fail=0  elapsed=5844s  eta=166042s
progress: 6820/200000 (3.4%)  ok=6820 fail=0  elapsed=5861s  eta=166007s
progress: 6840/200000 (3.4%)  ok=6840 fail=0  elapsed=5879s  eta=166017s
progress: 6860/200000 (3.4%)  ok=6860 fail=0  elapsed=5896s  eta=165992s
progress: 6880/200000 (3.4%)  ok=6880 fail=0  elapsed=5912s  eta=165958s
progress: 6900/200000 (3.5%)  ok=6900 fail=0  elapsed=5930s  eta=165946s
progress: 6920/200000 (3.5%)  ok=6920 fail=0  elapsed=5947s  eta=165934s
progress: 6940/200000 (3.5%)  ok=6940 fail=0  elapsed=5963s  eta=165895s
progress: 6960/200000 (3.5%)  ok=6960 fail=0  elapsed=5981s  eta=165891s
progress: 6980/200000 (3.5%)  ok=6980 fail=0  elapsed=5999s  eta=165883s
progress: 7000/200000 (3.5%)  ok=7000 fail=0  elapsed=6015s  eta=165853s
progress: 7020/200000 (3.5%)  ok=7020 fail=0  elapsed=6032s  eta=165809s
progress: 7040/200000 (3.5%)  ok=7040 fail=0  elapsed=6049s  eta=165784s
progress: 7060/200000 (3.5%)  ok=7060 fail=0  elapsed=6067s  eta=165794s
progress: 7080/200000 (3.5%)  ok=7080 fail=0  elapsed=6085s  eta=165797s
progress: 7100/200000 (3.5%)  ok=7100 fail=0  elapsed=6102s  eta=165780s
progress: 7120/200000 (3.6%)  ok=7120 fail=0  elapsed=6119s  eta=165772s
progress: 7140/200000 (3.6%)  ok=7140 fail=0  elapsed=6137s  eta=165780s
progress: 7160/200000 (3.6%)  ok=7160 fail=0  elapsed=6155s  eta=165776s
progress: 7180/200000 (3.6%)  ok=7180 fail=0  elapsed=6171s  eta=165734s
progress: 7200/200000 (3.6%)  ok=7200 fail=0  elapsed=6188s  eta=165711s
progress: 7220/200000 (3.6%)  ok=7220 fail=0  elapsed=6207s  eta=165727s
progress: 7240/200000 (3.6%)  ok=7240 fail=0  elapsed=6224s  eta=165700s
progress: 7260/200000 (3.6%)  ok=7260 fail=0  elapsed=6241s  eta=165697s
progress: 7280/200000 (3.6%)  ok=7280 fail=0  elapsed=6260s  eta=165719s
progress: 7300/200000 (3.6%)  ok=7300 fail=0  elapsed=6278s  eta=165730s
progress: 7320/200000 (3.7%)  ok=7320 fail=0  elapsed=6295s  eta=165712s
progress: 7340/200000 (3.7%)  ok=7340 fail=0  elapsed=6312s  eta=165690s
progress: 7360/200000 (3.7%)  ok=7360 fail=0  elapsed=6330s  eta=165693s
progress: 7380/200000 (3.7%)  ok=7380 fail=0  elapsed=6348s  eta=165678s
progress: 7400/200000 (3.7%)  ok=7400 fail=0  elapsed=6364s  eta=165628s
progress: 7420/200000 (3.7%)  ok=7420 fail=0  elapsed=6381s  eta=165601s
progress: 7440/200000 (3.7%)  ok=7440 fail=0  elapsed=6398s  eta=165595s
progress: 7460/200000 (3.7%)  ok=7460 fail=0  elapsed=6414s  eta=165553s
progress: 7480/200000 (3.7%)  ok=7480 fail=0  elapsed=6433s  eta=165562s
progress: 7500/200000 (3.8%)  ok=7500 fail=0  elapsed=6451s  eta=165583s
progress: 7520/200000 (3.8%)  ok=7520 fail=0  elapsed=6468s  eta=165562s
progress: 7540/200000 (3.8%)  ok=7540 fail=0  elapsed=6486s  eta=165556s
progress: 7560/200000 (3.8%)  ok=7560 fail=0  elapsed=6504s  eta=165562s
progress: 7580/200000 (3.8%)  ok=7580 fail=0  elapsed=6522s  eta=165566s
progress: 7600/200000 (3.8%)  ok=7600 fail=0  elapsed=6539s  eta=165532s
progress: 7620/200000 (3.8%)  ok=7620 fail=0  elapsed=6555s  eta=165505s
progress: 7640/200000 (3.8%)  ok=7640 fail=0  elapsed=6573s  eta=165500s
progress: 7660/200000 (3.8%)  ok=7660 fail=0  elapsed=6589s  eta=165456s
progress: 7680/200000 (3.8%)  ok=7680 fail=0  elapsed=6606s  eta=165432s
progress: 7700/200000 (3.9%)  ok=7700 fail=0  elapsed=6626s  eta=165466s
progress: 7720/200000 (3.9%)  ok=7720 fail=0  elapsed=6643s  eta=165457s
progress: 7740/200000 (3.9%)  ok=7740 fail=0  elapsed=6660s  eta=165427s
progress: 7760/200000 (3.9%)  ok=7760 fail=0  elapsed=6678s  eta=165428s
progress: 7780/200000 (3.9%)  ok=7780 fail=0  elapsed=6695s  eta=165408s
progress: 7800/200000 (3.9%)  ok=7800 fail=0  elapsed=6712s  eta=165380s
progress: 7820/200000 (3.9%)  ok=7820 fail=0  elapsed=6729s  eta=165379s
progress: 7840/200000 (3.9%)  ok=7840 fail=0  elapsed=6748s  eta=165383s
progress: 7860/200000 (3.9%)  ok=7860 fail=0  elapsed=6764s  eta=165349s
progress: 7880/200000 (3.9%)  ok=7880 fail=0  elapsed=6781s  eta=165322s
progress: 7900/200000 (4.0%)  ok=7900 fail=0  elapsed=6797s  eta=165289s
progress: 7920/200000 (4.0%)  ok=7920 fail=0  elapsed=6815s  eta=165287s
progress: 7940/200000 (4.0%)  ok=7940 fail=0  elapsed=6833s  eta=165277s
progress: 7960/200000 (4.0%)  ok=7960 fail=0  elapsed=6850s  eta=165250s
progress: 7980/200000 (4.0%)  ok=7980 fail=0  elapsed=6866s  eta=165219s
progress: 8000/200000 (4.0%)  ok=8000 fail=0  elapsed=6883s  eta=165194s
progress: 8020/200000 (4.0%)  ok=8020 fail=0  elapsed=6900s  eta=165161s
progress: 8040/200000 (4.0%)  ok=8040 fail=0  elapsed=6918s  eta=165161s
progress: 8060/200000 (4.0%)  ok=8060 fail=0  elapsed=6934s  eta=165133s
progress: 8080/200000 (4.0%)  ok=8080 fail=0  elapsed=6951s  eta=165104s
progress: 8100/200000 (4.0%)  ok=8100 fail=0  elapsed=6968s  eta=165088s
progress: 8120/200000 (4.1%)  ok=8120 fail=0  elapsed=6985s  eta=165068s
progress: 8140/200000 (4.1%)  ok=8140 fail=0  elapsed=7002s  eta=165043s
progress: 8160/200000 (4.1%)  ok=8160 fail=0  elapsed=7019s  eta=165020s
progress: 8180/200000 (4.1%)  ok=8180 fail=0  elapsed=7037s  eta=165016s
progress: 8200/200000 (4.1%)  ok=8200 fail=0  elapsed=7054s  eta=164989s
progress: 8220/200000 (4.1%)  ok=8220 fail=0  elapsed=7071s  eta=164980s
progress: 8240/200000 (4.1%)  ok=8240 fail=0  elapsed=7089s  eta=164963s
progress: 8260/200000 (4.1%)  ok=8260 fail=0  elapsed=7106s  eta=164943s
progress: 8280/200000 (4.1%)  ok=8280 fail=0  elapsed=7122s  eta=164917s
progress: 8300/200000 (4.2%)  ok=8300 fail=0  elapsed=7139s  eta=164874s
progress: 8320/200000 (4.2%)  ok=8320 fail=0  elapsed=7156s  eta=164854s
progress: 8340/200000 (4.2%)  ok=8340 fail=0  elapsed=7174s  eta=164863s
progress: 8360/200000 (4.2%)  ok=8360 fail=0  elapsed=7191s  eta=164845s
progress: 8380/200000 (4.2%)  ok=8380 fail=0  elapsed=7208s  eta=164818s
progress: 8400/200000 (4.2%)  ok=8400 fail=0  elapsed=7225s  eta=164792s
progress: 8420/200000 (4.2%)  ok=8420 fail=0  elapsed=7243s  eta=164789s
progress: 8440/200000 (4.2%)  ok=8440 fail=0  elapsed=7260s  eta=164780s
progress: 8460/200000 (4.2%)  ok=8460 fail=0  elapsed=7278s  eta=164779s
progress: 8480/200000 (4.2%)  ok=8480 fail=0  elapsed=7295s  eta=164759s
progress: 8500/200000 (4.2%)  ok=8500 fail=0  elapsed=7312s  eta=164733s
progress: 8520/200000 (4.3%)  ok=8520 fail=0  elapsed=7328s  eta=164699s
progress: 8540/200000 (4.3%)  ok=8540 fail=0  elapsed=7346s  eta=164680s
progress: 8560/200000 (4.3%)  ok=8560 fail=0  elapsed=7363s  eta=164672s
progress: 8580/200000 (4.3%)  ok=8580 fail=0  elapsed=7380s  eta=164643s
progress: 8600/200000 (4.3%)  ok=8600 fail=0  elapsed=7397s  eta=164631s
progress: 8620/200000 (4.3%)  ok=8620 fail=0  elapsed=7414s  eta=164612s
progress: 8640/200000 (4.3%)  ok=8640 fail=0  elapsed=7432s  eta=164611s
progress: 8660/200000 (4.3%)  ok=8660 fail=0  elapsed=7449s  eta=164592s
progress: 8680/200000 (4.3%)  ok=8680 fail=0  elapsed=7468s  eta=164595s
progress: 8700/200000 (4.3%)  ok=8700 fail=0  elapsed=7485s  eta=164586s
progress: 8720/200000 (4.4%)  ok=8720 fail=0  elapsed=7503s  eta=164582s
progress: 8740/200000 (4.4%)  ok=8740 fail=0  elapsed=7519s  eta=164544s
progress: 8760/200000 (4.4%)  ok=8760 fail=0  elapsed=7535s  eta=164507s
progress: 8780/200000 (4.4%)  ok=8780 fail=0  elapsed=7552s  eta=164485s
progress: 8800/200000 (4.4%)  ok=8800 fail=0  elapsed=7570s  eta=164479s
progress: 8820/200000 (4.4%)  ok=8820 fail=0  elapsed=7587s  eta=164445s
progress: 8840/200000 (4.4%)  ok=8840 fail=0  elapsed=7603s  eta=164415s
progress: 8860/200000 (4.4%)  ok=8860 fail=0  elapsed=7621s  eta=164405s
progress: 8880/200000 (4.4%)  ok=8880 fail=0  elapsed=7637s  eta=164371s
progress: 8900/200000 (4.5%)  ok=8900 fail=0  elapsed=7653s  eta=164333s
progress: 8920/200000 (4.5%)  ok=8920 fail=0  elapsed=7670s  eta=164310s
progress: 8940/200000 (4.5%)  ok=8940 fail=0  elapsed=7688s  eta=164294s
progress: 8960/200000 (4.5%)  ok=8960 fail=0  elapsed=7705s  eta=164288s
progress: 8980/200000 (4.5%)  ok=8980 fail=0  elapsed=7722s  eta=164267s
progress: 9000/200000 (4.5%)  ok=9000 fail=0  elapsed=7740s  eta=164252s
progress: 9020/200000 (4.5%)  ok=9020 fail=0  elapsed=7758s  eta=164262s
progress: 9040/200000 (4.5%)  ok=9040 fail=0  elapsed=7774s  eta=164226s
progress: 9060/200000 (4.5%)  ok=9060 fail=0  elapsed=7791s  eta=164204s
progress: 9080/200000 (4.5%)  ok=9080 fail=0  elapsed=7808s  eta=164180s
progress: 9100/200000 (4.5%)  ok=9100 fail=0  elapsed=7825s  eta=164150s
progress: 9120/200000 (4.6%)  ok=9120 fail=0  elapsed=7842s  eta=164128s
progress: 9140/200000 (4.6%)  ok=9140 fail=0  elapsed=7858s  eta=164098s
progress: 9160/200000 (4.6%)  ok=9160 fail=0  elapsed=7876s  eta=164079s
progress: 9180/200000 (4.6%)  ok=9180 fail=0  elapsed=7893s  eta=164071s
progress: 9200/200000 (4.6%)  ok=9200 fail=0  elapsed=7910s  eta=164039s
progress: 9220/200000 (4.6%)  ok=9220 fail=0  elapsed=7926s  eta=164012s
progress: 9240/200000 (4.6%)  ok=9240 fail=0  elapsed=7944s  eta=164011s
progress: 9260/200000 (4.6%)  ok=9260 fail=0  elapsed=7962s  eta=163995s
progress: 9280/200000 (4.6%)  ok=9280 fail=0  elapsed=7980s  eta=163998s
progress: 9300/200000 (4.7%)  ok=9300 fail=0  elapsed=7998s  eta=164001s
progress: 9320/200000 (4.7%)  ok=9320 fail=0  elapsed=8016s  eta=164009s
progress: 9340/200000 (4.7%)  ok=9340 fail=0  elapsed=8034s  eta=163994s
progress: 9360/200000 (4.7%)  ok=9360 fail=0  elapsed=8052s  eta=163990s
progress: 9380/200000 (4.7%)  ok=9380 fail=0  elapsed=8070s  eta=163997s
progress: 9400/200000 (4.7%)  ok=9400 fail=0  elapsed=8086s  eta=163964s
progress: 9420/200000 (4.7%)  ok=9420 fail=0  elapsed=8103s  eta=163937s
progress: 9440/200000 (4.7%)  ok=9440 fail=0  elapsed=8121s  eta=163930s
progress: 9460/200000 (4.7%)  ok=9460 fail=0  elapsed=8137s  eta=163896s
progress: 9480/200000 (4.7%)  ok=9480 fail=0  elapsed=8155s  eta=163894s
progress: 9500/200000 (4.8%)  ok=9500 fail=0  elapsed=8172s  eta=163873s
progress: 9520/200000 (4.8%)  ok=9520 fail=0  elapsed=8190s  eta=163868s
progress: 9540/200000 (4.8%)  ok=9540 fail=0  elapsed=8208s  eta=163859s
progress: 9560/200000 (4.8%)  ok=9560 fail=0  elapsed=8224s  eta=163835s
progress: 9580/200000 (4.8%)  ok=9580 fail=0  elapsed=8241s  eta=163803s
progress: 9600/200000 (4.8%)  ok=9600 fail=0  elapsed=8257s  eta=163770s
progress: 9620/200000 (4.8%)  ok=9620 fail=0  elapsed=8276s  eta=163788s
progress: 9640/200000 (4.8%)  ok=9640 fail=0  elapsed=8293s  eta=163769s
progress: 9660/200000 (4.8%)  ok=9660 fail=0  elapsed=8311s  eta=163769s
progress: 9680/200000 (4.8%)  ok=9680 fail=0  elapsed=8329s  eta=163759s
progress: 9700/200000 (4.9%)  ok=9700 fail=0  elapsed=8348s  eta=163778s
progress: 9720/200000 (4.9%)  ok=9720 fail=0  elapsed=8365s  eta=163752s
progress: 9740/200000 (4.9%)  ok=9740 fail=0  elapsed=8381s  eta=163713s
progress: 9760/200000 (4.9%)  ok=9760 fail=0  elapsed=8398s  eta=163692s
progress: 9780/200000 (4.9%)  ok=9780 fail=0  elapsed=8414s  eta=163660s
progress: 9800/200000 (4.9%)  ok=9800 fail=0  elapsed=8432s  eta=163643s
progress: 9820/200000 (4.9%)  ok=9820 fail=0  elapsed=8450s  eta=163644s
progress: 9840/200000 (4.9%)  ok=9840 fail=0  elapsed=8467s  eta=163627s
progress: 9860/200000 (4.9%)  ok=9860 fail=0  elapsed=8485s  eta=163630s
progress: 9880/200000 (4.9%)  ok=9880 fail=0  elapsed=8503s  eta=163617s
progress: 9900/200000 (5.0%)  ok=9900 fail=0  elapsed=8519s  eta=163587s
progress: 9920/200000 (5.0%)  ok=9920 fail=0  elapsed=8537s  eta=163578s
progress: 9940/200000 (5.0%)  ok=9940 fail=0  elapsed=8555s  eta=163578s
progress: 9960/200000 (5.0%)  ok=9960 fail=0  elapsed=8571s  eta=163546s
progress: 9980/200000 (5.0%)  ok=9980 fail=0  elapsed=8588s  eta=163522s
progress: 10000/200000 (5.0%)  ok=10000 fail=0  elapsed=8606s  eta=163515s
progress: 10020/200000 (5.0%)  ok=10020 fail=0  elapsed=8624s  eta=163510s
progress: 10040/200000 (5.0%)  ok=10040 fail=0  elapsed=8643s  eta=163520s
progress: 10060/200000 (5.0%)  ok=10060 fail=0  elapsed=8659s  eta=163482s
progress: 10080/200000 (5.0%)  ok=10080 fail=0  elapsed=8676s  eta=163468s
progress: 10100/200000 (5.1%)  ok=10100 fail=0  elapsed=8693s  eta=163453s
progress: 10120/200000 (5.1%)  ok=10120 fail=0  elapsed=8710s  eta=163428s
progress: 10140/200000 (5.1%)  ok=10140 fail=0  elapsed=8727s  eta=163412s
progress: 10160/200000 (5.1%)  ok=10160 fail=0  elapsed=8746s  eta=163411s
progress: 10180/200000 (5.1%)  ok=10180 fail=0  elapsed=8763s  eta=163398s
progress: 10200/200000 (5.1%)  ok=10200 fail=0  elapsed=8781s  eta=163397s
progress: 10220/200000 (5.1%)  ok=10220 fail=0  elapsed=8798s  eta=163372s
progress: 10240/200000 (5.1%)  ok=10240 fail=0  elapsed=8816s  eta=163364s
progress: 10260/200000 (5.1%)  ok=10260 fail=0  elapsed=8832s  eta=163336s
progress: 10280/200000 (5.1%)  ok=10280 fail=0  elapsed=8848s  eta=163295s
progress: 10300/200000 (5.1%)  ok=10300 fail=0  elapsed=8866s  eta=163283s
progress: 10320/200000 (5.2%)  ok=10320 fail=0  elapsed=8884s  eta=163292s
progress: 10340/200000 (5.2%)  ok=10340 fail=0  elapsed=8903s  eta=163310s
progress: 10360/200000 (5.2%)  ok=10360 fail=0  elapsed=8920s  eta=163276s
progress: 10380/200000 (5.2%)  ok=10380 fail=0  elapsed=8936s  eta=163245s
progress: 10400/200000 (5.2%)  ok=10400 fail=0  elapsed=8954s  eta=163239s
progress: 10420/200000 (5.2%)  ok=10420 fail=0  elapsed=8972s  eta=163238s
progress: 10440/200000 (5.2%)  ok=10440 fail=0  elapsed=8989s  eta=163221s
progress: 10460/200000 (5.2%)  ok=10460 fail=0  elapsed=9007s  eta=163203s
progress: 10480/200000 (5.2%)  ok=10480 fail=0  elapsed=9023s  eta=163171s
progress: 10500/200000 (5.2%)  ok=10500 fail=0  elapsed=9040s  eta=163155s
progress: 10520/200000 (5.3%)  ok=10520 fail=0  elapsed=9058s  eta=163143s
progress: 10540/200000 (5.3%)  ok=10540 fail=0  elapsed=9075s  eta=163131s
progress: 10560/200000 (5.3%)  ok=10560 fail=0  elapsed=9091s  eta=163094s
progress: 10580/200000 (5.3%)  ok=10580 fail=0  elapsed=9108s  eta=163066s
progress: 10600/200000 (5.3%)  ok=10600 fail=0  elapsed=9126s  eta=163055s
progress: 10620/200000 (5.3%)  ok=10620 fail=0  elapsed=9143s  eta=163038s
progress: 10640/200000 (5.3%)  ok=10640 fail=0  elapsed=9161s  eta=163034s
progress: 10660/200000 (5.3%)  ok=10660 fail=0  elapsed=9176s  eta=162988s
progress: 10680/200000 (5.3%)  ok=10680 fail=0  elapsed=9193s  eta=162956s
progress: 10700/200000 (5.3%)  ok=10700 fail=0  elapsed=9209s  eta=162925s
progress: 10720/200000 (5.4%)  ok=10720 fail=0  elapsed=9226s  eta=162896s
progress: 10740/200000 (5.4%)  ok=10740 fail=0  elapsed=9244s  eta=162902s
progress: 10760/200000 (5.4%)  ok=10760 fail=0  elapsed=9263s  eta=162903s
progress: 10780/200000 (5.4%)  ok=10780 fail=0  elapsed=9281s  eta=162900s
progress: 10800/200000 (5.4%)  ok=10800 fail=0  elapsed=9299s  eta=162898s
progress: 10820/200000 (5.4%)  ok=10820 fail=0  elapsed=9317s  eta=162895s
progress: 10840/200000 (5.4%)  ok=10840 fail=0  elapsed=9335s  eta=162889s
progress: 10860/200000 (5.4%)  ok=10860 fail=0  elapsed=9352s  eta=162884s
progress: 10880/200000 (5.4%)  ok=10880 fail=0  elapsed=9371s  eta=162882s
progress: 10900/200000 (5.5%)  ok=10900 fail=0  elapsed=9388s  eta=162869s
progress: 10920/200000 (5.5%)  ok=10920 fail=0  elapsed=9405s  eta=162839s
progress: 10940/200000 (5.5%)  ok=10940 fail=0  elapsed=9421s  eta=162810s
progress: 10960/200000 (5.5%)  ok=10960 fail=0  elapsed=9438s  eta=162788s
progress: 10980/200000 (5.5%)  ok=10980 fail=0  elapsed=9456s  eta=162791s
progress: 11000/200000 (5.5%)  ok=11000 fail=0  elapsed=9473s  eta=162756s
progress: 11020/200000 (5.5%)  ok=11020 fail=0  elapsed=9490s  eta=162734s
progress: 11040/200000 (5.5%)  ok=11040 fail=0  elapsed=9507s  eta=162727s
progress: 11060/200000 (5.5%)  ok=11060 fail=0  elapsed=9524s  eta=162694s
progress: 11080/200000 (5.5%)  ok=11080 fail=0  elapsed=9541s  eta=162685s
progress: 11100/200000 (5.5%)  ok=11100 fail=0  elapsed=9559s  eta=162677s
progress: 11120/200000 (5.6%)  ok=11120 fail=0  elapsed=9576s  eta=162658s
progress: 11140/200000 (5.6%)  ok=11140 fail=0  elapsed=9594s  eta=162652s
progress: 11160/200000 (5.6%)  ok=11160 fail=0  elapsed=9611s  eta=162623s
progress: 11180/200000 (5.6%)  ok=11180 fail=0  elapsed=9628s  eta=162612s
progress: 11200/200000 (5.6%)  ok=11200 fail=0  elapsed=9645s  eta=162593s
progress: 11220/200000 (5.6%)  ok=11220 fail=0  elapsed=9662s  eta=162559s
progress: 11240/200000 (5.6%)  ok=11240 fail=0  elapsed=9679s  eta=162542s
progress: 11260/200000 (5.6%)  ok=11260 fail=0  elapsed=9697s  eta=162543s
progress: 11280/200000 (5.6%)  ok=11280 fail=0  elapsed=9715s  eta=162529s
progress: 11300/200000 (5.7%)  ok=11300 fail=0  elapsed=9731s  eta=162498s
progress: 11320/200000 (5.7%)  ok=11320 fail=0  elapsed=9748s  eta=162476s
progress: 11340/200000 (5.7%)  ok=11340 fail=0  elapsed=9765s  eta=162453s
progress: 11360/200000 (5.7%)  ok=11360 fail=0  elapsed=9784s  eta=162465s
progress: 11380/200000 (5.7%)  ok=11380 fail=0  elapsed=9800s  eta=162437s
progress: 11400/200000 (5.7%)  ok=11400 fail=0  elapsed=9819s  eta=162436s
progress: 11420/200000 (5.7%)  ok=11420 fail=0  elapsed=9837s  eta=162440s
progress: 11440/200000 (5.7%)  ok=11440 fail=0  elapsed=9854s  eta=162414s
progress: 11460/200000 (5.7%)  ok=11460 fail=0  elapsed=9872s  eta=162420s
progress: 11480/200000 (5.7%)  ok=11480 fail=0  elapsed=9889s  eta=162395s
progress: 11500/200000 (5.8%)  ok=11500 fail=0  elapsed=9905s  eta=162356s
progress: 11520/200000 (5.8%)  ok=11520 fail=0  elapsed=9923s  eta=162345s
progress: 11540/200000 (5.8%)  ok=11540 fail=0  elapsed=9939s  eta=162321s
progress: 11560/200000 (5.8%)  ok=11560 fail=0  elapsed=9957s  eta=162301s
progress: 11580/200000 (5.8%)  ok=11580 fail=0  elapsed=9974s  eta=162281s
progress: 11600/200000 (5.8%)  ok=11600 fail=0  elapsed=9989s  eta=162239s
progress: 11620/200000 (5.8%)  ok=11620 fail=0  elapsed=10006s  eta=162216s
progress: 11640/200000 (5.8%)  ok=11640 fail=0  elapsed=10024s  eta=162204s
progress: 11660/200000 (5.8%)  ok=11660 fail=0  elapsed=10041s  eta=162189s
progress: 11680/200000 (5.8%)  ok=11680 fail=0  elapsed=10058s  eta=162163s
progress: 11700/200000 (5.9%)  ok=11700 fail=0  elapsed=10075s  eta=162145s
progress: 11720/200000 (5.9%)  ok=11720 fail=0  elapsed=10092s  eta=162134s
progress: 11740/200000 (5.9%)  ok=11740 fail=0  elapsed=10110s  eta=162117s
progress: 11760/200000 (5.9%)  ok=11760 fail=0  elapsed=10127s  eta=162105s
progress: 11780/200000 (5.9%)  ok=11780 fail=0  elapsed=10145s  eta=162093s
progress: 11800/200000 (5.9%)  ok=11800 fail=0  elapsed=10163s  eta=162086s
progress: 11820/200000 (5.9%)  ok=11820 fail=0  elapsed=10180s  eta=162077s
progress: 11840/200000 (5.9%)  ok=11840 fail=0  elapsed=10198s  eta=162063s
progress: 11860/200000 (5.9%)  ok=11860 fail=0  elapsed=10216s  eta=162053s
progress: 11880/200000 (5.9%)  ok=11880 fail=0  elapsed=10233s  eta=162040s
progress: 11900/200000 (5.9%)  ok=11900 fail=0  elapsed=10250s  eta=162020s
progress: 11920/200000 (6.0%)  ok=11920 fail=0  elapsed=10267s  eta=162006s
progress: 11940/200000 (6.0%)  ok=11940 fail=0  elapsed=10284s  eta=161983s
progress: 11960/200000 (6.0%)  ok=11960 fail=0  elapsed=10301s  eta=161962s
progress: 11980/200000 (6.0%)  ok=11980 fail=0  elapsed=10319s  eta=161951s
progress: 12000/200000 (6.0%)  ok=12000 fail=0  elapsed=10335s  eta=161917s
progress: 12020/200000 (6.0%)  ok=12020 fail=0  elapsed=10351s  eta=161885s
progress: 12040/200000 (6.0%)  ok=12040 fail=0  elapsed=10369s  eta=161867s
progress: 12060/200000 (6.0%)  ok=12060 fail=0  elapsed=10385s  eta=161840s
progress: 12080/200000 (6.0%)  ok=12080 fail=0  elapsed=10403s  eta=161831s
progress: 12100/200000 (6.0%)  ok=12100 fail=0  elapsed=10418s  eta=161782s
progress: 12120/200000 (6.1%)  ok=12120 fail=0  elapsed=10436s  eta=161769s
progress: 12140/200000 (6.1%)  ok=12140 fail=0  elapsed=10452s  eta=161744s
progress: 12160/200000 (6.1%)  ok=12160 fail=0  elapsed=10469s  eta=161716s
progress: 12180/200000 (6.1%)  ok=12180 fail=0  elapsed=10486s  eta=161701s
progress: 12200/200000 (6.1%)  ok=12200 fail=0  elapsed=10502s  eta=161663s
progress: 12220/200000 (6.1%)  ok=12220 fail=0  elapsed=10519s  eta=161647s
progress: 12240/200000 (6.1%)  ok=12240 fail=0  elapsed=10537s  eta=161630s
progress: 12260/200000 (6.1%)  ok=12260 fail=0  elapsed=10553s  eta=161602s
progress: 12280/200000 (6.1%)  ok=12280 fail=0  elapsed=10571s  eta=161594s
progress: 12300/200000 (6.2%)  ok=12300 fail=0  elapsed=10589s  eta=161586s
progress: 12320/200000 (6.2%)  ok=12320 fail=0  elapsed=10605s  eta=161554s
progress: 12340/200000 (6.2%)  ok=12340 fail=0  elapsed=10623s  eta=161544s
progress: 12360/200000 (6.2%)  ok=12360 fail=0  elapsed=10640s  eta=161535s
progress: 12380/200000 (6.2%)  ok=12380 fail=0  elapsed=10658s  eta=161518s
progress: 12400/200000 (6.2%)  ok=12400 fail=0  elapsed=10674s  eta=161492s
progress: 12420/200000 (6.2%)  ok=12420 fail=0  elapsed=10692s  eta=161488s
progress: 12440/200000 (6.2%)  ok=12440 fail=0  elapsed=10710s  eta=161477s
progress: 12460/200000 (6.2%)  ok=12460 fail=0  elapsed=10726s  eta=161437s
progress: 12480/200000 (6.2%)  ok=12480 fail=0  elapsed=10743s  eta=161424s
progress: 12500/200000 (6.2%)  ok=12500 fail=0  elapsed=10760s  eta=161400s
progress: 12520/200000 (6.3%)  ok=12520 fail=0  elapsed=10777s  eta=161383s
progress: 12540/200000 (6.3%)  ok=12540 fail=0  elapsed=10794s  eta=161361s
progress: 12560/200000 (6.3%)  ok=12560 fail=0  elapsed=10810s  eta=161329s
progress: 12580/200000 (6.3%)  ok=12580 fail=0  elapsed=10827s  eta=161306s
progress: 12600/200000 (6.3%)  ok=12600 fail=0  elapsed=10844s  eta=161277s
progress: 12620/200000 (6.3%)  ok=12620 fail=0  elapsed=10860s  eta=161252s
progress: 12640/200000 (6.3%)  ok=12640 fail=0  elapsed=10877s  eta=161235s
progress: 12660/200000 (6.3%)  ok=12660 fail=0  elapsed=10895s  eta=161227s
progress: 12680/200000 (6.3%)  ok=12680 fail=0  elapsed=10912s  eta=161207s
progress: 12700/200000 (6.3%)  ok=12700 fail=0  elapsed=10931s  eta=161210s
progress: 12720/200000 (6.4%)  ok=12720 fail=0  elapsed=10948s  eta=161195s
progress: 12740/200000 (6.4%)  ok=12740 fail=0  elapsed=10966s  eta=161186s
progress: 12760/200000 (6.4%)  ok=12760 fail=0  elapsed=10984s  eta=161172s
progress: 12780/200000 (6.4%)  ok=12780 fail=0  elapsed=11000s  eta=161146s
progress: 12800/200000 (6.4%)  ok=12800 fail=0  elapsed=11017s  eta=161120s
progress: 12820/200000 (6.4%)  ok=12820 fail=0  elapsed=11034s  eta=161100s
progress: 12840/200000 (6.4%)  ok=12840 fail=0  elapsed=11051s  eta=161076s
progress: 12860/200000 (6.4%)  ok=12860 fail=0  elapsed=11068s  eta=161057s
progress: 12880/200000 (6.4%)  ok=12880 fail=0  elapsed=11086s  eta=161054s
progress: 12900/200000 (6.5%)  ok=12900 fail=0  elapsed=11102s  eta=161026s
progress: 12920/200000 (6.5%)  ok=12920 fail=0  elapsed=11119s  eta=161008s
progress: 12940/200000 (6.5%)  ok=12940 fail=0  elapsed=11138s  eta=161013s
progress: 12960/200000 (6.5%)  ok=12960 fail=0  elapsed=11155s  eta=160991s
progress: 12980/200000 (6.5%)  ok=12980 fail=0  elapsed=11172s  eta=160977s
progress: 13000/200000 (6.5%)  ok=13000 fail=0  elapsed=11189s  eta=160949s
progress: 13020/200000 (6.5%)  ok=13020 fail=0  elapsed=11208s  eta=160961s
progress: 13040/200000 (6.5%)  ok=13040 fail=0  elapsed=11225s  eta=160936s
progress: 13060/200000 (6.5%)  ok=13060 fail=0  elapsed=11243s  eta=160932s
progress: 13080/200000 (6.5%)  ok=13080 fail=0  elapsed=11259s  eta=160894s
progress: 13100/200000 (6.6%)  ok=13100 fail=0  elapsed=11277s  eta=160888s
progress: 13120/200000 (6.6%)  ok=13120 fail=0  elapsed=11295s  eta=160886s
progress: 13140/200000 (6.6%)  ok=13140 fail=0  elapsed=11312s  eta=160858s
progress: 13160/200000 (6.6%)  ok=13160 fail=0  elapsed=11328s  eta=160834s
progress: 13180/200000 (6.6%)  ok=13180 fail=0  elapsed=11346s  eta=160825s
progress: 13200/200000 (6.6%)  ok=13200 fail=0  elapsed=11364s  eta=160817s
progress: 13220/200000 (6.6%)  ok=13220 fail=0  elapsed=11382s  eta=160806s
progress: 13240/200000 (6.6%)  ok=13240 fail=0  elapsed=11397s  eta=160769s
progress: 13260/200000 (6.6%)  ok=13260 fail=0  elapsed=11415s  eta=160757s
progress: 13280/200000 (6.6%)  ok=13280 fail=0  elapsed=11434s  eta=160760s
progress: 13300/200000 (6.7%)  ok=13300 fail=0  elapsed=11451s  eta=160749s
progress: 13320/200000 (6.7%)  ok=13320 fail=0  elapsed=11468s  eta=160727s
progress: 13340/200000 (6.7%)  ok=13340 fail=0  elapsed=11485s  eta=160700s
progress: 13360/200000 (6.7%)  ok=13360 fail=0  elapsed=11502s  eta=160678s
progress: 13380/200000 (6.7%)  ok=13380 fail=0  elapsed=11519s  eta=160658s
progress: 13400/200000 (6.7%)  ok=13400 fail=0  elapsed=11536s  eta=160637s
progress: 13420/200000 (6.7%)  ok=13420 fail=0  elapsed=11552s  eta=160613s
progress: 13440/200000 (6.7%)  ok=13440 fail=0  elapsed=11569s  eta=160593s
progress: 13460/200000 (6.7%)  ok=13460 fail=0  elapsed=11587s  eta=160583s
progress: 13480/200000 (6.7%)  ok=13480 fail=0  elapsed=11604s  eta=160562s
progress: 13500/200000 (6.8%)  ok=13500 fail=0  elapsed=11621s  eta=160545s
progress: 13520/200000 (6.8%)  ok=13520 fail=0  elapsed=11638s  eta=160518s
progress: 13540/200000 (6.8%)  ok=13540 fail=0  elapsed=11656s  eta=160518s
progress: 13560/200000 (6.8%)  ok=13560 fail=0  elapsed=11674s  eta=160510s
progress: 13580/200000 (6.8%)  ok=13580 fail=0  elapsed=11691s  eta=160490s
progress: 13600/200000 (6.8%)  ok=13600 fail=0  elapsed=11708s  eta=160467s
progress: 13620/200000 (6.8%)  ok=13620 fail=0  elapsed=11727s  eta=160469s
progress: 13640/200000 (6.8%)  ok=13640 fail=0  elapsed=11744s  eta=160451s
progress: 13660/200000 (6.8%)  ok=13660 fail=0  elapsed=11762s  eta=160452s
progress: 13680/200000 (6.8%)  ok=13680 fail=0  elapsed=11780s  eta=160447s
progress: 13700/200000 (6.9%)  ok=13700 fail=0  elapsed=11798s  eta=160436s
progress: 13720/200000 (6.9%)  ok=13720 fail=0  elapsed=11815s  eta=160411s
progress: 13740/200000 (6.9%)  ok=13740 fail=0  elapsed=11832s  eta=160391s
progress: 13760/200000 (6.9%)  ok=13760 fail=0  elapsed=11848s  eta=160365s
progress: 13780/200000 (6.9%)  ok=13780 fail=0  elapsed=11865s  eta=160342s
progress: 13800/200000 (6.9%)  ok=13800 fail=0  elapsed=11883s  eta=160331s
progress: 13820/200000 (6.9%)  ok=13820 fail=0  elapsed=11901s  eta=160327s
progress: 13840/200000 (6.9%)  ok=13840 fail=0  elapsed=11917s  eta=160299s
progress: 13860/200000 (6.9%)  ok=13860 fail=0  elapsed=11934s  eta=160275s
progress: 13880/200000 (6.9%)  ok=13880 fail=0  elapsed=11951s  eta=160256s
progress: 13900/200000 (7.0%)  ok=13900 fail=0  elapsed=11969s  eta=160253s
progress: 13920/200000 (7.0%)  ok=13920 fail=0  elapsed=11987s  eta=160239s
progress: 13940/200000 (7.0%)  ok=13940 fail=0  elapsed=12005s  eta=160227s
progress: 13960/200000 (7.0%)  ok=13960 fail=0  elapsed=12022s  eta=160219s
progress: 13980/200000 (7.0%)  ok=13980 fail=0  elapsed=12041s  eta=160223s
progress: 14000/200000 (7.0%)  ok=14000 fail=0  elapsed=12058s  eta=160198s
progress: 14020/200000 (7.0%)  ok=14020 fail=0  elapsed=12076s  eta=160194s
progress: 14040/200000 (7.0%)  ok=14040 fail=0  elapsed=12093s  eta=160168s
progress: 14060/200000 (7.0%)  ok=14060 fail=0  elapsed=12109s  eta=160140s
progress: 14080/200000 (7.0%)  ok=14080 fail=0  elapsed=12127s  eta=160130s
progress: 14100/200000 (7.0%)  ok=14100 fail=0  elapsed=12144s  eta=160112s
progress: 14120/200000 (7.1%)  ok=14120 fail=0  elapsed=12160s  eta=160084s
progress: 14140/200000 (7.1%)  ok=14140 fail=0  elapsed=12177s  eta=160058s
progress: 14160/200000 (7.1%)  ok=14160 fail=0  elapsed=12195s  eta=160051s
progress: 14180/200000 (7.1%)  ok=14180 fail=0  elapsed=12214s  eta=160051s
progress: 14200/200000 (7.1%)  ok=14200 fail=0  elapsed=12230s  eta=160025s
progress: 14220/200000 (7.1%)  ok=14220 fail=0  elapsed=12247s  eta=160006s
progress: 14240/200000 (7.1%)  ok=14240 fail=0  elapsed=12264s  eta=159977s
progress: 14260/200000 (7.1%)  ok=14260 fail=0  elapsed=12281s  eta=159963s
progress: 14280/200000 (7.1%)  ok=14280 fail=0  elapsed=12298s  eta=159945s
progress: 14300/200000 (7.1%)  ok=14300 fail=0  elapsed=12315s  eta=159925s
progress: 14320/200000 (7.2%)  ok=14320 fail=0  elapsed=12332s  eta=159907s
progress: 14340/200000 (7.2%)  ok=14340 fail=0  elapsed=12350s  eta=159893s
progress: 14360/200000 (7.2%)  ok=14360 fail=0  elapsed=12368s  eta=159882s
progress: 14380/200000 (7.2%)  ok=14380 fail=0  elapsed=12386s  eta=159876s
progress: 14400/200000 (7.2%)  ok=14400 fail=0  elapsed=12403s  eta=159856s
progress: 14420/200000 (7.2%)  ok=14420 fail=0  elapsed=12419s  eta=159830s
progress: 14440/200000 (7.2%)  ok=14440 fail=0  elapsed=12436s  eta=159809s
progress: 14460/200000 (7.2%)  ok=14460 fail=0  elapsed=12453s  eta=159789s
progress: 14480/200000 (7.2%)  ok=14480 fail=0  elapsed=12470s  eta=159763s
progress: 14500/200000 (7.2%)  ok=14500 fail=0  elapsed=12486s  eta=159735s
progress: 14520/200000 (7.3%)  ok=14520 fail=0  elapsed=12503s  eta=159714s
progress: 14540/200000 (7.3%)  ok=14540 fail=0  elapsed=12521s  eta=159709s
progress: 14560/200000 (7.3%)  ok=14560 fail=0  elapsed=12539s  eta=159696s
progress: 14580/200000 (7.3%)  ok=14580 fail=0  elapsed=12555s  eta=159667s
progress: 14600/200000 (7.3%)  ok=14600 fail=0  elapsed=12572s  eta=159644s
progress: 14620/200000 (7.3%)  ok=14620 fail=0  elapsed=12589s  eta=159630s
progress: 14640/200000 (7.3%)  ok=14640 fail=0  elapsed=12605s  eta=159593s
progress: 14660/200000 (7.3%)  ok=14660 fail=0  elapsed=12621s  eta=159568s
progress: 14680/200000 (7.3%)  ok=14680 fail=0  elapsed=12639s  eta=159552s
progress: 14700/200000 (7.3%)  ok=14700 fail=0  elapsed=12656s  eta=159532s
progress: 14720/200000 (7.4%)  ok=14720 fail=0  elapsed=12672s  eta=159501s
progress: 14740/200000 (7.4%)  ok=14740 fail=0  elapsed=12689s  eta=159487s
progress: 14760/200000 (7.4%)  ok=14760 fail=0  elapsed=12707s  eta=159477s
progress: 14780/200000 (7.4%)  ok=14780 fail=0  elapsed=12725s  eta=159464s
progress: 14800/200000 (7.4%)  ok=14800 fail=0  elapsed=12743s  eta=159454s
progress: 14820/200000 (7.4%)  ok=14820 fail=0  elapsed=12762s  eta=159459s
progress: 14840/200000 (7.4%)  ok=14840 fail=0  elapsed=12778s  eta=159431s
progress: 14860/200000 (7.4%)  ok=14860 fail=0  elapsed=12796s  eta=159421s
progress: 14880/200000 (7.4%)  ok=14880 fail=0  elapsed=12812s  eta=159392s
progress: 14900/200000 (7.4%)  ok=14900 fail=0  elapsed=12829s  eta=159369s
progress: 14920/200000 (7.5%)  ok=14920 fail=0  elapsed=12845s  eta=159344s
progress: 14940/200000 (7.5%)  ok=14940 fail=0  elapsed=12862s  eta=159324s
progress: 14960/200000 (7.5%)  ok=14960 fail=0  elapsed=12879s  eta=159303s
progress: 14980/200000 (7.5%)  ok=14980 fail=0  elapsed=12897s  eta=159297s
progress: 15000/200000 (7.5%)  ok=15000 fail=0  elapsed=12916s  eta=159300s
progress: 15020/200000 (7.5%)  ok=15020 fail=0  elapsed=12934s  eta=159288s
progress: 15040/200000 (7.5%)  ok=15040 fail=0  elapsed=12951s  eta=159266s
progress: 15060/200000 (7.5%)  ok=15060 fail=0  elapsed=12968s  eta=159254s
progress: 15080/200000 (7.5%)  ok=15080 fail=0  elapsed=12987s  eta=159249s
progress: 15100/200000 (7.5%)  ok=15100 fail=0  elapsed=13004s  eta=159231s
progress: 15120/200000 (7.6%)  ok=15120 fail=0  elapsed=13021s  eta=159217s
progress: 15140/200000 (7.6%)  ok=15140 fail=0  elapsed=13038s  eta=159191s
progress: 15160/200000 (7.6%)  ok=15160 fail=0  elapsed=13056s  eta=159182s
progress: 15180/200000 (7.6%)  ok=15180 fail=0  elapsed=13073s  eta=159163s
progress: 15200/200000 (7.6%)  ok=15200 fail=0  elapsed=13090s  eta=159144s
progress: 15220/200000 (7.6%)  ok=15220 fail=0  elapsed=13107s  eta=159132s
progress: 15240/200000 (7.6%)  ok=15240 fail=0  elapsed=13125s  eta=159122s
progress: 15260/200000 (7.6%)  ok=15260 fail=0  elapsed=13142s  eta=159102s
progress: 15280/200000 (7.6%)  ok=15280 fail=0  elapsed=13159s  eta=159078s
progress: 15300/200000 (7.6%)  ok=15300 fail=0  elapsed=13178s  eta=159080s
progress: 15320/200000 (7.7%)  ok=15320 fail=0  elapsed=13195s  eta=159063s
progress: 15340/200000 (7.7%)  ok=15340 fail=0  elapsed=13213s  eta=159054s
progress: 15360/200000 (7.7%)  ok=15360 fail=0  elapsed=13230s  eta=159039s
progress: 15380/200000 (7.7%)  ok=15380 fail=0  elapsed=13247s  eta=159019s
progress: 15400/200000 (7.7%)  ok=15400 fail=0  elapsed=13265s  eta=159007s
progress: 15420/200000 (7.7%)  ok=15420 fail=0  elapsed=13283s  eta=158996s
progress: 15440/200000 (7.7%)  ok=15440 fail=0  elapsed=13300s  eta=158976s
progress: 15460/200000 (7.7%)  ok=15460 fail=0  elapsed=13316s  eta=158953s
progress: 15480/200000 (7.7%)  ok=15480 fail=0  elapsed=13335s  eta=158948s
progress: 15500/200000 (7.8%)  ok=15500 fail=0  elapsed=13353s  eta=158943s
progress: 15520/200000 (7.8%)  ok=15520 fail=0  elapsed=13371s  eta=158934s
progress: 15540/200000 (7.8%)  ok=15540 fail=0  elapsed=13389s  eta=158924s
progress: 15560/200000 (7.8%)  ok=15560 fail=0  elapsed=13406s  eta=158903s
progress: 15580/200000 (7.8%)  ok=15580 fail=0  elapsed=13423s  eta=158884s
progress: 15600/200000 (7.8%)  ok=15600 fail=0  elapsed=13440s  eta=158870s
progress: 15620/200000 (7.8%)  ok=15620 fail=0  elapsed=13457s  eta=158846s
progress: 15640/200000 (7.8%)  ok=15640 fail=0  elapsed=13474s  eta=158823s
progress: 15660/200000 (7.8%)  ok=15660 fail=0  elapsed=13490s  eta=158801s
progress: 15680/200000 (7.8%)  ok=15680 fail=0  elapsed=13509s  eta=158798s
progress: 15700/200000 (7.8%)  ok=15700 fail=0  elapsed=13527s  eta=158791s
progress: 15720/200000 (7.9%)  ok=15720 fail=0  elapsed=13545s  eta=158779s
progress: 15740/200000 (7.9%)  ok=15740 fail=0  elapsed=13562s  eta=158763s
progress: 15760/200000 (7.9%)  ok=15760 fail=0  elapsed=13579s  eta=158749s
progress: 15780/200000 (7.9%)  ok=15780 fail=0  elapsed=13596s  eta=158724s
progress: 15800/200000 (7.9%)  ok=15800 fail=0  elapsed=13614s  eta=158710s
progress: 15820/200000 (7.9%)  ok=15820 fail=0  elapsed=13631s  eta=158695s
progress: 15840/200000 (7.9%)  ok=15840 fail=0  elapsed=13647s  eta=158669s
progress: 15860/200000 (7.9%)  ok=15860 fail=0  elapsed=13664s  eta=158649s
progress: 15880/200000 (7.9%)  ok=15880 fail=0  elapsed=13682s  eta=158630s
progress: 15900/200000 (8.0%)  ok=15900 fail=0  elapsed=13698s  eta=158604s
progress: 15920/200000 (8.0%)  ok=15920 fail=0  elapsed=13716s  eta=158590s
progress: 15940/200000 (8.0%)  ok=15940 fail=0  elapsed=13733s  eta=158573s
progress: 15960/200000 (8.0%)  ok=15960 fail=0  elapsed=13751s  eta=158562s
progress: 15980/200000 (8.0%)  ok=15980 fail=0  elapsed=13768s  eta=158547s
progress: 16000/200000 (8.0%)  ok=16000 fail=0  elapsed=13784s  eta=158520s
progress: 16020/200000 (8.0%)  ok=16020 fail=0  elapsed=13802s  eta=158503s
progress: 16040/200000 (8.0%)  ok=16040 fail=0  elapsed=13820s  eta=158494s
progress: 16060/200000 (8.0%)  ok=16060 fail=0  elapsed=13835s  eta=158459s
progress: 16080/200000 (8.0%)  ok=16080 fail=0  elapsed=13852s  eta=158434s
progress: 16100/200000 (8.1%)  ok=16100 fail=0  elapsed=13869s  eta=158416s
progress: 16120/200000 (8.1%)  ok=16120 fail=0  elapsed=13886s  eta=158398s
progress: 16140/200000 (8.1%)  ok=16140 fail=0  elapsed=13903s  eta=158378s
progress: 16160/200000 (8.1%)  ok=16160 fail=0  elapsed=13921s  eta=158364s
progress: 16180/200000 (8.1%)  ok=16180 fail=0  elapsed=13937s  eta=158337s
progress: 16200/200000 (8.1%)  ok=16200 fail=0  elapsed=13954s  eta=158320s
progress: 16220/200000 (8.1%)  ok=16220 fail=0  elapsed=13971s  eta=158295s
progress: 16240/200000 (8.1%)  ok=16240 fail=0  elapsed=13987s  eta=158271s
progress: 16260/200000 (8.1%)  ok=16260 fail=0  elapsed=14004s  eta=158249s
progress: 16280/200000 (8.1%)  ok=16280 fail=0  elapsed=14022s  eta=158237s
progress: 16300/200000 (8.2%)  ok=16300 fail=0  elapsed=14039s  eta=158215s
progress: 16320/200000 (8.2%)  ok=16320 fail=0  elapsed=14056s  eta=158203s
progress: 16340/200000 (8.2%)  ok=16340 fail=0  elapsed=14075s  eta=158197s
progress: 16360/200000 (8.2%)  ok=16360 fail=0  elapsed=14092s  eta=158178s
progress: 16380/200000 (8.2%)  ok=16380 fail=0  elapsed=14109s  eta=158163s
progress: 16400/200000 (8.2%)  ok=16400 fail=0  elapsed=14127s  eta=158152s
progress: 16420/200000 (8.2%)  ok=16420 fail=0  elapsed=14144s  eta=158129s
progress: 16440/200000 (8.2%)  ok=16440 fail=0  elapsed=14162s  eta=158130s
progress: 16460/200000 (8.2%)  ok=16460 fail=0  elapsed=14179s  eta=158108s
progress: 16480/200000 (8.2%)  ok=16480 fail=0  elapsed=14196s  eta=158085s
progress: 16500/200000 (8.2%)  ok=16500 fail=0  elapsed=14212s  eta=158056s
progress: 16520/200000 (8.3%)  ok=16520 fail=0  elapsed=14229s  eta=158035s
progress: 16540/200000 (8.3%)  ok=16540 fail=0  elapsed=14247s  eta=158030s
progress: 16560/200000 (8.3%)  ok=16560 fail=0  elapsed=14266s  eta=158024s
progress: 16580/200000 (8.3%)  ok=16580 fail=0  elapsed=14284s  eta=158023s
progress: 16600/200000 (8.3%)  ok=16600 fail=0  elapsed=14301s  eta=158006s
progress: 16620/200000 (8.3%)  ok=16620 fail=0  elapsed=14318s  eta=157985s
progress: 16640/200000 (8.3%)  ok=16640 fail=0  elapsed=14336s  eta=157976s
progress: 16660/200000 (8.3%)  ok=16660 fail=0  elapsed=14354s  eta=157960s
progress: 16680/200000 (8.3%)  ok=16680 fail=0  elapsed=14371s  eta=157948s
progress: 16700/200000 (8.3%)  ok=16700 fail=0  elapsed=14388s  eta=157919s
progress: 16720/200000 (8.4%)  ok=16720 fail=0  elapsed=14405s  eta=157908s
progress: 16740/200000 (8.4%)  ok=16740 fail=0  elapsed=14422s  eta=157880s
progress: 16760/200000 (8.4%)  ok=16760 fail=0  elapsed=14439s  eta=157866s
progress: 16780/200000 (8.4%)  ok=16780 fail=0  elapsed=14456s  eta=157846s
progress: 16800/200000 (8.4%)  ok=16800 fail=0  elapsed=14473s  eta=157822s
progress: 16820/200000 (8.4%)  ok=16820 fail=0  elapsed=14490s  eta=157810s
progress: 16840/200000 (8.4%)  ok=16840 fail=0  elapsed=14507s  eta=157787s
progress: 16860/200000 (8.4%)  ok=16860 fail=0  elapsed=14526s  eta=157782s
progress: 16880/200000 (8.4%)  ok=16880 fail=0  elapsed=14542s  eta=157752s
progress: 16900/200000 (8.5%)  ok=16900 fail=0  elapsed=14559s  eta=157735s
progress: 16920/200000 (8.5%)  ok=16920 fail=0  elapsed=14576s  eta=157722s
progress: 16940/200000 (8.5%)  ok=16940 fail=0  elapsed=14594s  eta=157709s
progress: 16960/200000 (8.5%)  ok=16960 fail=0  elapsed=14612s  eta=157694s
progress: 16980/200000 (8.5%)  ok=16980 fail=0  elapsed=14629s  eta=157683s
progress: 17000/200000 (8.5%)  ok=17000 fail=0  elapsed=14646s  eta=157664s
progress: 17020/200000 (8.5%)  ok=17020 fail=0  elapsed=14664s  eta=157647s
progress: 17040/200000 (8.5%)  ok=17040 fail=0  elapsed=14681s  eta=157628s
progress: 17060/200000 (8.5%)  ok=17060 fail=0  elapsed=14698s  eta=157614s
progress: 17080/200000 (8.5%)  ok=17080 fail=0  elapsed=14715s  eta=157589s
progress: 17100/200000 (8.6%)  ok=17100 fail=0  elapsed=14732s  eta=157571s
progress: 17120/200000 (8.6%)  ok=17120 fail=0  elapsed=14750s  eta=157561s
progress: 17140/200000 (8.6%)  ok=17140 fail=0  elapsed=14769s  eta=157569s
progress: 17160/200000 (8.6%)  ok=17160 fail=0  elapsed=14787s  eta=157558s
progress: 17180/200000 (8.6%)  ok=17180 fail=0  elapsed=14805s  eta=157546s
progress: 17200/200000 (8.6%)  ok=17200 fail=0  elapsed=14822s  eta=157526s
progress: 17220/200000 (8.6%)  ok=17220 fail=0  elapsed=14839s  eta=157510s
progress: 17240/200000 (8.6%)  ok=17240 fail=0  elapsed=14858s  eta=157509s
progress: 17260/200000 (8.6%)  ok=17260 fail=0  elapsed=14875s  eta=157488s
progress: 17280/200000 (8.6%)  ok=17280 fail=0  elapsed=14893s  eta=157478s
progress: 17300/200000 (8.6%)  ok=17300 fail=0  elapsed=14911s  eta=157470s
progress: 17320/200000 (8.7%)  ok=17320 fail=0  elapsed=14927s  eta=157443s
progress: 17340/200000 (8.7%)  ok=17340 fail=0  elapsed=14946s  eta=157442s
progress: 17360/200000 (8.7%)  ok=17360 fail=0  elapsed=14964s  eta=157428s
progress: 17380/200000 (8.7%)  ok=17380 fail=0  elapsed=14981s  eta=157418s
progress: 17400/200000 (8.7%)  ok=17400 fail=0  elapsed=14999s  eta=157403s
progress: 17420/200000 (8.7%)  ok=17420 fail=0  elapsed=15016s  eta=157378s
progress: 17440/200000 (8.7%)  ok=17440 fail=0  elapsed=15033s  eta=157360s
progress: 17460/200000 (8.7%)  ok=17460 fail=0  elapsed=15049s  eta=157332s
progress: 17480/200000 (8.7%)  ok=17480 fail=0  elapsed=15066s  eta=157313s
progress: 17500/200000 (8.8%)  ok=17500 fail=0  elapsed=15082s  eta=157287s
progress: 17520/200000 (8.8%)  ok=17520 fail=0  elapsed=15100s  eta=157272s
progress: 17540/200000 (8.8%)  ok=17540 fail=0  elapsed=15118s  eta=157262s
progress: 17560/200000 (8.8%)  ok=17560 fail=0  elapsed=15135s  eta=157246s
progress: 17580/200000 (8.8%)  ok=17580 fail=0  elapsed=15153s  eta=157233s
progress: 17600/200000 (8.8%)  ok=17600 fail=0  elapsed=15169s  eta=157208s
progress: 17620/200000 (8.8%)  ok=17620 fail=0  elapsed=15186s  eta=157190s
progress: 17640/200000 (8.8%)  ok=17640 fail=0  elapsed=15205s  eta=157183s
progress: 17660/200000 (8.8%)  ok=17660 fail=0  elapsed=15222s  eta=157164s
progress: 17680/200000 (8.8%)  ok=17680 fail=0  elapsed=15239s  eta=157145s
progress: 17700/200000 (8.8%)  ok=17700 fail=0  elapsed=15256s  eta=157124s
progress: 17720/200000 (8.9%)  ok=17720 fail=0  elapsed=15274s  eta=157118s
progress: 17740/200000 (8.9%)  ok=17740 fail=0  elapsed=15291s  eta=157100s
progress: 17760/200000 (8.9%)  ok=17760 fail=0  elapsed=15307s  eta=157074s
progress: 17780/200000 (8.9%)  ok=17780 fail=0  elapsed=15324s  eta=157055s
progress: 17800/200000 (8.9%)  ok=17800 fail=0  elapsed=15342s  eta=157040s
progress: 17820/200000 (8.9%)  ok=17820 fail=0  elapsed=15360s  eta=157026s
progress: 17840/200000 (8.9%)  ok=17840 fail=0  elapsed=15377s  eta=157009s
progress: 17860/200000 (8.9%)  ok=17860 fail=0  elapsed=15394s  eta=156992s
progress: 17880/200000 (8.9%)  ok=17880 fail=0  elapsed=15411s  eta=156967s
progress: 17900/200000 (8.9%)  ok=17900 fail=0  elapsed=15427s  eta=156946s
progress: 17920/200000 (9.0%)  ok=17920 fail=0  elapsed=15444s  eta=156924s
progress: 17940/200000 (9.0%)  ok=17940 fail=0  elapsed=15462s  eta=156908s
progress: 17960/200000 (9.0%)  ok=17960 fail=0  elapsed=15479s  eta=156890s
progress: 17980/200000 (9.0%)  ok=17980 fail=0  elapsed=15496s  eta=156873s
progress: 18000/200000 (9.0%)  ok=18000 fail=0  elapsed=15514s  eta=156860s
progress: 18020/200000 (9.0%)  ok=18020 fail=0  elapsed=15531s  eta=156843s
progress: 18040/200000 (9.0%)  ok=18040 fail=0  elapsed=15549s  eta=156831s
progress: 18060/200000 (9.0%)  ok=18060 fail=0  elapsed=15565s  eta=156808s
progress: 18080/200000 (9.0%)  ok=18080 fail=0  elapsed=15583s  eta=156791s
progress: 18100/200000 (9.0%)  ok=18100 fail=0  elapsed=15599s  eta=156765s
progress: 18120/200000 (9.1%)  ok=18120 fail=0  elapsed=15615s  eta=156737s
progress: 18140/200000 (9.1%)  ok=18140 fail=0  elapsed=15632s  eta=156715s
progress: 18160/200000 (9.1%)  ok=18160 fail=0  elapsed=15648s  eta=156689s
progress: 18180/200000 (9.1%)  ok=18180 fail=0  elapsed=15666s  eta=156676s
progress: 18200/200000 (9.1%)  ok=18200 fail=0  elapsed=15683s  eta=156658s
progress: 18220/200000 (9.1%)  ok=18220 fail=0  elapsed=15701s  eta=156646s
progress: 18240/200000 (9.1%)  ok=18240 fail=0  elapsed=15717s  eta=156623s
progress: 18260/200000 (9.1%)  ok=18260 fail=0  elapsed=15735s  eta=156609s
progress: 18280/200000 (9.1%)  ok=18280 fail=0  elapsed=15754s  eta=156604s
progress: 18300/200000 (9.2%)  ok=18300 fail=0  elapsed=15771s  eta=156589s
progress: 18320/200000 (9.2%)  ok=18320 fail=0  elapsed=15789s  eta=156575s
progress: 18340/200000 (9.2%)  ok=18340 fail=0  elapsed=15805s  eta=156554s
progress: 18360/200000 (9.2%)  ok=18360 fail=0  elapsed=15823s  eta=156543s
progress: 18380/200000 (9.2%)  ok=18380 fail=0  elapsed=15840s  eta=156523s
progress: 18400/200000 (9.2%)  ok=18400 fail=0  elapsed=15857s  eta=156503s
progress: 18420/200000 (9.2%)  ok=18420 fail=0  elapsed=15874s  eta=156485s
progress: 18440/200000 (9.2%)  ok=18440 fail=0  elapsed=15892s  eta=156471s
progress: 18460/200000 (9.2%)  ok=18460 fail=0  elapsed=15909s  eta=156450s
progress: 18480/200000 (9.2%)  ok=18480 fail=0  elapsed=15925s  eta=156423s
progress: 18500/200000 (9.2%)  ok=18500 fail=0  elapsed=15942s  eta=156408s
progress: 18520/200000 (9.3%)  ok=18520 fail=0  elapsed=15961s  eta=156400s
progress: 18540/200000 (9.3%)  ok=18540 fail=0  elapsed=15979s  eta=156393s
progress: 18560/200000 (9.3%)  ok=18560 fail=0  elapsed=15997s  eta=156386s
progress: 18580/200000 (9.3%)  ok=18580 fail=0  elapsed=16015s  eta=156375s
progress: 18600/200000 (9.3%)  ok=18600 fail=0  elapsed=16031s  eta=156350s
progress: 18620/200000 (9.3%)  ok=18620 fail=0  elapsed=16048s  eta=156329s
progress: 18640/200000 (9.3%)  ok=18640 fail=0  elapsed=16064s  eta=156297s
progress: 18660/200000 (9.3%)  ok=18660 fail=0  elapsed=16082s  eta=156285s
progress: 18680/200000 (9.3%)  ok=18680 fail=0  elapsed=16099s  eta=156272s
progress: 18700/200000 (9.3%)  ok=18700 fail=0  elapsed=16116s  eta=156244s
progress: 18720/200000 (9.4%)  ok=18720 fail=0  elapsed=16133s  eta=156228s
progress: 18740/200000 (9.4%)  ok=18740 fail=0  elapsed=16150s  eta=156208s
progress: 18760/200000 (9.4%)  ok=18760 fail=0  elapsed=16166s  eta=156178s
progress: 18780/200000 (9.4%)  ok=18780 fail=0  elapsed=16184s  eta=156167s
progress: 18800/200000 (9.4%)  ok=18800 fail=0  elapsed=16201s  eta=156154s
progress: 18820/200000 (9.4%)  ok=18820 fail=0  elapsed=16219s  eta=156141s
progress: 18840/200000 (9.4%)  ok=18840 fail=0  elapsed=16235s  eta=156108s
progress: 18860/200000 (9.4%)  ok=18860 fail=0  elapsed=16251s  eta=156083s
progress: 18880/200000 (9.4%)  ok=18880 fail=0  elapsed=16268s  eta=156060s
progress: 18900/200000 (9.4%)  ok=18900 fail=0  elapsed=16285s  eta=156044s
progress: 18920/200000 (9.5%)  ok=18920 fail=0  elapsed=16302s  eta=156023s
progress: 18940/200000 (9.5%)  ok=18940 fail=0  elapsed=16318s  eta=155997s
progress: 18960/200000 (9.5%)  ok=18960 fail=0  elapsed=16335s  eta=155975s
progress: 18980/200000 (9.5%)  ok=18980 fail=0  elapsed=16352s  eta=155956s
progress: 19000/200000 (9.5%)  ok=19000 fail=0  elapsed=16371s  eta=155951s
progress: 19020/200000 (9.5%)  ok=19020 fail=0  elapsed=16388s  eta=155933s
progress: 19040/200000 (9.5%)  ok=19040 fail=0  elapsed=16406s  eta=155926s
progress: 19060/200000 (9.5%)  ok=19060 fail=0  elapsed=16424s  eta=155912s
progress: 19080/200000 (9.5%)  ok=19080 fail=0  elapsed=16441s  eta=155892s
progress: 19100/200000 (9.6%)  ok=19100 fail=0  elapsed=16459s  eta=155885s
progress: 19120/200000 (9.6%)  ok=19120 fail=0  elapsed=16478s  eta=155886s
progress: 19140/200000 (9.6%)  ok=19140 fail=0  elapsed=16495s  eta=155864s
progress: 19160/200000 (9.6%)  ok=19160 fail=0  elapsed=16513s  eta=155857s
progress: 19180/200000 (9.6%)  ok=19180 fail=0  elapsed=16530s  eta=155839s
progress: 19200/200000 (9.6%)  ok=19200 fail=0  elapsed=16548s  eta=155827s
progress: 19220/200000 (9.6%)  ok=19220 fail=0  elapsed=16566s  eta=155819s
progress: 19240/200000 (9.6%)  ok=19240 fail=0  elapsed=16584s  eta=155808s
progress: 19260/200000 (9.6%)  ok=19260 fail=0  elapsed=16601s  eta=155787s
progress: 19280/200000 (9.6%)  ok=19280 fail=0  elapsed=16619s  eta=155775s
progress: 19300/200000 (9.7%)  ok=19300 fail=0  elapsed=16637s  eta=155766s
progress: 19320/200000 (9.7%)  ok=19320 fail=0  elapsed=16654s  eta=155750s
progress: 19340/200000 (9.7%)  ok=19340 fail=0  elapsed=16671s  eta=155730s
progress: 19360/200000 (9.7%)  ok=19360 fail=0  elapsed=16689s  eta=155718s
progress: 19380/200000 (9.7%)  ok=19380 fail=0  elapsed=16706s  eta=155698s
progress: 19400/200000 (9.7%)  ok=19400 fail=0  elapsed=16723s  eta=155683s
progress: 19420/200000 (9.7%)  ok=19420 fail=0  elapsed=16741s  eta=155672s
progress: 19440/200000 (9.7%)  ok=19440 fail=0  elapsed=16758s  eta=155653s
progress: 19460/200000 (9.7%)  ok=19460 fail=0  elapsed=16776s  eta=155638s
progress: 19480/200000 (9.7%)  ok=19480 fail=0  elapsed=16792s  eta=155609s
progress: 19500/200000 (9.8%)  ok=19500 fail=0  elapsed=16809s  eta=155592s
progress: 19520/200000 (9.8%)  ok=19520 fail=0  elapsed=16827s  eta=155579s
progress: 19540/200000 (9.8%)  ok=19540 fail=0  elapsed=16845s  eta=155568s
progress: 19560/200000 (9.8%)  ok=19560 fail=0  elapsed=16863s  eta=155556s
progress: 19580/200000 (9.8%)  ok=19580 fail=0  elapsed=16880s  eta=155543s
progress: 19600/200000 (9.8%)  ok=19600 fail=0  elapsed=16897s  eta=155526s
progress: 19620/200000 (9.8%)  ok=19620 fail=0  elapsed=16915s  eta=155515s
progress: 19640/200000 (9.8%)  ok=19640 fail=0  elapsed=16933s  eta=155499s
progress: 19660/200000 (9.8%)  ok=19660 fail=0  elapsed=16950s  eta=155485s
progress: 19680/200000 (9.8%)  ok=19680 fail=0  elapsed=16968s  eta=155469s
progress: 19700/200000 (9.8%)  ok=19700 fail=0  elapsed=16985s  eta=155451s
progress: 19720/200000 (9.9%)  ok=19720 fail=0  elapsed=17002s  eta=155433s
progress: 19740/200000 (9.9%)  ok=19740 fail=0  elapsed=17018s  eta=155407s
progress: 19760/200000 (9.9%)  ok=19760 fail=0  elapsed=17035s  eta=155383s
progress: 19780/200000 (9.9%)  ok=19780 fail=0  elapsed=17052s  eta=155363s
progress: 19800/200000 (9.9%)  ok=19800 fail=0  elapsed=17069s  eta=155341s
progress: 19820/200000 (9.9%)  ok=19820 fail=0  elapsed=17086s  eta=155325s
progress: 19840/200000 (9.9%)  ok=19840 fail=0  elapsed=17103s  eta=155303s
progress: 19860/200000 (9.9%)  ok=19860 fail=0  elapsed=17119s  eta=155282s
progress: 19880/200000 (9.9%)  ok=19880 fail=0  elapsed=17137s  eta=155267s
progress: 19900/200000 (10.0%)  ok=19900 fail=0  elapsed=17154s  eta=155247s
progress: 19920/200000 (10.0%)  ok=19920 fail=0  elapsed=17171s  eta=155229s
progress: 19940/200000 (10.0%)  ok=19940 fail=0  elapsed=17188s  eta=155214s
progress: 19960/200000 (10.0%)  ok=19960 fail=0  elapsed=17205s  eta=155185s
progress: 19980/200000 (10.0%)  ok=19980 fail=0  elapsed=17222s  eta=155168s
progress: 20000/200000 (10.0%)  ok=20000 fail=0  elapsed=17239s  eta=155155s
progress: 20020/200000 (10.0%)  ok=20020 fail=0  elapsed=17257s  eta=155139s
progress: 20040/200000 (10.0%)  ok=20040 fail=0  elapsed=17274s  eta=155121s
progress: 20060/200000 (10.0%)  ok=20060 fail=0  elapsed=17292s  eta=155110s
progress: 20080/200000 (10.0%)  ok=20080 fail=0  elapsed=17309s  eta=155090s
progress: 20100/200000 (10.1%)  ok=20100 fail=0  elapsed=17326s  eta=155071s
progress: 20120/200000 (10.1%)  ok=20120 fail=0  elapsed=17344s  eta=155058s
progress: 20140/200000 (10.1%)  ok=20140 fail=0  elapsed=17360s  eta=155030s
progress: 20160/200000 (10.1%)  ok=20160 fail=0  elapsed=17377s  eta=155017s
progress: 20180/200000 (10.1%)  ok=20180 fail=0  elapsed=17394s  eta=154997s
progress: 20200/200000 (10.1%)  ok=20200 fail=0  elapsed=17412s  eta=154983s
progress: 20220/200000 (10.1%)  ok=20220 fail=0  elapsed=17429s  eta=154961s
progress: 20240/200000 (10.1%)  ok=20240 fail=0  elapsed=17446s  eta=154944s
progress: 20260/200000 (10.1%)  ok=20260 fail=0  elapsed=17464s  eta=154931s
progress: 20280/200000 (10.1%)  ok=20280 fail=0  elapsed=17481s  eta=154917s
progress: 20300/200000 (10.2%)  ok=20300 fail=0  elapsed=17498s  eta=154899s
progress: 20320/200000 (10.2%)  ok=20320 fail=0  elapsed=17516s  eta=154889s
progress: 20340/200000 (10.2%)  ok=20340 fail=0  elapsed=17532s  eta=154861s
progress: 20360/200000 (10.2%)  ok=20360 fail=0  elapsed=17551s  eta=154855s
progress: 20380/200000 (10.2%)  ok=20380 fail=0  elapsed=17568s  eta=154835s
progress: 20400/200000 (10.2%)  ok=20400 fail=0  elapsed=17584s  eta=154812s
progress: 20420/200000 (10.2%)  ok=20420 fail=0  elapsed=17603s  eta=154804s
progress: 20440/200000 (10.2%)  ok=20440 fail=0  elapsed=17619s  eta=154780s
progress: 20460/200000 (10.2%)  ok=20460 fail=0  elapsed=17636s  eta=154759s
progress: 20480/200000 (10.2%)  ok=20480 fail=0  elapsed=17653s  eta=154737s
progress: 20500/200000 (10.2%)  ok=20500 fail=0  elapsed=17669s  eta=154708s
progress: 20520/200000 (10.3%)  ok=20520 fail=0  elapsed=17685s  eta=154682s
progress: 20540/200000 (10.3%)  ok=20540 fail=0  elapsed=17702s  eta=154664s
progress: 20560/200000 (10.3%)  ok=20560 fail=0  elapsed=17720s  eta=154654s
progress: 20580/200000 (10.3%)  ok=20580 fail=0  elapsed=17737s  eta=154635s
progress: 20600/200000 (10.3%)  ok=20600 fail=0  elapsed=17754s  eta=154614s
progress: 20620/200000 (10.3%)  ok=20620 fail=0  elapsed=17770s  eta=154585s
progress: 20640/200000 (10.3%)  ok=20640 fail=0  elapsed=17787s  eta=154564s
progress: 20660/200000 (10.3%)  ok=20660 fail=0  elapsed=17804s  eta=154549s
progress: 20680/200000 (10.3%)  ok=20680 fail=0  elapsed=17823s  eta=154548s
progress: 20700/200000 (10.3%)  ok=20700 fail=0  elapsed=17840s  eta=154531s
progress: 20720/200000 (10.4%)  ok=20720 fail=0  elapsed=17857s  eta=154508s
progress: 20740/200000 (10.4%)  ok=20740 fail=0  elapsed=17875s  eta=154499s
progress: 20760/200000 (10.4%)  ok=20760 fail=0  elapsed=17893s  eta=154487s
progress: 20780/200000 (10.4%)  ok=20780 fail=0  elapsed=17911s  eta=154476s
progress: 20800/200000 (10.4%)  ok=20800 fail=0  elapsed=17928s  eta=154460s
progress: 20820/200000 (10.4%)  ok=20820 fail=0  elapsed=17946s  eta=154444s
progress: 20840/200000 (10.4%)  ok=20840 fail=0  elapsed=17964s  eta=154432s
progress: 20860/200000 (10.4%)  ok=20860 fail=0  elapsed=17981s  eta=154416s
progress: 20880/200000 (10.4%)  ok=20880 fail=0  elapsed=17998s  eta=154397s
progress: 20900/200000 (10.4%)  ok=20900 fail=0  elapsed=18016s  eta=154382s
progress: 20920/200000 (10.5%)  ok=20920 fail=0  elapsed=18033s  eta=154363s
progress: 20940/200000 (10.5%)  ok=20940 fail=0  elapsed=18050s  eta=154349s
progress: 20960/200000 (10.5%)  ok=20960 fail=0  elapsed=18069s  eta=154349s
progress: 20980/200000 (10.5%)  ok=20980 fail=0  elapsed=18089s  eta=154349s
progress: 21000/200000 (10.5%)  ok=21000 fail=0  elapsed=18105s  eta=154322s
progress: 21020/200000 (10.5%)  ok=21020 fail=0  elapsed=18122s  eta=154302s
progress: 21040/200000 (10.5%)  ok=21040 fail=0  elapsed=18139s  eta=154287s
progress: 21060/200000 (10.5%)  ok=21060 fail=0  elapsed=18156s  eta=154268s
progress: 21080/200000 (10.5%)  ok=21080 fail=0  elapsed=18173s  eta=154246s
progress: 21100/200000 (10.5%)  ok=21100 fail=0  elapsed=18190s  eta=154225s
progress: 21120/200000 (10.6%)  ok=21120 fail=0  elapsed=18207s  eta=154206s
progress: 21140/200000 (10.6%)  ok=21140 fail=0  elapsed=18223s  eta=154180s
progress: 21160/200000 (10.6%)  ok=21160 fail=0  elapsed=18240s  eta=154163s
progress: 21180/200000 (10.6%)  ok=21180 fail=0  elapsed=18256s  eta=154136s
progress: 21200/200000 (10.6%)  ok=21200 fail=0  elapsed=18273s  eta=154111s
progress: 21220/200000 (10.6%)  ok=21220 fail=0  elapsed=18290s  eta=154095s
progress: 21240/200000 (10.6%)  ok=21240 fail=0  elapsed=18308s  eta=154083s
progress: 21260/200000 (10.6%)  ok=21260 fail=0  elapsed=18326s  eta=154071s
progress: 21280/200000 (10.6%)  ok=21280 fail=0  elapsed=18343s  eta=154050s
progress: 21300/200000 (10.7%)  ok=21300 fail=0  elapsed=18360s  eta=154034s
progress: 21320/200000 (10.7%)  ok=21320 fail=0  elapsed=18378s  eta=154021s
progress: 21340/200000 (10.7%)  ok=21340 fail=0  elapsed=18394s  eta=154000s
progress: 21360/200000 (10.7%)  ok=21360 fail=0  elapsed=18411s  eta=153979s
progress: 21380/200000 (10.7%)  ok=21380 fail=0  elapsed=18429s  eta=153969s
progress: 21400/200000 (10.7%)  ok=21400 fail=0  elapsed=18446s  eta=153951s
progress: 21420/200000 (10.7%)  ok=21420 fail=0  elapsed=18464s  eta=153933s
progress: 21440/200000 (10.7%)  ok=21440 fail=0  elapsed=18481s  eta=153918s
progress: 21460/200000 (10.7%)  ok=21460 fail=0  elapsed=18499s  eta=153906s
progress: 21480/200000 (10.7%)  ok=21480 fail=0  elapsed=18517s  eta=153895s
progress: 21500/200000 (10.8%)  ok=21500 fail=0  elapsed=18534s  eta=153875s
progress: 21520/200000 (10.8%)  ok=21520 fail=0  elapsed=18551s  eta=153855s
progress: 21540/200000 (10.8%)  ok=21540 fail=0  elapsed=18567s  eta=153831s
progress: 21560/200000 (10.8%)  ok=21560 fail=0  elapsed=18584s  eta=153813s
progress: 21580/200000 (10.8%)  ok=21580 fail=0  elapsed=18603s  eta=153808s
progress: 21600/200000 (10.8%)  ok=21600 fail=0  elapsed=18619s  eta=153783s
progress: 21620/200000 (10.8%)  ok=21620 fail=0  elapsed=18637s  eta=153767s
progress: 21640/200000 (10.8%)  ok=21640 fail=0  elapsed=18656s  eta=153764s
progress: 21660/200000 (10.8%)  ok=21660 fail=0  elapsed=18674s  eta=153754s
progress: 21680/200000 (10.8%)  ok=21680 fail=0  elapsed=18691s  eta=153736s
progress: 21700/200000 (10.8%)  ok=21700 fail=0  elapsed=18708s  eta=153713s
progress: 21720/200000 (10.9%)  ok=21720 fail=0  elapsed=18725s  eta=153699s
progress: 21740/200000 (10.9%)  ok=21740 fail=0  elapsed=18744s  eta=153696s
progress: 21760/200000 (10.9%)  ok=21760 fail=0  elapsed=18763s  eta=153689s
progress: 21780/200000 (10.9%)  ok=21780 fail=0  elapsed=18781s  eta=153679s
progress: 21800/200000 (10.9%)  ok=21800 fail=0  elapsed=18799s  eta=153666s
progress: 21820/200000 (10.9%)  ok=21820 fail=0  elapsed=18816s  eta=153650s
progress: 21840/200000 (10.9%)  ok=21840 fail=0  elapsed=18836s  eta=153654s
progress: 21860/200000 (10.9%)  ok=21860 fail=0  elapsed=18855s  eta=153648s
progress: 21880/200000 (10.9%)  ok=21880 fail=0  elapsed=18871s  eta=153625s
progress: 21900/200000 (10.9%)  ok=21900 fail=0  elapsed=18888s  eta=153609s
progress: 21920/200000 (11.0%)  ok=21920 fail=0  elapsed=18906s  eta=153593s
progress: 21940/200000 (11.0%)  ok=21940 fail=0  elapsed=18924s  eta=153582s
progress: 21960/200000 (11.0%)  ok=21960 fail=0  elapsed=18941s  eta=153566s
progress: 21980/200000 (11.0%)  ok=21980 fail=0  elapsed=18959s  eta=153549s
progress: 22000/200000 (11.0%)  ok=22000 fail=0  elapsed=18975s  eta=153526s
progress: 22020/200000 (11.0%)  ok=22020 fail=0  elapsed=18991s  eta=153500s
progress: 22040/200000 (11.0%)  ok=22040 fail=0  elapsed=19008s  eta=153479s
progress: 22060/200000 (11.0%)  ok=22060 fail=0  elapsed=19025s  eta=153459s
progress: 22080/200000 (11.0%)  ok=22080 fail=0  elapsed=19042s  eta=153438s
progress: 22100/200000 (11.1%)  ok=22100 fail=0  elapsed=19060s  eta=153430s
progress: 22120/200000 (11.1%)  ok=22120 fail=0  elapsed=19077s  eta=153413s
progress: 22140/200000 (11.1%)  ok=22140 fail=0  elapsed=19096s  eta=153407s
progress: 22160/200000 (11.1%)  ok=22160 fail=0  elapsed=19114s  eta=153394s
progress: 22180/200000 (11.1%)  ok=22180 fail=0  elapsed=19132s  eta=153386s
progress: 22200/200000 (11.1%)  ok=22200 fail=0  elapsed=19150s  eta=153373s
progress: 22220/200000 (11.1%)  ok=22220 fail=0  elapsed=19168s  eta=153357s
progress: 22240/200000 (11.1%)  ok=22240 fail=0  elapsed=19185s  eta=153340s
progress: 22260/200000 (11.1%)  ok=22260 fail=0  elapsed=19203s  eta=153329s
progress: 22280/200000 (11.1%)  ok=22280 fail=0  elapsed=19221s  eta=153317s
progress: 22300/200000 (11.2%)  ok=22300 fail=0  elapsed=19238s  eta=153297s
progress: 22320/200000 (11.2%)  ok=22320 fail=0  elapsed=19256s  eta=153285s
progress: 22340/200000 (11.2%)  ok=22340 fail=0  elapsed=19273s  eta=153269s
progress: 22360/200000 (11.2%)  ok=22360 fail=0  elapsed=19290s  eta=153253s
progress: 22380/200000 (11.2%)  ok=22380 fail=0  elapsed=19309s  eta=153245s
progress: 22400/200000 (11.2%)  ok=22400 fail=0  elapsed=19326s  eta=153225s
progress: 22420/200000 (11.2%)  ok=22420 fail=0  elapsed=19343s  eta=153207s
progress: 22440/200000 (11.2%)  ok=22440 fail=0  elapsed=19359s  eta=153184s
progress: 22460/200000 (11.2%)  ok=22460 fail=0  elapsed=19376s  eta=153163s
progress: 22480/200000 (11.2%)  ok=22480 fail=0  elapsed=19394s  eta=153149s
progress: 22500/200000 (11.2%)  ok=22500 fail=0  elapsed=19412s  eta=153139s
progress: 22520/200000 (11.3%)  ok=22520 fail=0  elapsed=19429s  eta=153122s
progress: 22540/200000 (11.3%)  ok=22540 fail=0  elapsed=19446s  eta=153103s
progress: 22560/200000 (11.3%)  ok=22560 fail=0  elapsed=19464s  eta=153091s
progress: 22580/200000 (11.3%)  ok=22580 fail=0  elapsed=19482s  eta=153076s
progress: 22600/200000 (11.3%)  ok=22600 fail=0  elapsed=19498s  eta=153051s
progress: 22620/200000 (11.3%)  ok=22620 fail=0  elapsed=19515s  eta=153034s
progress: 22640/200000 (11.3%)  ok=22640 fail=0  elapsed=19533s  eta=153018s
progress: 22660/200000 (11.3%)  ok=22660 fail=0  elapsed=19550s  eta=153000s
progress: 22680/200000 (11.3%)  ok=22680 fail=0  elapsed=19567s  eta=152980s
progress: 22700/200000 (11.3%)  ok=22700 fail=0  elapsed=19583s  eta=152955s
progress: 22720/200000 (11.4%)  ok=22720 fail=0  elapsed=19600s  eta=152939s
progress: 22740/200000 (11.4%)  ok=22740 fail=0  elapsed=19618s  eta=152922s
progress: 22760/200000 (11.4%)  ok=22760 fail=0  elapsed=19636s  eta=152910s
progress: 22780/200000 (11.4%)  ok=22780 fail=0  elapsed=19653s  eta=152891s
progress: 22800/200000 (11.4%)  ok=22800 fail=0  elapsed=19669s  eta=152870s
progress: 22820/200000 (11.4%)  ok=22820 fail=0  elapsed=19686s  eta=152844s
progress: 22840/200000 (11.4%)  ok=22840 fail=0  elapsed=19704s  eta=152833s
progress: 22860/200000 (11.4%)  ok=22860 fail=0  elapsed=19720s  eta=152808s
progress: 22880/200000 (11.4%)  ok=22880 fail=0  elapsed=19737s  eta=152790s
progress: 22900/200000 (11.5%)  ok=22900 fail=0  elapsed=19755s  eta=152775s
progress: 22920/200000 (11.5%)  ok=22920 fail=0  elapsed=19771s  eta=152752s
progress: 22940/200000 (11.5%)  ok=22940 fail=0  elapsed=19787s  eta=152725s
progress: 22960/200000 (11.5%)  ok=22960 fail=0  elapsed=19805s  eta=152709s
progress: 22980/200000 (11.5%)  ok=22980 fail=0  elapsed=19822s  eta=152696s
progress: 23000/200000 (11.5%)  ok=23000 fail=0  elapsed=19839s  eta=152671s
progress: 23020/200000 (11.5%)  ok=23020 fail=0  elapsed=19856s  eta=152651s
progress: 23040/200000 (11.5%)  ok=23040 fail=0  elapsed=19872s  eta=152631s
progress: 23060/200000 (11.5%)  ok=23060 fail=0  elapsed=19890s  eta=152613s
progress: 23080/200000 (11.5%)  ok=23080 fail=0  elapsed=19908s  eta=152605s
progress: 23100/200000 (11.6%)  ok=23100 fail=0  elapsed=19924s  eta=152579s
progress: 23120/200000 (11.6%)  ok=23120 fail=0  elapsed=19942s  eta=152567s
progress: 23140/200000 (11.6%)  ok=23140 fail=0  elapsed=19959s  eta=152545s
progress: 23160/200000 (11.6%)  ok=23160 fail=0  elapsed=19975s  eta=152523s
progress: 23180/200000 (11.6%)  ok=23180 fail=0  elapsed=19993s  eta=152507s
progress: 23200/200000 (11.6%)  ok=23200 fail=0  elapsed=20010s  eta=152490s
progress: 23220/200000 (11.6%)  ok=23220 fail=0  elapsed=20027s  eta=152474s
progress: 23240/200000 (11.6%)  ok=23240 fail=0  elapsed=20045s  eta=152461s
progress: 23260/200000 (11.6%)  ok=23260 fail=0  elapsed=20061s  eta=152433s
progress: 23280/200000 (11.6%)  ok=23280 fail=0  elapsed=20078s  eta=152414s
progress: 23300/200000 (11.7%)  ok=23300 fail=0  elapsed=20094s  eta=152388s
progress: 23320/200000 (11.7%)  ok=23320 fail=0  elapsed=20112s  eta=152374s
progress: 23340/200000 (11.7%)  ok=23340 fail=0  elapsed=20129s  eta=152358s
progress: 23360/200000 (11.7%)  ok=23360 fail=0  elapsed=20147s  eta=152342s
progress: 23380/200000 (11.7%)  ok=23380 fail=0  elapsed=20164s  eta=152323s
progress: 23400/200000 (11.7%)  ok=23400 fail=0  elapsed=20181s  eta=152309s
progress: 23420/200000 (11.7%)  ok=23420 fail=0  elapsed=20198s  eta=152291s
progress: 23440/200000 (11.7%)  ok=23440 fail=0  elapsed=20216s  eta=152275s
progress: 23460/200000 (11.7%)  ok=23460 fail=0  elapsed=20232s  eta=152250s
progress: 23480/200000 (11.7%)  ok=23480 fail=0  elapsed=20250s  eta=152235s
progress: 23500/200000 (11.8%)  ok=23500 fail=0  elapsed=20268s  eta=152222s
progress: 23520/200000 (11.8%)  ok=23520 fail=0  elapsed=20285s  eta=152207s
progress: 23540/200000 (11.8%)  ok=23540 fail=0  elapsed=20303s  eta=152193s
progress: 23560/200000 (11.8%)  ok=23560 fail=0  elapsed=20319s  eta=152172s
progress: 23580/200000 (11.8%)  ok=23580 fail=0  elapsed=20335s  eta=152145s
progress: 23600/200000 (11.8%)  ok=23600 fail=0  elapsed=20353s  eta=152130s
progress: 23620/200000 (11.8%)  ok=23620 fail=0  elapsed=20370s  eta=152108s
progress: 23640/200000 (11.8%)  ok=23640 fail=0  elapsed=20386s  eta=152084s
progress: 23660/200000 (11.8%)  ok=23660 fail=0  elapsed=20403s  eta=152067s
progress: 23680/200000 (11.8%)  ok=23680 fail=0  elapsed=20420s  eta=152048s
progress: 23700/200000 (11.8%)  ok=23700 fail=0  elapsed=20438s  eta=152033s
progress: 23720/200000 (11.9%)  ok=23720 fail=0  elapsed=20455s  eta=152016s
progress: 23740/200000 (11.9%)  ok=23740 fail=0  elapsed=20473s  eta=152003s
progress: 23760/200000 (11.9%)  ok=23760 fail=0  elapsed=20491s  eta=151989s
progress: 23780/200000 (11.9%)  ok=23780 fail=0  elapsed=20508s  eta=151974s
progress: 23800/200000 (11.9%)  ok=23800 fail=0  elapsed=20525s  eta=151954s
progress: 23820/200000 (11.9%)  ok=23820 fail=0  elapsed=20542s  eta=151937s
progress: 23840/200000 (11.9%)  ok=23840 fail=0  elapsed=20560s  eta=151922s
progress: 23860/200000 (11.9%)  ok=23860 fail=0  elapsed=20577s  eta=151902s
progress: 23880/200000 (11.9%)  ok=23880 fail=0  elapsed=20594s  eta=151883s
progress: 23900/200000 (11.9%)  ok=23900 fail=0  elapsed=20610s  eta=151862s
progress: 23920/200000 (12.0%)  ok=23920 fail=0  elapsed=20629s  eta=151851s
progress: 23940/200000 (12.0%)  ok=23940 fail=0  elapsed=20646s  eta=151832s
progress: 23960/200000 (12.0%)  ok=23960 fail=0  elapsed=20661s  eta=151802s
progress: 23980/200000 (12.0%)  ok=23980 fail=0  elapsed=20678s  eta=151784s
progress: 24000/200000 (12.0%)  ok=24000 fail=0  elapsed=20696s  eta=151768s
progress: 24020/200000 (12.0%)  ok=24020 fail=0  elapsed=20712s  eta=151746s
progress: 24040/200000 (12.0%)  ok=24040 fail=0  elapsed=20729s  eta=151727s
progress: 24060/200000 (12.0%)  ok=24060 fail=0  elapsed=20746s  eta=151703s
progress: 24080/200000 (12.0%)  ok=24080 fail=0  elapsed=20763s  eta=151691s
progress: 24100/200000 (12.0%)  ok=24100 fail=0  elapsed=20781s  eta=151677s
progress: 24120/200000 (12.1%)  ok=24120 fail=0  elapsed=20798s  eta=151654s
progress: 24140/200000 (12.1%)  ok=24140 fail=0  elapsed=20814s  eta=151633s
progress: 24160/200000 (12.1%)  ok=24160 fail=0  elapsed=20832s  eta=151616s
progress: 24180/200000 (12.1%)  ok=24180 fail=0  elapsed=20849s  eta=151603s
progress: 24200/200000 (12.1%)  ok=24200 fail=0  elapsed=20866s  eta=151577s
progress: 24220/200000 (12.1%)  ok=24220 fail=0  elapsed=20883s  eta=151560s
progress: 24240/200000 (12.1%)  ok=24240 fail=0  elapsed=20899s  eta=151537s
progress: 24260/200000 (12.1%)  ok=24260 fail=0  elapsed=20917s  eta=151527s
progress: 24280/200000 (12.1%)  ok=24280 fail=0  elapsed=20935s  eta=151514s
progress: 24300/200000 (12.2%)  ok=24300 fail=0  elapsed=20952s  eta=151491s
progress: 24320/200000 (12.2%)  ok=24320 fail=0  elapsed=20969s  eta=151476s
progress: 24340/200000 (12.2%)  ok=24340 fail=0  elapsed=20986s  eta=151456s
progress: 24360/200000 (12.2%)  ok=24360 fail=0  elapsed=21003s  eta=151438s
progress: 24380/200000 (12.2%)  ok=24380 fail=0  elapsed=21021s  eta=151421s
progress: 24400/200000 (12.2%)  ok=24400 fail=0  elapsed=21038s  eta=151404s
progress: 24420/200000 (12.2%)  ok=24420 fail=0  elapsed=21056s  eta=151395s
progress: 24440/200000 (12.2%)  ok=24440 fail=0  elapsed=21075s  eta=151387s
progress: 24460/200000 (12.2%)  ok=24460 fail=0  elapsed=21091s  eta=151365s
progress: 24480/200000 (12.2%)  ok=24480 fail=0  elapsed=21109s  eta=151351s
progress: 24500/200000 (12.2%)  ok=24500 fail=0  elapsed=21127s  eta=151336s
progress: 24520/200000 (12.3%)  ok=24520 fail=0  elapsed=21144s  eta=151322s
progress: 24540/200000 (12.3%)  ok=24540 fail=0  elapsed=21161s  eta=151303s
progress: 24560/200000 (12.3%)  ok=24560 fail=0  elapsed=21179s  eta=151286s
progress: 24580/200000 (12.3%)  ok=24580 fail=0  elapsed=21197s  eta=151279s
progress: 24600/200000 (12.3%)  ok=24600 fail=0  elapsed=21216s  eta=151271s
progress: 24620/200000 (12.3%)  ok=24620 fail=0  elapsed=21234s  eta=151262s
progress: 24640/200000 (12.3%)  ok=24640 fail=0  elapsed=21251s  eta=151241s
progress: 24660/200000 (12.3%)  ok=24660 fail=0  elapsed=21268s  eta=151220s
progress: 24680/200000 (12.3%)  ok=24680 fail=0  elapsed=21285s  eta=151201s
progress: 24700/200000 (12.3%)  ok=24700 fail=0  elapsed=21303s  eta=151189s
progress: 24720/200000 (12.4%)  ok=24720 fail=0  elapsed=21322s  eta=151184s
progress: 24740/200000 (12.4%)  ok=24740 fail=0  elapsed=21338s  eta=151161s
progress: 24760/200000 (12.4%)  ok=24760 fail=0  elapsed=21357s  eta=151157s
progress: 24780/200000 (12.4%)  ok=24780 fail=0  elapsed=21374s  eta=151135s
progress: 24800/200000 (12.4%)  ok=24800 fail=0  elapsed=21391s  eta=151119s
progress: 24820/200000 (12.4%)  ok=24820 fail=0  elapsed=21411s  eta=151117s
progress: 24840/200000 (12.4%)  ok=24840 fail=0  elapsed=21429s  eta=151107s
progress: 24860/200000 (12.4%)  ok=24860 fail=0  elapsed=21445s  eta=151082s
progress: 24880/200000 (12.4%)  ok=24880 fail=0  elapsed=21464s  eta=151077s
progress: 24900/200000 (12.4%)  ok=24900 fail=0  elapsed=21481s  eta=151055s
progress: 24920/200000 (12.5%)  ok=24920 fail=0  elapsed=21498s  eta=151038s
=== TIME LIMIT REACHED OR RUN COMPLETED ===
end=1786214301
completed_count=24923
